
 Start         Length     Name                   Class
 0001:00000000 000E5FA0H .text                   CODE
 0002:00000000 0000B2B4H .data                   DATA
 0002:0000B2B4 00003E3DH .bss                    BSS


Detailed map of segments

 0001:00000000 00005FAB C=CODE     S=.text    G=(none)   M=System   ACBP=A9
 0001:00005FAC 00000140 C=CODE     S=.text    G=(none)   M=SysInit  ACBP=A9
 0001:000060EC 00000108 C=CODE     S=.text    G=(none)   M=Types    ACBP=A9
 0001:000061F4 00001348 C=CODE     S=.text    G=(none)   M=Windows  ACBP=A9
 0001:0000753C 000001EC C=CODE     S=.text    G=(none)   M=madTypes ACBP=A9
 0001:00007728 00000038 C=CODE     S=.text    G=(none)   M=Messages ACBP=A9
 0001:00007760 00000F48 C=CODE     S=.text    G=(none)   M=madNVPrgrAlert ACBP=A9
 0001:000086A8 00003008 C=CODE     S=.text    G=(none)   M=madStrings ACBP=A9
 0001:0000B6B0 0000297B C=CODE     S=.text    G=(none)   M=madTools ACBP=A9
 0001:0000E02C 00006964 C=CODE     S=.text    G=(none)   M=madDisAsm ACBP=A9
 0001:00014990 00004784 C=CODE     S=.text    G=(none)   M=madZip   ACBP=A9
 0001:00019114 00000AB4 C=CODE     S=.text    G=(none)   M=madCrypt ACBP=A9
 0001:00019BC8 000048FB C=CODE     S=.text    G=(none)   M=madMapFile ACBP=A9
 0001:0001E4C4 00004524 C=CODE     S=.text    G=(none)   M=madStackTrace ACBP=A9
 0001:000229E8 00002B98 C=CODE     S=.text    G=(none)   M=madNVBitmap ACBP=A9
 0001:00025580 000066C0 C=CODE     S=.text    G=(none)   M=madNVAssistant ACBP=A9
 0001:0002BC40 00000098 C=CODE     S=.text    G=(none)   M=ActiveX  ACBP=A9
 0001:0002BCD8 00000104 C=CODE     S=.text    G=(none)   M=CommCtrl ACBP=A9
 0001:0002BDDC 00000050 C=CODE     S=.text    G=(none)   M=ShellAPI ACBP=A9
 0001:0002BE2C 00000038 C=CODE     S=.text    G=(none)   M=RegStr   ACBP=A9
 0001:0002BE64 00000038 C=CODE     S=.text    G=(none)   M=WinInet  ACBP=A9
 0001:0002BE9C 00000038 C=CODE     S=.text    G=(none)   M=UrlMon   ACBP=A9
 0001:0002BED4 00000038 C=CODE     S=.text    G=(none)   M=ShlObj   ACBP=A9
 0001:0002BF0C 00000050 C=CODE     S=.text    G=(none)   M=CommDlg  ACBP=A9
 0001:0002BF5C 00000318 C=CODE     S=.text    G=(none)   M=SysConst ACBP=A9
 0001:0002C274 000000B0 C=CODE     S=.text    G=(none)   M=WinSock  ACBP=A9
 0001:0002C324 0002898B C=CODE     S=.text    G=(none)   M=madExcept ACBP=A9
 0001:00054CB0 00000047 C=CODE     S=.text    G=(none)   M=madLinkDisAsm ACBP=A9
 0001:00054CF8 00000DDC C=CODE     S=.text    G=(none)   M=madListHardware ACBP=A9
 0001:00055AD4 00000C30 C=CODE     S=.text    G=(none)   M=madListProcesses ACBP=A9
 0001:00056704 000004BC C=CODE     S=.text    G=(none)   M=madListModules ACBP=A9
 0001:00056BC0 000068E0 C=CODE     S=.text    G=(none)   M=SysUtils ACBP=A9
 0001:0005D4A0 000007FB C=CODE     S=.text    G=(none)   M=VarUtils ACBP=A9
 0001:0005DC9C 00005B12 C=CODE     S=.text    G=(none)   M=Variants ACBP=A9
 0001:000637B0 00000120 C=CODE     S=.text    G=(none)   M=RTLConsts ACBP=A9
 0001:000638D0 000007E8 C=CODE     S=.text    G=(none)   M=TypInfo  ACBP=A9
 0001:000640B8 000097DE C=CODE     S=.text    G=(none)   M=Classes  ACBP=A9
 0001:0006D898 000002E0 C=CODE     S=.text    G=(none)   M=Consts   ACBP=A9
 0001:0006DB78 000092FF C=CODE     S=.text    G=(none)   M=Graphics ACBP=A9
 0001:00076E78 00000048 C=CODE     S=.text    G=(none)   M=Math     ACBP=A9
 0001:00076EC0 000002C0 C=CODE     S=.text    G=(none)   M=Contnrs  ACBP=A9
 0001:00077180 00000787 C=CODE     S=.text    G=(none)   M=MultiMon ACBP=A9
 0001:00077908 00000038 C=CODE     S=.text    G=(none)   M=Imm      ACBP=A9
 0001:00077940 00000FF8 C=CODE     S=.text    G=(none)   M=HelpIntfs ACBP=A9
 0001:00078938 00000038 C=CODE     S=.text    G=(none)   M=WinSpool ACBP=A9
 0001:00078970 00000044 C=CODE     S=.text    G=(none)   M=Printers ACBP=A9
 0001:000789B4 0000031F C=CODE     S=.text    G=(none)   M=FlatSB   ACBP=A9
 0001:00078CD4 000001A4 C=CODE     S=.text    G=(none)   M=SyncObjs ACBP=A9
 0001:00078E78 000009BB C=CODE     S=.text    G=(none)   M=UxTheme  ACBP=A9
 0001:00079834 00000038 C=CODE     S=.text    G=(none)   M=RichEdit ACBP=A9
 0001:0007986C 00000038 C=CODE     S=.text    G=(none)   M=ToolWin  ACBP=A9
 0001:000798A4 00000038 C=CODE     S=.text    G=(none)   M=Dlgs     ACBP=A9
 0001:000798DC 0000130D C=CODE     S=.text    G=(none)   M=Dialogs  ACBP=A9
 0001:0007ABEC 00003BA6 C=CODE     S=.text    G=(none)   M=ExtCtrls ACBP=A9
 0001:0007E794 00000038 C=CODE     S=.text    G=(none)   M=ComStrs  ACBP=A9
 0001:0007E7CC 00000094 C=CODE     S=.text    G=(none)   M=Clipbrd  ACBP=A9
 0001:0007E860 00000038 C=CODE     S=.text    G=(none)   M=StrUtils ACBP=A9
 0001:0007E898 00003821 C=CODE     S=.text    G=(none)   M=Buttons  ACBP=A9
 0001:000820BC 00000038 C=CODE     S=.text    G=(none)   M=ExtDlgs  ACBP=A9
 0001:000820F4 00000068 C=CODE     S=.text    G=(none)   M=IniFiles ACBP=A9
 0001:0008215C 00000068 C=CODE     S=.text    G=(none)   M=Registry ACBP=A9
 0001:000821C4 0000006C C=CODE     S=.text    G=(none)   M=Mapi     ACBP=A9
 0001:00082230 00000058 C=CODE     S=.text    G=(none)   M=ExtActns ACBP=A9
 0001:00082288 00000038 C=CODE     S=.text    G=(none)   M=ListActns ACBP=A9
 0001:000822C0 00000180 C=CODE     S=.text    G=(none)   M=ComCtrls ACBP=A9
 0001:00082440 00000C78 C=CODE     S=.text    G=(none)   M=Themes   ACBP=A9
 0001:000830B8 00007394 C=CODE     S=.text    G=(none)   M=StdCtrls ACBP=A9
 0001:0008A44C 00000168 C=CODE     S=.text    G=(none)   M=StdActns ACBP=A9
 0001:0008A5B4 00000D1F C=CODE     S=.text    G=(none)   M=WinHelpViewer ACBP=A9
 0001:0008B2D4 000110CF C=CODE     S=.text    G=(none)   M=Controls ACBP=A9
 0001:0009C3A4 00001292 C=CODE     S=.text    G=(none)   M=ActnList ACBP=A9
 0001:0009D638 00001B9C C=CODE     S=.text    G=(none)   M=ImgList  ACBP=A9
 0001:0009F1D4 000066AD C=CODE     S=.text    G=(none)   M=Menus    ACBP=A9
 0001:000A5884 0000C624 C=CODE     S=.text    G=(none)   M=Forms    ACBP=A9
 0001:000B1EA8 00005CCC C=CODE     S=.text    G=(none)   M=frxZLib  ACBP=A9
 0001:000B7B74 000000C8 C=CODE     S=.text    G=(none)   M=frxpnglang ACBP=A9
 0001:000B7C3C 00007768 C=CODE     S=.text    G=(none)   M=frxpngimage ACBP=A9
 0001:000BF3A4 000002C0 C=CODE     S=.text    G=(none)   M=JvResources ACBP=A9
 0001:000BF664 00000F44 C=CODE     S=.text    G=(none)   M=JvTypes  ACBP=A9
 0001:000C05A8 000003E9 C=CODE     S=.text    G=(none)   M=JclResources ACBP=A9
 0001:000C0994 000001AA C=CODE     S=.text    G=(none)   M=JclBase  ACBP=A9
 0001:000C0B40 00000038 C=CODE     S=.text    G=(none)   M=AccCtrl  ACBP=A9
 0001:000C0B78 000001F1 C=CODE     S=.text    G=(none)   M=JclWin32 ACBP=A9
 0001:000C0D6C 00000089 C=CODE     S=.text    G=(none)   M=JclLogic ACBP=A9
 0001:000C0DF8 00000089 C=CODE     S=.text    G=(none)   M=JclStringConversions ACBP=A9
 0001:000C0E84 00001681 C=CODE     S=.text    G=(none)   M=JclCharsets ACBP=A9
 0001:000C2508 00000089 C=CODE     S=.text    G=(none)   M=Jcl8087  ACBP=A9
 0001:000C2594 000000C5 C=CODE     S=.text    G=(none)   M=JclMath  ACBP=A9
 0001:000C265C 00000058 C=CODE     S=.text    G=(none)   M=ComConst ACBP=A9
 0001:000C26B4 00000E65 C=CODE     S=.text    G=(none)   M=ComObj   ACBP=A9
 0001:000C351C 0000009A C=CODE     S=.text    G=(none)   M=Snmp     ACBP=A9
 0001:000C35B8 00000038 C=CODE     S=.text    G=(none)   M=TlHelp32 ACBP=A9
 0001:000C35F0 00000038 C=CODE     S=.text    G=(none)   M=PsAPI    ACBP=A9
 0001:000C3628 00000089 C=CODE     S=.text    G=(none)   M=JclIniFiles ACBP=A9
 0001:000C36B4 00000A90 C=CODE     S=.text    G=(none)   M=JclSysInfo ACBP=A9
 0001:000C4144 0000214D C=CODE     S=.text    G=(none)   M=JclUnicode ACBP=A9
 0001:000C6294 00000089 C=CODE     S=.text    G=(none)   M=JclWideStrings ACBP=A9
 0001:000C6320 00000091 C=CODE     S=.text    G=(none)   M=JclShell ACBP=A9
 0001:000C63B4 00000089 C=CODE     S=.text    G=(none)   M=JclSecurity ACBP=A9
 0001:000C6440 00000089 C=CODE     S=.text    G=(none)   M=JclDateTime ACBP=A9
 0001:000C64CC 000002AD C=CODE     S=.text    G=(none)   M=JclFileUtils ACBP=A9
 0001:000C677C 00000089 C=CODE     S=.text    G=(none)   M=JclConsole ACBP=A9
 0001:000C6808 00000089 C=CODE     S=.text    G=(none)   M=JclStreams ACBP=A9
 0001:000C6894 00000173 C=CODE     S=.text    G=(none)   M=JclAnsiStrings ACBP=A9
 0001:000C6A08 000001A7 C=CODE     S=.text    G=(none)   M=JclStrings ACBP=A9
 0001:000C6BB0 000003F3 C=CODE     S=.text    G=(none)   M=JclRegistry ACBP=A9
 0001:000C6FA4 000003B1 C=CODE     S=.text    G=(none)   M=JclSynch ACBP=A9
 0001:000C7358 00000711 C=CODE     S=.text    G=(none)   M=JclUnitVersioning ACBP=A9
 0001:000C7A6C 00000680 C=CODE     S=.text    G=(none)   M=JclSysUtils ACBP=A9
 0001:000C80EC 00000537 C=CODE     S=.text    G=(none)   M=JvThemes ACBP=A9
 0001:000C8624 0000006C C=CODE     S=.text    G=(none)   M=JVCLVer  ACBP=A9
 0001:000C8690 000004A4 C=CODE     S=.text    G=(none)   M=JvExControls ACBP=A9
 0001:000C8B34 00000B50 C=CODE     S=.text    G=(none)   M=JvExExtCtrls ACBP=A9
 0001:000C9684 00000038 C=CODE     S=.text    G=(none)   M=JvExComCtrls ACBP=A9
 0001:000C96BC 000002B4 C=CODE     S=.text    G=(none)   M=JvExtComponent ACBP=A9
 0001:000C9970 000003B4 C=CODE     S=.text    G=(none)   M=JvHotTrackPersistent ACBP=A9
 0001:000C9D24 00000038 C=CODE     S=.text    G=(none)   M=MMSystem ACBP=A9
 0001:000C9D5C 0000028C C=CODE     S=.text    G=(none)   M=JvJCLUtils ACBP=A9
 0001:000C9FE8 00000038 C=CODE     S=.text    G=(none)   M=MaskUtils ACBP=A9
 0001:000CA020 00000038 C=CODE     S=.text    G=(none)   M=Mask     ACBP=A9
 0001:000CA058 00000038 C=CODE     S=.text    G=(none)   M=Grids    ACBP=A9
 0001:000CA090 00000038 C=CODE     S=.text    G=(none)   M=JvComponentBase ACBP=A9
 0001:000CA0C8 0000021A C=CODE     S=.text    G=(none)   M=JclRTTI  ACBP=A9
 0001:000CA2E4 00000089 C=CODE     S=.text    G=(none)   M=JclMime  ACBP=A9
 0001:000CA370 00000038 C=CODE     S=.text    G=(none)   M=JvPropertyStoreEditorIntf ACBP=A9
 0001:000CA3A8 00000038 C=CODE     S=.text    G=(none)   M=JvConsts ACBP=A9
 0001:000CA3E0 00000104 C=CODE     S=.text    G=(none)   M=JvStrings ACBP=A9
 0001:000CA4E4 00000050 C=CODE     S=.text    G=(none)   M=JConsts  ACBP=A9
 0001:000CA534 000133EC C=CODE     S=.text    G=(none)   M=jpeg     ACBP=A9
 0001:000DD920 00000218 C=CODE     S=.text    G=(none)   M=JvPropertyStore ACBP=A9
 0001:000DDB38 00000038 C=CODE     S=.text    G=(none)   M=JvTranslateString ACBP=A9
 0001:000DDB70 0000005C C=CODE     S=.text    G=(none)   M=JvAppStorage ACBP=A9
 0001:000DDBCC 0000068F C=CODE     S=.text    G=(none)   M=JvJVCLUtils ACBP=A9
 0001:000DE25C 000037BC C=CODE     S=.text    G=(none)   M=JvPanel  ACBP=A9
 0001:000E1A18 00002BD0 C=CODE     S=.text    G=(none)   M=UCalcMage ACBP=A9
 0001:000E45E8 00001254 C=CODE     S=.text    G=(none)   M=uDanoFisico ACBP=A9
 0001:000E583C 0000026C C=CODE     S=.text    G=(none)   M=uMenu    ACBP=A9
 0001:000E5AA8 000004F5 C=CODE     S=.text    G=(none)   M=Menu     ACBP=A9
 0002:00000000 000000A0 C=DATA     S=.data    G=DGROUP   M=System   ACBP=A9
 0002:000000A0 00000020 C=DATA     S=.data    G=DGROUP   M=SysInit  ACBP=A9
 0002:000000C0 00000288 C=DATA     S=.data    G=DGROUP   M=madStrings ACBP=A9
 0002:00000348 00000080 C=DATA     S=.data    G=DGROUP   M=madTools ACBP=A9
 0002:000003C8 0000084D C=DATA     S=.data    G=DGROUP   M=madDisAsm ACBP=A9
 0002:00000C18 000010C4 C=DATA     S=.data    G=DGROUP   M=madZip   ACBP=A9
 0002:00001CDC 00001088 C=DATA     S=.data    G=DGROUP   M=madCrypt ACBP=A9
 0002:00002D64 00000004 C=DATA     S=.data    G=DGROUP   M=madMapFile ACBP=A9
 0002:00002D68 00000004 C=DATA     S=.data    G=DGROUP   M=madStackTrace ACBP=A9
 0002:00002D6C 0000000C C=DATA     S=.data    G=DGROUP   M=madNVAssistant ACBP=A9
 0002:00002D78 00000010 C=DATA     S=.data    G=DGROUP   M=ActiveX  ACBP=A9
 0002:00002D88 00000938 C=DATA     S=.data    G=DGROUP   M=madExcept ACBP=A9
 0002:000036C0 00000018 C=DATA     S=.data    G=DGROUP   M=madListProcesses ACBP=A9
 0002:000036D8 00000254 C=DATA     S=.data    G=DGROUP   M=SysUtils ACBP=A9
 0002:0000392C 00000008 C=DATA     S=.data    G=DGROUP   M=VarUtils ACBP=A9
 0002:00003934 0000008E C=DATA     S=.data    G=DGROUP   M=Variants ACBP=A9
 0002:000039C4 0000000C C=DATA     S=.data    G=DGROUP   M=TypInfo  ACBP=A9
 0002:000039D0 00000064 C=DATA     S=.data    G=DGROUP   M=Classes  ACBP=A9
 0002:00003A34 0000030C C=DATA     S=.data    G=DGROUP   M=Graphics ACBP=A9
 0002:00003D40 00000004 C=DATA     S=.data    G=DGROUP   M=Printers ACBP=A9
 0002:00003D44 000000B4 C=DATA     S=.data    G=DGROUP   M=Dialogs  ACBP=A9
 0002:00003DF8 0000018C C=DATA     S=.data    G=DGROUP   M=ExtCtrls ACBP=A9
 0002:00003F84 0000009E C=DATA     S=.data    G=DGROUP   M=Buttons  ACBP=A9
 0002:00004024 00000008 C=DATA     S=.data    G=DGROUP   M=IniFiles ACBP=A9
 0002:0000402C 00000008 C=DATA     S=.data    G=DGROUP   M=Registry ACBP=A9
 0002:00004034 00000008 C=DATA     S=.data    G=DGROUP   M=Mapi     ACBP=A9
 0002:0000403C 00000018 C=DATA     S=.data    G=DGROUP   M=ComCtrls ACBP=A9
 0002:00004054 00000068 C=DATA     S=.data    G=DGROUP   M=Themes   ACBP=A9
 0002:000040BC 000000BC C=DATA     S=.data    G=DGROUP   M=StdCtrls ACBP=A9
 0002:00004178 0000013C C=DATA     S=.data    G=DGROUP   M=Controls ACBP=A9
 0002:000042B4 00000020 C=DATA     S=.data    G=DGROUP   M=ImgList  ACBP=A9
 0002:000042D4 000000EC C=DATA     S=.data    G=DGROUP   M=Menus    ACBP=A9
 0002:000043C0 0000011C C=DATA     S=.data    G=DGROUP   M=Forms    ACBP=A9
 0002:000044DC 000036C0 C=DATA     S=.data    G=DGROUP   M=frxZLib  ACBP=A9
 0002:00007B9C 00000168 C=DATA     S=.data    G=DGROUP   M=frxpngimage ACBP=A9
 0002:00007D04 00000438 C=DATA     S=.data    G=DGROUP   M=JvTypes  ACBP=A9
 0002:0000813C 00000018 C=DATA     S=.data    G=DGROUP   M=JclResources ACBP=A9
 0002:00008154 00000018 C=DATA     S=.data    G=DGROUP   M=JclBase  ACBP=A9
 0002:0000816C 00000018 C=DATA     S=.data    G=DGROUP   M=JclWin32 ACBP=A9
 0002:00008184 00000018 C=DATA     S=.data    G=DGROUP   M=JclLogic ACBP=A9
 0002:0000819C 00000018 C=DATA     S=.data    G=DGROUP   M=JclStringConversions ACBP=A9
 0002:000081B4 00000908 C=DATA     S=.data    G=DGROUP   M=JclCharsets ACBP=A9
 0002:00008ABC 00000018 C=DATA     S=.data    G=DGROUP   M=Jcl8087  ACBP=A9
 0002:00008AD4 00000020 C=DATA     S=.data    G=DGROUP   M=JclMath  ACBP=A9
 0002:00008AF4 00000030 C=DATA     S=.data    G=DGROUP   M=ComObj   ACBP=A9
 0002:00008B24 00000018 C=DATA     S=.data    G=DGROUP   M=Snmp     ACBP=A9
 0002:00008B3C 00000018 C=DATA     S=.data    G=DGROUP   M=JclIniFiles ACBP=A9
 0002:00008B54 00000888 C=DATA     S=.data    G=DGROUP   M=JclSysInfo ACBP=A9
 0002:000093DC 000009F0 C=DATA     S=.data    G=DGROUP   M=JclUnicode ACBP=A9
 0002:00009DCC 00000018 C=DATA     S=.data    G=DGROUP   M=JclWideStrings ACBP=A9
 0002:00009DE4 0000001C C=DATA     S=.data    G=DGROUP   M=JclShell ACBP=A9
 0002:00009E00 00000018 C=DATA     S=.data    G=DGROUP   M=JclSecurity ACBP=A9
 0002:00009E18 00000018 C=DATA     S=.data    G=DGROUP   M=JclDateTime ACBP=A9
 0002:00009E30 00000048 C=DATA     S=.data    G=DGROUP   M=JclFileUtils ACBP=A9
 0002:00009E78 00000018 C=DATA     S=.data    G=DGROUP   M=JclConsole ACBP=A9
 0002:00009E90 00000018 C=DATA     S=.data    G=DGROUP   M=JclStreams ACBP=A9
 0002:00009EA8 0000001C C=DATA     S=.data    G=DGROUP   M=JclAnsiStrings ACBP=A9
 0002:00009EC4 00000024 C=DATA     S=.data    G=DGROUP   M=JclStrings ACBP=A9
 0002:00009EE8 000000C0 C=DATA     S=.data    G=DGROUP   M=JclRegistry ACBP=A9
 0002:00009FA8 00000018 C=DATA     S=.data    G=DGROUP   M=JclSynch ACBP=A9
 0002:00009FC0 00000025 C=DATA     S=.data    G=DGROUP   M=JclUnitVersioning ACBP=A9
 0002:00009FE8 0000002C C=DATA     S=.data    G=DGROUP   M=JclSysUtils ACBP=A9
 0002:0000A014 00000008 C=DATA     S=.data    G=DGROUP   M=JvExControls ACBP=A9
 0002:0000A01C 00000050 C=DATA     S=.data    G=DGROUP   M=JvJCLUtils ACBP=A9
 0002:0000A06C 00000018 C=DATA     S=.data    G=DGROUP   M=JclRTTI  ACBP=A9
 0002:0000A084 00000018 C=DATA     S=.data    G=DGROUP   M=JclMime  ACBP=A9
 0002:0000A09C 0000000E C=DATA     S=.data    G=DGROUP   M=JvConsts ACBP=A9
 0002:0000A0AC 0000000C C=DATA     S=.data    G=DGROUP   M=JvStrings ACBP=A9
 0002:0000A0B8 00000908 C=DATA     S=.data    G=DGROUP   M=jpeg     ACBP=A9
 0002:0000A9C0 00000048 C=DATA     S=.data    G=DGROUP   M=JvPropertyStore ACBP=A9
 0002:0000AA08 00000070 C=DATA     S=.data    G=DGROUP   M=JvJVCLUtils ACBP=A9
 0002:0000AA78 00000014 C=DATA     S=.data    G=DGROUP   M=JvPanel  ACBP=A9
 0002:0000C000 00000664 C=BSS      S=.bss     G=DGROUP   M=System   ACBP=A9
 0002:0000C664 00000010 C=BSS      S=.bss     G=DGROUP   M=SysInit  ACBP=A9
 0002:0000C674 00000004 C=BSS      S=.bss     G=DGROUP   M=Types    ACBP=A9
 0002:0000C678 00000004 C=BSS      S=.bss     G=DGROUP   M=Windows  ACBP=A9
 0002:0000C67C 00000004 C=BSS      S=.bss     G=DGROUP   M=madTypes ACBP=A9
 0002:0000C680 00000004 C=BSS      S=.bss     G=DGROUP   M=Messages ACBP=A9
 0002:0000C684 00000004 C=BSS      S=.bss     G=DGROUP   M=madNVPrgrAlert ACBP=A9
 0002:0000C688 0000000C C=BSS      S=.bss     G=DGROUP   M=madStrings ACBP=A9
 0002:0000C694 00000028 C=BSS      S=.bss     G=DGROUP   M=madTools ACBP=A9
 0002:0000C6BC 00000004 C=BSS      S=.bss     G=DGROUP   M=madDisAsm ACBP=A9
 0002:0000C6C0 00001114 C=BSS      S=.bss     G=DGROUP   M=madZip   ACBP=A9
 0002:0000D7D4 00000004 C=BSS      S=.bss     G=DGROUP   M=madCrypt ACBP=A9
 0002:0000D7D8 00000008 C=BSS      S=.bss     G=DGROUP   M=madMapFile ACBP=A9
 0002:0000D7E0 00000014 C=BSS      S=.bss     G=DGROUP   M=madStackTrace ACBP=A9
 0002:0000D7F4 00000004 C=BSS      S=.bss     G=DGROUP   M=madNVBitmap ACBP=A9
 0002:0000D7F8 00000004 C=BSS      S=.bss     G=DGROUP   M=madNVAssistant ACBP=A9
 0002:0000D7FC 00000004 C=BSS      S=.bss     G=DGROUP   M=ActiveX  ACBP=A9
 0002:0000D800 00000004 C=BSS      S=.bss     G=DGROUP   M=CommCtrl ACBP=A9
 0002:0000D804 00000004 C=BSS      S=.bss     G=DGROUP   M=ShellAPI ACBP=A9
 0002:0000D808 00000004 C=BSS      S=.bss     G=DGROUP   M=RegStr   ACBP=A9
 0002:0000D80C 00000004 C=BSS      S=.bss     G=DGROUP   M=WinInet  ACBP=A9
 0002:0000D810 00000004 C=BSS      S=.bss     G=DGROUP   M=UrlMon   ACBP=A9
 0002:0000D814 00000004 C=BSS      S=.bss     G=DGROUP   M=ShlObj   ACBP=A9
 0002:0000D818 00000004 C=BSS      S=.bss     G=DGROUP   M=CommDlg  ACBP=A9
 0002:0000D81C 00000004 C=BSS      S=.bss     G=DGROUP   M=SysConst ACBP=A9
 0002:0000D820 00000004 C=BSS      S=.bss     G=DGROUP   M=WinSock  ACBP=A9
 0002:0000D824 00000058 C=BSS      S=.bss     G=DGROUP   M=madExcept ACBP=A9
 0002:0000D87C 00000004 C=BSS      S=.bss     G=DGROUP   M=madLinkDisAsm ACBP=A9
 0002:0000D880 00000004 C=BSS      S=.bss     G=DGROUP   M=madListHardware ACBP=A9
 0002:0000D884 00000004 C=BSS      S=.bss     G=DGROUP   M=madListProcesses ACBP=A9
 0002:0000D888 00000004 C=BSS      S=.bss     G=DGROUP   M=madListModules ACBP=A9
 0002:0000D88C 00000120 C=BSS      S=.bss     G=DGROUP   M=SysUtils ACBP=A9
 0002:0000D9AC 0000005C C=BSS      S=.bss     G=DGROUP   M=VarUtils ACBP=A9
 0002:0000DA08 00000040 C=BSS      S=.bss     G=DGROUP   M=Variants ACBP=A9
 0002:0000DA48 00000004 C=BSS      S=.bss     G=DGROUP   M=RTLConsts ACBP=A9
 0002:0000DA4C 00000004 C=BSS      S=.bss     G=DGROUP   M=TypInfo  ACBP=A9
 0002:0000DA50 00000040 C=BSS      S=.bss     G=DGROUP   M=Classes  ACBP=A9
 0002:0000DA90 00000004 C=BSS      S=.bss     G=DGROUP   M=Consts   ACBP=A9
 0002:0000DA94 00000060 C=BSS      S=.bss     G=DGROUP   M=Graphics ACBP=A9
 0002:0000DAF4 00000004 C=BSS      S=.bss     G=DGROUP   M=Math     ACBP=A9
 0002:0000DAF8 00000004 C=BSS      S=.bss     G=DGROUP   M=Contnrs  ACBP=A9
 0002:0000DAFC 00000031 C=BSS      S=.bss     G=DGROUP   M=MultiMon ACBP=A9
 0002:0000DB30 00000004 C=BSS      S=.bss     G=DGROUP   M=Imm      ACBP=A9
 0002:0000DB34 00000008 C=BSS      S=.bss     G=DGROUP   M=HelpIntfs ACBP=A9
 0002:0000DB3C 00000004 C=BSS      S=.bss     G=DGROUP   M=WinSpool ACBP=A9
 0002:0000DB40 00000004 C=BSS      S=.bss     G=DGROUP   M=Printers ACBP=A9
 0002:0000DB44 00000034 C=BSS      S=.bss     G=DGROUP   M=FlatSB   ACBP=A9
 0002:0000DB78 00000004 C=BSS      S=.bss     G=DGROUP   M=SyncObjs ACBP=A9
 0002:0000DB7C 000000CC C=BSS      S=.bss     G=DGROUP   M=UxTheme  ACBP=A9
 0002:0000DC48 00000004 C=BSS      S=.bss     G=DGROUP   M=RichEdit ACBP=A9
 0002:0000DC4C 00000004 C=BSS      S=.bss     G=DGROUP   M=ToolWin  ACBP=A9
 0002:0000DC50 00000004 C=BSS      S=.bss     G=DGROUP   M=Dlgs     ACBP=A9
 0002:0000DC54 00000038 C=BSS      S=.bss     G=DGROUP   M=Dialogs  ACBP=A9
 0002:0000DC8C 00000004 C=BSS      S=.bss     G=DGROUP   M=ExtCtrls ACBP=A9
 0002:0000DC90 00000004 C=BSS      S=.bss     G=DGROUP   M=ComStrs  ACBP=A9
 0002:0000DC94 0000000C C=BSS      S=.bss     G=DGROUP   M=Clipbrd  ACBP=A9
 0002:0000DCA0 00000004 C=BSS      S=.bss     G=DGROUP   M=StrUtils ACBP=A9
 0002:0000DCA4 00000030 C=BSS      S=.bss     G=DGROUP   M=Buttons  ACBP=A9
 0002:0000DCD4 00000004 C=BSS      S=.bss     G=DGROUP   M=ExtDlgs  ACBP=A9
 0002:0000DCD8 00000004 C=BSS      S=.bss     G=DGROUP   M=IniFiles ACBP=A9
 0002:0000DCDC 00000004 C=BSS      S=.bss     G=DGROUP   M=Registry ACBP=A9
 0002:0000DCE0 00000004 C=BSS      S=.bss     G=DGROUP   M=Mapi     ACBP=A9
 0002:0000DCE4 00000009 C=BSS      S=.bss     G=DGROUP   M=ExtActns ACBP=A9
 0002:0000DCF0 00000004 C=BSS      S=.bss     G=DGROUP   M=ListActns ACBP=A9
 0002:0000DCF4 00000010 C=BSS      S=.bss     G=DGROUP   M=ComCtrls ACBP=A9
 0002:0000DD04 00000008 C=BSS      S=.bss     G=DGROUP   M=Themes   ACBP=A9
 0002:0000DD0C 00000004 C=BSS      S=.bss     G=DGROUP   M=StdCtrls ACBP=A9
 0002:0000DD10 00000004 C=BSS      S=.bss     G=DGROUP   M=StdActns ACBP=A9
 0002:0000DD14 00000014 C=BSS      S=.bss     G=DGROUP   M=WinHelpViewer ACBP=A9
 0002:0000DD28 00000080 C=BSS      S=.bss     G=DGROUP   M=Controls ACBP=A9
 0002:0000DDA8 00000004 C=BSS      S=.bss     G=DGROUP   M=ActnList ACBP=A9
 0002:0000DDAC 0000000C C=BSS      S=.bss     G=DGROUP   M=ImgList  ACBP=A9
 0002:0000DDB8 00000010 C=BSS      S=.bss     G=DGROUP   M=Menus    ACBP=A9
 0002:0000DDC8 00000020 C=BSS      S=.bss     G=DGROUP   M=Forms    ACBP=A9
 0002:0000DDE8 00000004 C=BSS      S=.bss     G=DGROUP   M=frxZLib  ACBP=A9
 0002:0000DDEC 00000004 C=BSS      S=.bss     G=DGROUP   M=frxpnglang ACBP=A9
 0002:0000DDF0 00000409 C=BSS      S=.bss     G=DGROUP   M=frxpngimage ACBP=A9
 0002:0000E1FC 00000004 C=BSS      S=.bss     G=DGROUP   M=JvResources ACBP=A9
 0002:0000E200 00000004 C=BSS      S=.bss     G=DGROUP   M=JvTypes  ACBP=A9
 0002:0000E204 00000004 C=BSS      S=.bss     G=DGROUP   M=JclResources ACBP=A9
 0002:0000E208 00000008 C=BSS      S=.bss     G=DGROUP   M=JclBase  ACBP=A9
 0002:0000E210 00000004 C=BSS      S=.bss     G=DGROUP   M=AccCtrl  ACBP=A9
 0002:0000E214 00000004 C=BSS      S=.bss     G=DGROUP   M=JclWin32 ACBP=A9
 0002:0000E218 00000004 C=BSS      S=.bss     G=DGROUP   M=JclLogic ACBP=A9
 0002:0000E21C 00000004 C=BSS      S=.bss     G=DGROUP   M=JclStringConversions ACBP=A9
 0002:0000E220 00000004 C=BSS      S=.bss     G=DGROUP   M=JclCharsets ACBP=A9
 0002:0000E224 00000004 C=BSS      S=.bss     G=DGROUP   M=Jcl8087  ACBP=A9
 0002:0000E228 00000004 C=BSS      S=.bss     G=DGROUP   M=JclMath  ACBP=A9
 0002:0000E22C 00000004 C=BSS      S=.bss     G=DGROUP   M=ComConst ACBP=A9
 0002:0000E230 00000011 C=BSS      S=.bss     G=DGROUP   M=ComObj   ACBP=A9
 0002:0000E244 00000004 C=BSS      S=.bss     G=DGROUP   M=Snmp     ACBP=A9
 0002:0000E248 00000004 C=BSS      S=.bss     G=DGROUP   M=TlHelp32 ACBP=A9
 0002:0000E24C 00000004 C=BSS      S=.bss     G=DGROUP   M=PsAPI    ACBP=A9
 0002:0000E250 00000004 C=BSS      S=.bss     G=DGROUP   M=JclIniFiles ACBP=A9
 0002:0000E254 00000010 C=BSS      S=.bss     G=DGROUP   M=JclSysInfo ACBP=A9
 0002:0000E264 00001018 C=BSS      S=.bss     G=DGROUP   M=JclUnicode ACBP=A9
 0002:0000F27C 00000004 C=BSS      S=.bss     G=DGROUP   M=JclWideStrings ACBP=A9
 0002:0000F280 00000004 C=BSS      S=.bss     G=DGROUP   M=JclShell ACBP=A9
 0002:0000F284 00000004 C=BSS      S=.bss     G=DGROUP   M=JclSecurity ACBP=A9
 0002:0000F288 00000004 C=BSS      S=.bss     G=DGROUP   M=JclDateTime ACBP=A9
 0002:0000F28C 00000004 C=BSS      S=.bss     G=DGROUP   M=JclFileUtils ACBP=A9
 0002:0000F290 00000004 C=BSS      S=.bss     G=DGROUP   M=JclConsole ACBP=A9
 0002:0000F294 00000004 C=BSS      S=.bss     G=DGROUP   M=JclStreams ACBP=A9
 0002:0000F298 00000504 C=BSS      S=.bss     G=DGROUP   M=JclAnsiStrings ACBP=A9
 0002:0000F79C 00000504 C=BSS      S=.bss     G=DGROUP   M=JclStrings ACBP=A9
 0002:0000FCA0 00000004 C=BSS      S=.bss     G=DGROUP   M=JclRegistry ACBP=A9
 0002:0000FCA4 00000004 C=BSS      S=.bss     G=DGROUP   M=JclSynch ACBP=A9
 0002:0000FCA8 00000008 C=BSS      S=.bss     G=DGROUP   M=JclUnitVersioning ACBP=A9
 0002:0000FCB0 00000008 C=BSS      S=.bss     G=DGROUP   M=JclSysUtils ACBP=A9
 0002:0000FCB8 00000008 C=BSS      S=.bss     G=DGROUP   M=JvThemes ACBP=A9
 0002:0000FCC0 00000004 C=BSS      S=.bss     G=DGROUP   M=JVCLVer  ACBP=A9
 0002:0000FCC4 00000004 C=BSS      S=.bss     G=DGROUP   M=JvExControls ACBP=A9
 0002:0000FCC8 00000004 C=BSS      S=.bss     G=DGROUP   M=JvExExtCtrls ACBP=A9
 0002:0000FCCC 00000004 C=BSS      S=.bss     G=DGROUP   M=JvExComCtrls ACBP=A9
 0002:0000FCD0 00000004 C=BSS      S=.bss     G=DGROUP   M=JvExtComponent ACBP=A9
 0002:0000FCD4 00000004 C=BSS      S=.bss     G=DGROUP   M=JvHotTrackPersistent ACBP=A9
 0002:0000FCD8 00000004 C=BSS      S=.bss     G=DGROUP   M=MMSystem ACBP=A9
 0002:0000FCDC 00000004 C=BSS      S=.bss     G=DGROUP   M=JvJCLUtils ACBP=A9
 0002:0000FCE0 00000004 C=BSS      S=.bss     G=DGROUP   M=MaskUtils ACBP=A9
 0002:0000FCE4 00000004 C=BSS      S=.bss     G=DGROUP   M=Mask     ACBP=A9
 0002:0000FCE8 00000004 C=BSS      S=.bss     G=DGROUP   M=Grids    ACBP=A9
 0002:0000FCEC 00000004 C=BSS      S=.bss     G=DGROUP   M=JvComponentBase ACBP=A9
 0002:0000FCF0 00000008 C=BSS      S=.bss     G=DGROUP   M=JclRTTI  ACBP=A9
 0002:0000FCF8 00000004 C=BSS      S=.bss     G=DGROUP   M=JclMime  ACBP=A9
 0002:0000FCFC 00000004 C=BSS      S=.bss     G=DGROUP   M=JvPropertyStoreEditorIntf ACBP=A9
 0002:0000FD00 00000004 C=BSS      S=.bss     G=DGROUP   M=JvConsts ACBP=A9
 0002:0000FD04 00000004 C=BSS      S=.bss     G=DGROUP   M=JvStrings ACBP=A9
 0002:0000FD08 00000004 C=BSS      S=.bss     G=DGROUP   M=JConsts  ACBP=A9
 0002:0000FD0C 00000004 C=BSS      S=.bss     G=DGROUP   M=jpeg     ACBP=A9
 0002:0000FD10 00000004 C=BSS      S=.bss     G=DGROUP   M=JvPropertyStore ACBP=A9
 0002:0000FD14 00000004 C=BSS      S=.bss     G=DGROUP   M=JvTranslateString ACBP=A9
 0002:0000FD18 00000009 C=BSS      S=.bss     G=DGROUP   M=JvAppStorage ACBP=A9
 0002:0000FD24 00000004 C=BSS      S=.bss     G=DGROUP   M=JvJVCLUtils ACBP=A9
 0002:0000FD28 00000004 C=BSS      S=.bss     G=DGROUP   M=JvPanel  ACBP=A9
 0002:0000FD2C 000000E8 C=BSS      S=.bss     G=DGROUP   M=UCalcMage ACBP=A9
 0002:0000FE14 00000020 C=BSS      S=.bss     G=DGROUP   M=uDanoFisico ACBP=A9
 0002:0000FE34 00000008 C=BSS      S=.bss     G=DGROUP   M=uMenu    ACBP=A9


  Address         Publics by Name

 0001:000B5CE8       ..
 0001:000D2888       ..
 0001:000CDE20       ..
 0001:000D97C0       ..
 0001:000D3C0C       ..
 0002:00007130       ..
 0001:000CC054       ..
 0002:0000A144       ..
 0001:000DCB90       ..
 0001:000D8C90       ..
 0001:000CF6D4       ..
 0001:000D0EB0       ..
 0002:0000A1D4       ..
 0002:0000A254       ..
 0001:000D0268       ..
 0001:000CCCB8       ..
 0001:000CD21C       ..
 0001:000DBB24       ..
 0002:0000A360       ..
 0001:000D3EDC       ..
 0001:000D8468       ..
 0001:000CD6E0       ..
 0002:0000A560       ..
 0002:0000A900       ..
 0001:000D73AC       ..
 0001:000D5430       ..
 0001:000DB60C       ..
 0001:000D21B0       ..
 0001:000D74BC       ..
 0001:000DACE4       ..
 0001:000B2098       ..
 0001:000D991C       ..
 0002:00004504       ..
 0001:000B2160       ..
 0002:0000450C       ..
 0001:000CFCC0       ..
 0002:0000650C       ..
 0001:000CEB48       ..
 0001:000DA65C       ..
 0002:0000A154       ..
 0002:00006560       ..
 0001:000D9E58       ..
 0001:000D3918       ..
 0002:000065B0       ..
 0002:00007004       ..
 0002:0000F290       .01
 0002:0000FCF0       .02
 0002:0000DCE0       .1
 0002:0000D800       .1
 0002:0000C674       .1
 0002:0000C688       .1
 0002:0000F280       .1
 0002:0000FD08       .1
 0002:0000C680       .1
 0002:0000C684       .1
 0002:0000DCA0       .1
 0002:0000DC90       .1
 0002:0000D87C       .1
 0002:0000D880       .1
 0002:0000D804       .1
 0002:0000FCC0       .1
 0002:0000D884       .1
 0002:0000D808       .1
 0002:0000E254       .1
 0002:0000D80C       .1
 0002:0000D810       .1
 0002:0000D814       .1
 0002:0000D818       .1
 0002:0000D81C       .1
 0002:0000D820       .1
 0002:0000D888       .1
 0002:0000DD1C       .1
 0002:0000DA90       .1
 0002:0000C694       .1
 0002:0000FD04       .1
 0002:0000E250       .1
 0002:0000E24C       .1
 0002:0000E248       .1
 0002:0000DA48       .1
 0002:0000FD00       .1
 0002:0000D7F8       .1
 0002:0000E244       .1
 0002:0000C6C0       .1
 0002:0000FCFC       .1
 0002:0000E22C       .1
 0002:0000E224       .1
 0002:0000FCF8       .1
 0002:0000DC38       .1
 0002:0000D7D4       .1
 0002:0000C66C       .1
 0002:0000E1FC       .1
 0002:0000E218       .1
 0002:0000D7F4       .1
 0002:0000E204       .1
 0002:0000DB64       .1
 0002:0000D7E0       .1
 0002:0000DDEC       .1
 0002:0000DB1C       .1
 0002:0000DC50       .1
 0002:0000DB30       .1
 0002:0000E210       .1
 0002:0000DC48       .1
 0002:0000FCE8       .11
 0002:0000DC54       .11
 0002:0000DC8C       .12
 0002:0000FCC8       .12
 0002:0000DA98       .12
 0002:0000DB34       .2
 0002:0000FD14       .2
 0002:0000DC98       .2
 0002:0000C67C       .2
 0002:0000DD04       .2
 0002:0000FE10       .2
 0002:0000F288       .2
 0002:0000DAF4       .2
 0002:0000F284       .2
 0002:0000FCEC       .2
 0002:0000FE38       .2
 0002:0000FCB8       .2
 0002:0000FE30       .2
 0002:0000FCD0       .2
 0002:0000FCE0       .2
 0002:0000DAF8       .21
 0002:0000FD18       .21
 0002:0000DB3C       .3
 0002:0000DDAC       .3
 0002:0000FCDC       .3
 0002:0000C678       .3
 0002:0000D828       .3
 0002:0000FCA0       .3
 0002:0000E214       .3
 0002:0000F798       .3
 0002:0000E220       .3
 0002:0000D7FC       .3
 0002:0000E21C       .3
 0002:0000FD0C       .3
 0002:0000DCD4       .3
 0002:0000DB40       .3
 0002:0000D99C       .35
 0002:0000DCF4       .36
 0002:0000FCD4       .4
 0002:0000E20C       .4
 0002:0000FD10       .4
 0002:0000DCA4       .4
 0002:0000F27C       .4
 0002:0000DC4C       .4
 0002:0000DDD0       .41
 0002:0000E230       .41
 0002:0000DD0C       .42
 0002:0000DA5C       .45
 0002:0000DA04       .5
 0002:0000FCE4       .5
 0002:0000DCDC       .5
 0002:0000FCA8       .5
 0002:0000C5BC       .5
 0002:0000D7D8       .5
 0002:0000C6BC       .5
 0002:0000FD28       .5
 0002:0000DB78       .6
 0002:0000DA4C       .6
 0002:0000F28C       .62
 0002:0000FCD8       .7
 0002:0000E228       .7
 0002:0000DDE8       .7
 0002:0000FCC4       .7
 0002:0000E268       .71
 0002:0000FCB4       .71
 0002:0000DD30       .72
 0002:0000DCE4       .72
 0002:0000DD10       .73
 0002:0000DCF0       .8
 0002:0000DDA8       .8
 0002:0000E200       .8
 0002:0000DCD8       .8
 0002:0000FD24       .8
 0002:0000DA28       .81
 0002:0000DDF0       .83
 0002:0000DDC0       .9
 0002:0000FC9C       .9
 0002:0000FCA4       .91
 0002:0000F294       .92
 0002:0000FCCC       .92
 0001:00001F74       @AbstractError
 0001:00002F30       @AfterConstruction
 0001:00002D5C       @AsClass
 0001:000023A4       @AStrCmp
 0001:00002F40       @BeforeDestruction
 0001:00002ADC       @BoundErr
 0001:00002DA8       @CallDynaInst
 0001:00002ED8       @ClassCreate
 0001:00002F28       @ClassDestroy
 0001:000022AC       @Close
 0001:00001C78       @Copy
 0001:000049A0       @CopyArray
 0001:00004884       @CopyRecord
 0001:00004B0C       @DispCallByIDError
 0001:0005E7C0       @DispInvokeError
 0001:00004AA8       @Dispose
 0001:00003480       @DoneExcept
 0001:000051E0       @DynArrayAddRef
 0001:000051B8       @DynArrayAsg
 0001:0000517C       @DynArrayClear
 0001:0000505C       @DynArrayCopy
 0001:0000507C       @DynArrayCopyRange
 0001:00004E7C       @DynArrayHigh
 0001:00004E74       @DynArrayLength
 0001:00005050       @DynArraySetLength
 0001:00003568       @ExceptionHandler
 0001:00001F0C       @EXP
 0001:00002414       @FillChar
 0001:00004860       @Finalize
 0001:00004774       @FinalizeArray
 0001:00004728       @FinalizeRecord
 0001:00002DC0       @FindDynaInst
 0001:000022A0       @Flush
 0001:00002AD0       @FpuInit
 0001:00002A0C       @FpuMaskInit
 0001:00001AD8       @FreeMem
 0001:00001AA8       @GetMem
 0001:00006024       @GetTls
 0001:000039F4       @Halt
 0001:00003914       @Halt0
 0001:00003054       @HandleAnyException
 0001:00003340       @HandleAutoException
 0001:00003308       @HandleFinally
 0001:00003180       @HandleOnException
 0001:000B3AD0       @inflate_fast
 0001:000B58BC       @inflate_table
 0001:00006070       @InitExe
 0001:0000471C       @Initialize
 0001:00004688       @InitializeArray
 0001:00004658       @InitializeRecord
 0001:000037BC       @InitImports
 0001:00003794       @InitResStringImports
 0001:00003770       @InitResStrings
 0001:000037E0       @InitWideStrings
 0001:00001F24       @INT
 0001:00005950       @IntfAddRef
 0001:00005920       @IntfCast
 0001:000058DC       @IntfClear
 0001:000058F4       @IntfCopy
 0001:00002D38       @IsClass
 0001:000029DC       @isNECWindows
 0001:000D72FC       @jcopy_block_row
 0001:000D72B0       @jcopy_sample_rows
 0001:000D7288       @jdiv_round_up
 0001:000D0E1C       @jinit_1pass_quantizer
 0001:000D2090       @jinit_2pass_quantizer
 0001:000DAA98       @jinit_color_converter
 0001:000D009C       @jinit_color_deconverter
 0001:000D83BC       @jinit_compress_master
 0001:000DA594       @jinit_c_coef_controller
 0001:000D9898       @jinit_c_main_controller
 0001:000D96F8       @jinit_c_master_control
 0001:000D9DB0       @jinit_c_prep_controller
 0001:000DB484       @jinit_downsampler
 0001:000D3804       @jinit_d_coef_controller
 0001:000D27A8       @jinit_d_main_controller
 0001:000D3B78       @jinit_d_post_controller
 0001:000DBAA8       @jinit_forward_dct
 0001:000CF694       @jinit_huff_decoder
 0001:000DD7EC       @jinit_huff_encoder
 0001:000CD1D4       @jinit_input_controller
 0001:000D3E60       @jinit_inverse_dct
 0001:000D712C       @jinit_marker_reader
 0001:000D8C3C       @jinit_marker_writer
 0001:000CDDE8       @jinit_master_decompress
 0001:000CCB80       @jinit_memory_mgr
 0001:000CFC40       @jinit_merged_upsampler
 0001:000CEAD4       @jinit_phuff_decoder
 0001:000DC5B4       @jinit_phuff_encoder
 0001:000D43C0       @jinit_upsampler
 0001:000D731C       @jpeg_abort
 0001:000D7394       @jpeg_alloc_huff_table
 0001:000D737C       @jpeg_alloc_quant_table
 0001:000DC864       @jpeg_fdct_float
 0001:000DC5F8       @jpeg_fdct_ifast
 0001:000CEF7C       @jpeg_fill_bit_buffer
 0001:000CCC8C       @jpeg_free_large
 0001:000CCC7C       @jpeg_free_small
 0001:000DD530       @jpeg_gen_optimal_table
 0001:000CCC84       @jpeg_get_large
 0001:000CCC74       @jpeg_get_small
 0001:000CF0C8       @jpeg_huff_decode
 0001:000D53F4       @jpeg_idct_1x1
 0001:000D5204       @jpeg_idct_2x2
 0001:000D4E50       @jpeg_idct_4x4
 0001:000D45D8       @jpeg_idct_float
 0001:000D4A1C       @jpeg_idct_ifast
 0001:000DCD20       @jpeg_make_c_derived_tbl
 0001:000CEC80       @jpeg_make_d_derived_tbl
 0001:000CCC94       @jpeg_mem_available
 0001:000CCCB0       @jpeg_mem_init
 0001:000CCCB4       @jpeg_mem_term
 0001:000CCCA0       @jpeg_open_backing_store
 0001:000D6FF8       @jpeg_resync_to_restart
 0001:000D8180       @jpeg_suppress_tables
 0001:000D7298       @jround_up
 0001:000D730C       @jzero_far
 0001:00003F48       @LStrAddRef
 0001:00003AAC       @LStrArrayClr
 0001:00003ADC       @LStrAsg
 0001:00003D60       @LStrCat
 0001:00003DA4       @LStrCat3
 0001:00003E18       @LStrCatN
 0001:00003A88       @LStrClr
 0001:00003EA4       @LStrCmp
 0001:00003FBC       @LStrCopy
 0001:00003FFC       @LStrDelete
 0001:00003D08       @LStrFromArray
 0001:00003C70       @LStrFromChar
 0001:00003C90       @LStrFromPChar
 0001:00003B78       @LStrFromPCharLen
 0001:00003CC0       @LStrFromPWChar
 0001:00003BE4       @LStrFromPWCharLen
 0001:00003CFC       @LStrFromString
 0001:00003C80       @LStrFromWChar
 0001:00003D20       @LStrFromWStr
 0001:00004044       @LStrInsert
 0001:00003B20       @LStrLAsg
 0001:00003D58       @LStrLen
 0001:0000414C       @LStrOfChar
 0001:000040A0       @LStrPos
 0001:000040E8       @LStrSetLength
 0001:00003F58       @LStrToPChar
 0001:00003D34       @LStrToString
 0001:00004A94       @New
 0001:00003B4C       @NewAnsiString
 0001:000041BC       @NewWideString
 0001:000026F0       @Pow10
 0001:00002320       @PStrCmp
 0001:00002304       @PStrNCpy
 0001:0000342C       @RaiseAgain
 0001:00003404       @RaiseExcept
 0001:00001AF8       @ReallocMem
 0001:00001FE8       @RewritText
 0001:00001F44       @ROUND
 0001:00003A00       @RunError
 0001:000026A0       @SetElem
 0001:000026C4       @SetEq
 0001:000026D8       @SetSub
 0001:00003730       @StartExe
 0001:0000031C       @strlen
 0001:00001F50       @TRUNC
 0001:000034B0       @TryFinallyExit
 0001:00003FB0       @UniqueStringA
 0001:00004C50       @ValInt64
 0001:00002434       @ValLong
 0001:00062F04       @VarAddRef
 0001:0005F0B4       @VarCast
 0001:0005EAAC       @VarClear
 0001:0000475C       @VarClr
 0001:0005EAC0       @VarClr
 0001:0005EDE8       @VarCopy
 0001:0000486C       @VarCopy
 0001:00062DE4       @VarFromBool
 0001:00062C70       @VarFromByte
 0001:00062E34       @VarFromCurr
 0001:00062D8C       @VarFromCurrency
 0001:00062DB8       @VarFromDate
 0001:00062ED8       @VarFromDisp
 0001:00062D60       @VarFromDouble
 0001:00062C14       @VarFromInt
 0001:00062D10       @VarFromInt64
 0001:00062C50       @VarFromInteger
 0001:00062EAC       @VarFromIntf
 0001:00062CB0       @VarFromLongWord
 0001:00062E48       @VarFromLStr
 0001:00062E0C       @VarFromReal
 0001:00062CD0       @VarFromShortInt
 0001:00062D3C       @VarFromSingle
 0001:00062CF0       @VarFromSmallInt
 0001:00062E20       @VarFromTDateTime
 0001:00062C90       @VarFromWord
 0001:00062E74       @VarFromWStr
 0001:0005E814       @VarNull
 0001:00060538       @VarToBoolean
 0001:0005F978       @VarToByte
 0001:000616FC       @VarToCurrency
 0001:00061194       @VarToDate
 0001:00062B68       @VarToDisp
 0001:00060A40       @VarToDouble
 0001:0005FF3C       @VarToInt64
 0001:0005F478       @VarToInteger
 0001:00062A9C       @VarToIntf
 0001:0005FBF0       @VarToLongWord
 0001:00061DB0       @VarToLStr
 0001:0005F8C8       @VarToShortInt
 0001:00060DBC       @VarToSingle
 0001:0005FA20       @VarToSmallInt
 0001:0005FB18       @VarToWord
 0001:000624D0       @VarToWStr
 0001:00004178       @Write0LString
 0001:0000254C       @WriteBytes
 0001:0000261C       @WriteLn
 0001:00004194       @WriteLString
 0001:000025A0       @WriteSpaces
 0001:00004638       @WStrAddRef
 0001:000041FC       @WStrArrayClr
 0001:00004220       @WStrAsg
 0001:00004380       @WStrCat
 0001:000043E0       @WStrCat3
 0001:00004448       @WStrCatN
 0001:000041E4       @WStrClr
 0001:00004490       @WStrCmp
 0001:00004514       @WStrCopy
 0001:00004560       @WStrDelete
 0001:00004354       @WStrFromLStr
 0001:0000424C       @WStrFromPCharLen
 0001:000042FC       @WStrFromPWChar
 0001:000042D8       @WStrFromPWCharLen
 0001:00004338       @WStrFromWArray
 0001:00004244       @WStrLAsg
 0001:00004374       @WStrLen
 0001:000045F0       @WStrSetLength
 0001:00004364       @WStrToPWChar
 0001:0000267C       @_CLenToPasStr
 0001:00002670       @_CToPasStr
 0001:00001C48       @_IOTest
 0001:00004B38       @_lldiv
 0001:00004BB4       @_llmod
 0001:00004B14       @_llmul
 0001:00004C30       @_llshl
 0001:000B6EE0       @_tr_align
 0001:000B71AC       @_tr_flush_block
 0001:000B5CEC       @_tr_init
 0001:000B6E24       @_tr_stored_block
 0001:0008E2FC       AbsMin
 0001:0005B658       AbstractErrorHandler
 0002:0000C02C       AbstractErrorProc
 0001:000C0B70       AccCtrl
 0002:0000375C       AccessMode
 0001:00001B94       AcquireExceptionObject
 0002:0000D83C       ActionHandlers
 0002:0000D840       ActionHandlersOO
 0001:0006643C       ActivateClassGroup
 0001:00006BA8       ActivateKeyboardLayout
 0002:0000DD64       ActiveDrag
 0001:0002BCD0       ActiveX
 0001:0009D60C       ActnList
 0001:0000047C       AddBlockAfter
 0002:00002D98       AddCmdLineToBugRep
 0001:000120A8       AddCodeArea
 0001:000458C0       AddColumnStr
 0002:000039D0       AddDataModule
 0001:00054D88       AddDevice
 0001:0005784C       AddExitProc
 0001:00069514       AddFinished
 0001:0001E8E4       AddFunction
 0001:0003FCFC       AddHeaderInfo
 0001:000A0E08       AddIn
 0001:0002876C       AddItem
 0001:00055B20       AddItem
 0001:0004E000       AddItem
 0001:0004B5C4       AddItem
 0001:0001338C       AddLine
 0001:0001F6F0       AddLink
 0001:000304B0       AddMEProperty
 0001:00021060       AddMinDebugInfoItem
 0001:0001E5E0       AddModule
 0001:00005734       AddModuleUnloadProc
 0001:00005744       AddModuleUnloadProc
 0001:0000CC0C       AddMsgHandler
 0001:0000CA6C       AddMsgHandler_
 0001:0006954C       AddNotFinished
 0001:0004AEE0       AddPatch
 0001:00022F04       AddPngPart
 0001:000530B0       AddPtr
 0001:00012244       AddSpecialBlock
 0001:000225F0       AddStackItem
 0001:0001FAB0       AddStackItem
 0001:00069F70       AddSubComponentsToLoaded
 0001:0007169C       AdjustColor
 0001:000E0678       AdjustColors
 0001:0007D74C       AdjustColors
 0001:000A7EB4       Adjustment
 0001:000BD3FC       AdjustRect
 0001:00006BB0       AdjustWindowRectEx
 0001:000B1F6C       adler32
 0001:00022DDC       Adler32
 0002:000043A8       Alignments
 0002:00004398       Alignments
 0002:00003E00       Alignments
 0002:00004168       Alignments
 0002:000040C4       Alignments
 0002:0000AA78       Alignments
 0001:00093968       AlignWork
 0001:000AEEAC       AlignWork
 0001:000062C0       AllocateAndInitializeSid
 0001:0006D678       AllocateHWnd
 0002:000093BC       AllocGranularity
 0001:000577F0       AllocMem
 0002:0000C5B4       AllocMemCount
 0002:0000C5B8       AllocMemSize
 0001:00076C70       AllocPatternBitmap
 0001:00005FCC       AllocTlsBuffer
 0001:0000C9DC       AllowWindowMessage
 0002:00002DE8       AmHttpServer
 0002:00002E34       AmInInit
 0002:00003564       AmInTraceProcess
 0002:00002E30       AmMeBpl
 0001:0003BB60       AmOnline
 0002:00003570       AmSyncingHandlers
 0001:000453E8       AnalyzePiece
 0002:00004184       AnchorAlign
 0002:00004178       AnimateWindowProc
 0002:00004280       AnimationStyle
 0002:0000F298       AnsiCaseMap
 0002:00009EA8       AnsiCaseMapReady
 0002:0000F598       AnsiCharTypes
 0001:00057A54       AnsiCompareStr
 0001:00057A8C       AnsiCompareText
 0001:0005809C       AnsiLastChar
 0001:00006BB8       AnsiLower
 0001:00057A20       AnsiLowerCase
 0001:0005BFB4       AnsiLowerCaseFileName
 0001:0005BF78       AnsiPos
 0002:0000E208       AnsiReplacementCharacter
 0001:000A5690       AnsiSameCaption
 0001:00057AC4       AnsiSameText
 0001:00057ADC       AnsiStrLIComp
 0001:0005C040       AnsiStrPos
 0001:0005C100       AnsiStrRScan
 0001:0005C148       AnsiStrScan
 0001:00005D68       AnsiToUtf8
 0001:000579EC       AnsiUpperCase
 0002:00003590       AntiFreezeCnt
 0002:00003598       AntiFreezeEvent
 0002:0000358C       AntiFreezeMsg
 0002:00003594       AntiFreezePause
 0002:00003584       AntiFreezeTh
 0001:000347F8       AntiFreezeThread
 0002:00003580       AntiFreezeTid
 0002:00003588       AntiFreezeWnd
 0001:00062A24       AnyToIntf
 0001:00059594       AppendChars
 0001:00059960       AppendFormat
 0001:000595F8       AppendNumber
 0001:000595D8       AppendString
 0002:0000DDC8       Application
 0002:000039E0       ApplicationHandleException
 0002:000039E8       ApplicationShowException
 0001:0001E7A8       ApproveFunction
 0001:0001E7E4       ApproveFunction
 0002:000044D4       AppVisible
 0002:0000369C       Armadillo
 0001:0005B63C       AssertErrorHandler
 0002:0000C024       AssertErrorProc
 0001:00063B80       AssignLongStr
 0001:00063F24       AssignVariant
 0001:00006BC0       AttachThreadInput
 0002:0000C60C       avail
 0002:00002D24       b64
 0002:0000A0AC       B64Table
 0001:000581E0       BackfillGetDiskFreeSpaceEx
 0001:00090E90       BackgroundClipped
 0001:0005D730       BackupVarBoolFromStr
 0001:0005D890       BackupVarBStrFromBool
 0001:0005D7B0       BackupVarBStrFromCy
 0001:0005D820       BackupVarBStrFromDate
 0001:0005D6C4       BackupVarCyFromStr
 0001:0005D658       BackupVarDateFromStr
 0001:0005D514       BackupVarI4FromStr
 0001:0005D4C0       BackupVariantChangeTypeEx
 0001:0005D580       BackupVarR4FromStr
 0001:0005D5EC       BackupVarR8FromStr
 0002:00001484       BaseDistance
 0002:00001410       BaseLength
 0002:000003D4       BcbInitExceptBlockLDTC
 0001:0005BC38       Beep
 0001:00006338       Beep
 0001:00006BC8       BeginDeferWindowPos
 0001:00066794       BeginGlobalLoading
 0001:00006BD0       BeginPaint
 0001:00003A44       BeginThread
 0001:000716A8       BetterSize
 0001:0007D03C       BevelLine
 0001:0007CF4C       BevelRect
 0001:000A1C9C       BiDiDraw
 0001:0002C274       bind
 0001:000068D0       BitBlt
 0002:00003FB0       BitBtnCaptions
 0002:0000DCA8       BitBtnGlyphs
 0002:00003FDC       BitBtnModalResults
 0002:00003F84       BitBtnResNames
 0002:00003CF4       BitCounts
 0002:00001634       BitLengthOrder
 0002:00003CEC       BitmapCanvasList
 0002:0000DAB0       BitmapImageLock
 0002:00007CB4       BitmapInfoHeader
 0002:000018B4       BitOrder
 0001:0001517C       BitReverse
 0001:00015730       BitsWindup
 0002:00007C74       BitTable
 0002:00007C30       BitTable
 0001:0005D4FC       BiUnimplemented
 0002:00003A08       BlockCode
 0002:0000C5E4       blockDescBlockList
 0002:0000C5E8       blockDescFreeList
 0002:000039C4       BooleanIdents
 0001:00009128       BooleanToChar
 0002:00003940       BooleanToStringRule
 0001:000262D0       BooleanValue
 0002:00009EE0       BoolToStr
 0001:00057F34       BoolToStr
 0001:00061B38       BoolToWStrViaOS
 0002:000040BC       BorderStyles
 0002:00003DF8       BorderStyles
 0001:000234F0       Bottom
 0001:00065754       Bounds
 0001:000061A0       Bounds
 0002:00004340       Breaks
 0001:00006BD8       BringWindowToTop
 0002:0000DAE8       BrushManager
 0002:00002DEC       BugReportHtml
 0001:00015B78       BuildBitLengthTree
 0001:000CB20C       BuildColorMap
 0001:000BE268       BuildHeader
 0001:00017500       BuildHuffmanTables
 0001:000A4470       BuildImage
 0001:000CB164       BuildPalette
 0001:000154E8       BuildTree
 0002:00003DA0       ButtonCaptions
 0002:0000400C       ButtonCount
 0002:00003D74       ButtonNames
 0002:0000AA10       ButtonNames
 0001:00082094       Buttons
 0002:000043BC       Buttons
 0002:00004160       ButtonStyles
 0002:0000DC60       ButtonWidths
 0001:000B8D34       BytesForPixels
 0001:00070E74       BytesPerScanline
 0001:000B8D28       ByteSwap
 0001:000B8D2C       ByteSwap16
 0001:000711D8       ByteSwapColors
 0001:0005BD1C       ByteToCharIndex
 0001:0005BCF4       ByteToCharLen
 0001:0005BCB8       ByteType
 0001:0005BC40       ByteTypeTest
 0002:000009C4       C3dNowLabels
 0002:0000DDB0       CachedComCtrlVer
 0002:00003670       CAdminSia
 0001:00053130       CalcCheckSum
 0001:00012C6C       CalcCodeBegin
 0001:00019E48       CalcCryptPassword
 0001:0006D5B4       CalcJmpOffset
 0001:000102BC       CalcMSize
 0001:0009B66C       CalcSplitterPos
 0001:00024FAC       CalculateArea
 0001:000250C0       CalculateRegion
 0001:0002C484       CalibrateCode
 0002:00002DE4       CalibrateData
 0001:000534A0       CalibrateModule
 0001:000535D8       CalibrateModules
 0001:00006BE0       CallNextHookEx
 0001:0005C954       CallTerminateProcs
 0001:00051DE8       CallThreadProcSafe
 0001:00006BE8       CallWindowProc
 0001:0008F334       CancelDrag
 0002:0000DAEC       CanvasList
 0002:0000DD78       CanvasList
 0002:00003D4C       Captions
 0002:0000423C       CaptureControl
 0002:0000E670       CaseMapping
 0002:0000E270       Categories
 0002:000042E0       cBooleanToItemAutoFlag
 0002:00003608       CBoundary
 0002:000009BC       Ccc
 0002:0000EE70       CCCs
 0002:00003558       CDfmHeader
 0002:00000BC8       CEmptyFunctionInfo
 0002:000035C8       CEncodeMailto
 0002:000035E8       CEncodeSmtp
 0002:000003C8       CErrorStr_InvalidCode
 0002:0000DC96       CF_COMPONENT
 0002:0000DC94       CF_PICTURE
 0002:00002E14       CGIApp_TCGIApplication_CGIHandleException
 0002:0000DA20       ChangeAnyProc
 0001:0008D860       ChangeBiDiModeAlignment
 0002:00004114       CharCases
 0002:000040E4       CharCases
 0001:00003BA8       CharFromWChar
 0001:000C6AF4       CharIsLower
 0001:000C6980       CharIsLower
 0001:000C6994       CharIsUpper
 0001:000C6B08       CharIsUpper
 0001:0005BF00       CharLength
 0001:00006BF0       CharLowerBuff
 0001:00006BF8       CharLowerBuffA
 0001:0000028C       CharNext
 0001:00006C00       CharNext
 0001:0006F664       CharsetToIdent
 0001:0005BE08       CharToByteIndex
 0001:0005BE6C       CharToByteLen
 0001:00006C08       CharToOemA
 0001:00006C10       CharUpperBuff
 0001:00006C18       CharUpperBuffA
 0001:00012308       CheckAddTarget
 0001:0002E4D4       CheckAutoBtn
 0001:00049274       CheckAutoSave
 0001:000494F4       CheckAutoStuff
 0001:00071C8C       CheckBool
 0001:00042318       CheckColDec
 0001:00014C2C       CheckDstMap
 0001:000167F4       CheckDstMap
 0001:00034AC4       CheckEMailAddress
 0001:0002FA64       CheckExceptAddr
 0001:0002F890       CheckExceptParams
 0001:0005318C       CheckFileCrc
 0001:00050310       CheckFilters
 0001:0001EE20       CheckFunctionAreas
 0001:0001133C       CheckFunctionName
 0001:0003E86C       CheckIt
 0001:00002FD0       CheckJmp
 0001:00006C20       CheckMenuItem
 0001:00042E44       CheckNcLabel
 0001:0000EDC4       CheckPrefix
 0002:000003A0       CheckProcAddress
 0001:0000FA5C       CheckRegState
 0001:00052FB0       CheckRestart
 0002:00004330       Checks
 0001:000165CC       CheckSrcMap
 0001:00014A3C       CheckSrcMap
 0001:00011510       CheckStringData
 0001:00069FAC       CheckSubComponents
 0001:0006C378       CheckSynchronize
 0001:0000F7A8       CheckTarget
 0001:000A78E8       CheckTaskWindow
 0001:00014730       CheckTryRead
 0001:0008EFE8       CheckUndock
 0001:0005BB2C       CheckWin32Version
 0002:0000DDF4       ChunkClasses
 0002:00003944       CInvalidCustomVariantType
 0002:000042E4       cItemAutoFlagToBoolean
 0002:000042DC       cItemAutoFlagToMenu
 0002:000003D8       CKernel32
 0002:000003DC       CKernelbase
 0001:0006D804       Classes
 0002:00002E10       Classes_CheckSynchronize
 0001:00066200       ClassNotFound
 0002:0000DA1C       ClearAnyProc
 0001:0006EEE4       ClearColor
 0001:000C31FC       ClearExcepInfo
 0002:00007CE4       ClearFlag
 0001:000CA17C       ClearInfoList
 0001:0002D12C       ClearTempPath
 0001:00063240       ClearVariantTypeList
 0001:00006C28       ClientToScreen
 0001:00098C10       ClientToWindow
 0002:00003CE4       ClipboardFormats
 0001:0007E808       Clipbrd
 0001:00054934       Close
 0001:000349C0       CloseAntiFreeze
 0002:00002DA0       CloseAppExitCode
 0001:00042164       CloseApplication
 0001:00022BE0       CloseBmp
 0001:00006C30       CloseClipboard
 0001:0005285C       CloseCreateThreadHook
 0001:000342F4       CloseFireHandlers
 0001:0000022C       CloseHandle
 0001:00006340       CloseHandle
 0001:00049BB4       CloseHandleExceptionThread
 0001:00052B28       CloseMessageHooks
 0001:0002C27C       closesocket
 0002:0000DB80       CloseThemeData
 0002:00002D88       CMadExceptVersionString
 0002:000003C4       CMadToolsMsgHandlerWindow
 0002:00002D64       CMapFileStreamDescriptor
 0002:0000C040       CmdLine
 0002:0000C03C       CmdShow
 0002:000042D8       cMenuAutoFlagToItem
 0002:00002EB8       CMEProperties
 0002:0000360C       CMonths
 0001:0005D508       CmpUnimplemented
 0002:0000032C       CNetMsg
 0002:0000033C       CNetMsg
 0002:00000124       CNtDll
 0002:00002E48       CNtObjAttr
 0002:00008AFC       CoAddRefServerProcess
 0002:00008AF4       CoCreateInstanceEx
 0001:000C5F84       CodePageFromLocale
 0001:00010170       CodeToHex
 0002:00008B0C       CoInitFlags
 0001:0002BC74       CoInitialize
 0002:00008AF8       CoInitializeEx
 0001:00020264       CollectPossibleStackItems
 0001:000227D4       CollectPossibleStackItems
 0001:00023FB8       ColorLookup
 0002:00003A64       Colors
 0001:0006F45C       ColorToIdent
 0002:00003E0C       ColorToPretyName
 0001:0006F44C       ColorToRGB
 0002:00007D04       ColorValues
 0001:00045868       ColumnExists
 0002:00007C14       ColumnIncrement
 0002:00007BDC       ColumnStart
 0001:000068D8       CombineRgn
 0002:00004100       ComboBoxStyles
 0002:0000E238       ComClassManagerVar
 0001:000C26AC       ComConst
 0002:0000DD00       ComCtlVersion
 0001:00082438       ComCtrls
 0002:0000DDC4       CommandPool
 0001:0002BDD4       CommCtrl
 0001:0002BF54       CommDlg
 0001:000007FC       Commit
 0002:0000C628       committedRoot
 0001:000C34C4       ComObj
 0001:000A03EC       CompareFront
 0001:0003FE5C       CompareHeaderInfo
 0001:00057954       CompareMem
 0001:00057924       CompareStr
 0001:00006348       CompareString
 0001:00006350       CompareStringA
 0001:00006358       CompareStringW
 0001:00057974       CompareText
 0001:00009244       CompareText
 0001:000C5FF8       CompareTextWin95
 0001:000C60F8       CompareTextWinNT
 0001:00057E5C       CompareWith
 0001:0004A094       CompletePhaseHandlerExists
 0001:0002D38C       CompName
 0001:0006A08C       ComponentCreated
 0001:0002146C       ComposeResult
 0002:0000F278       Compositions
 0001:000189A4       Compress
 0001:00022E3C       CompressBitmap
 0001:00015CD8       CompressBlock
 0001:000B214C       compressBound
 0001:00016078       CompressEx
 0001:000B911C       CompressZLIB
 0001:00071A4C       ComputeAldusChecksum
 0001:0007E7C4       ComStrs
 0001:0002C284       connect
 0001:0003D5AC       ConnectToServer
 0001:0006DB70       Consts
 0001:00033D50       ContainsSyncHandler
 0001:00077178       Contnrs
 0002:0000DD36       ControlAtom
 0002:0000DD3C       ControlAtomString
 0001:000AC69C       ControlHasHelp
 0001:0009C314       Controls
 0002:0000AA3C       Conversions
 0001:0005B040       ConvertAddr
 0001:000596EC       ConvertEraString
 0001:000577CC       ConvertErrorFmt
 0001:00028EA8       ConvertObject
 0001:00028B1C       ConvertProperty
 0001:00059858       ConvertYearString
 0002:000003E8       COpcodeFlags
 0002:000005E8       COpcodeFlags0f
 0002:000007E8       COpcodeFlagsEx
 0002:000009C8       COpcodeLabelIndex
 0002:00000AC8       COpcodeLabelIndex0f
 0002:000009C0       COpcodeLabels
 0001:00004E84       CopyArray
 0001:00073F14       CopyBitmap
 0001:000745DC       CopyBitmapAsMask
 0001:00015BEC       CopyBlock
 0001:000068E0       CopyEnhMetaFile
 0002:000017F8       CopyExtra
 0001:00006360       CopyFileA
 0001:00006368       CopyFileW
 0001:0008140C       CopyImage
 0001:00081E44       CopyImage
 0002:00001688       CopyLengths
 0002:00001704       CopyLiteralExtra
 0001:000071D8       CopyMemory
 0002:00001780       CopyOffsets
 0001:00074578       CopyPalette
 0001:000B9C30       CopyPalette
 0001:000DDBCC       CopyParentImage
 0001:00008FCC       CopyR
 0001:00008FA4       CopyR
 0002:00004058       Copyright
 0001:000A351C       CopyToBest
 0002:00008B00       CoReleaseServerProcess
 0002:00008B04       CoResumeClassObjects
 0002:00000348       COsDescr
 0002:00008B08       CoSuspendClassObjects
 0001:00022548       CouldBeAfterCall
 0001:0001F95C       CouldBeAfterCall
 0001:0002BC7C       CoUninitialize
 0001:0005BD78       CountChars
 0002:0000DAC8       CounterLock
 0002:00001CDC       CPArr
 0002:00003948       CRangeToType
 0001:000B2168       crc32
 0002:000018DC       crc32Tab
 0002:0000DDF8       crc_table
 0002:0000E1F8       crc_table_computed
 0002:0000A0A0       crDragAlt
 0002:000003E0       CReadProcessMemory
 0001:0005B580       CreateAssertException
 0001:0002B9E4       CreateAssistant
 0001:0005B708       CreateAVObject
 0001:00051414       CreateAVStr
 0001:000068E8       CreateBitmap
 0001:00022B24       CreateBmp
 0001:000068F0       CreateBrushIndirect
 0001:00047224       CreateButton
 0001:000B8EA8       CreateClassChunk
 0001:000068F8       CreateCompatibleBitmap
 0001:00006900       CreateCompatibleDC
 0001:0006A10C       CreateComponent
 0001:00006908       CreateDC
 0001:00006918       CreateDIBitmap
 0001:00006910       CreateDIBSection
 0001:00006370       CreateDirectoryA
 0001:00006378       CreateDirectoryW
 0001:00006380       CreateEvent
 0001:00006388       CreateFile
 0001:00000234       CreateFileA
 0001:00006390       CreateFileA
 0001:000063A0       CreateFileMapping
 0001:000063A8       CreateFileMappingA
 0001:000063B0       CreateFileMappingW
 0001:00006398       CreateFileW
 0001:00006920       CreateFont
 0001:00006928       CreateFontA
 0001:00006930       CreateFontIndirect
 0001:00006938       CreateHalftonePalette
 0001:00006C38       CreateIcon
 0001:0005B4AC       CreateInOutError
 0001:00046338       CreateListView
 0001:0002AB78       CreateMainButton
 0001:0002A830       CreateMainWindow
 0001:00006C40       CreateMenu
 0001:0007A35C       CreateMessageDialog
 0001:000063C0       CreateMutex
 0001:000C0D04       CreateMutex
 0001:000063E8       CreateMutexA
 0001:00006940       CreatePalette
 0001:00006948       CreatePen
 0001:00006950       CreatePenIndirect
 0001:00006408       CreatePipe
 0001:0002300C       CreatePng
 0001:00006C48       CreatePopupMenu
 0001:00006410       CreateProcessA
 0001:00006418       CreateProcessW
 0001:00006958       CreateRectRgn
 0001:00006960       CreateRectRgnIndirect
 0001:00006420       CreateRemoteThread
 0001:00006968       CreateSolidBrush
 0001:00071230       CreateSystemPalette
 0001:00006428       CreateThread
 0001:00000294       CreateThread
 0002:000036C8       CreateToolhelp32Snapshot
 0001:0000735C       CreateWindow
 0001:000073B4       CreateWindowA
 0001:000072AC       CreateWindowEx
 0001:00007304       CreateWindowExA
 0001:00047178       CreateWindow_
 0001:000C88D8       CreateWMMessage
 0002:00003D44       CreationControl
 0002:0000417C       CreationControl
 0002:0000093C       CRegLabels
 0002:000039B0       CRelationshipToBoolean
 0002:0000363C       CRes
 0002:0000392C       CResult
 0002:0000A0A4       crMultiDragAlt
 0002:0000A09C       crMultiDragLink
 0002:0000A0A8       crMultiDragLinkAlt
 0002:00000340       CRtlNtStatusToDosError
 0002:00000334       CRtlNtStatusToDosError
 0001:00019140       crypt2dwords
 0001:00019618       cryptBuf
 0002:00001D24       CSArr
 0002:00003754       cSimpleBoolStrs
 0002:00002E60       CsVersion
 0002:0000395C       CText
 0002:00004158       Ctl3DStyles
 0002:00004278       Ctl3DStyles
 0002:0000C620       curAlloc
 0002:0000D894       CurrencyDecimals
 0002:0000D890       CurrencyFormat
 0002:0000D88C       CurrencyString
 0001:00059580       CurrentYear
 0001:000590D0       CurrToStr
 0001:00061AC8       CurrToWStrViaOS
 0002:00004458       CursorMap
 0002:0000418C       Cursors
 0001:0008DB80       CursorToIdent
 0002:00004448       cUseAlpha
 0002:00004450       cUseColorKey
 0002:00002DD0       CustomizeSimpleMsgBox
 0001:00023B18       Cut
 0001:00045244       CutInPieces
 0002:000035A0       CValidChars
 0001:00057BB0       CvtInt
 0001:00057C1C       CvtInt64
 0002:00000344       CWinErrNr
 0002:00000338       CWinErrNr
 0002:00000330       CWinHttp
 0002:00003794       CWNear
 0002:000003E4       CWriteProcessMemory
 0002:0000D895       DateSeparator
 0001:0005A194       DateTimeToStr
 0001:0005A138       DateTimeToString
 0001:000591CC       DateTimeToTimeStamp
 0001:00061B00       DateToWStrViaOS
 0002:0000A024       Day
 0001:00059558       DayOfWeek
 0002:00003790       DCon10
 0001:00025154       DcToBmp
 0002:00003A60       DDBsOnly
 0001:0006D72C       DeallocateHWnd
 0002:00000028       DebugHook
 0001:000263D0       DecCol
 0001:00042370       DecCol
 0002:0000D893       DecimalSeparator
 0001:00019B74       Decode
 0001:00019A34       Decode
 0001:00059538       DecodeDate
 0001:000593E8       DecodeDateFully
 0001:0001C078       DecodeNameString
 0001:00059280       DecodeTime
 0001:0000B2A8       DecodeUtf8
 0001:000008BC       Decommit
 0001:00000FE8       DecommitFree
 0002:0000C5FC       decommittedRoot
 0002:0000EA70       Decompositions
 0001:000B9030       DecompressZLIB
 0001:000197E4       Decrypt
 0001:0003F974       DecryptPassword
 0001:0000B184       DecryptStr
 0001:0000ABD4       DecSepA
 0001:000AA31C       Default
 0001:000AFAE8       Default
 0002:00000020       Default8087CW
 0001:00048658       DefaultBugReportHtml
 0002:00004180       DefaultDockTreeClass
 0002:00000034       DefaultTextLineBreakStyle
 0002:0000C5C0       DefaultUserCodePage
 0002:00003CB4       DefBrushData
 0002:0000AA08       DefCompanyName
 0001:00006C78       DeferWindowPos
 0002:00003A34       DefFontData
 0001:00006C50       DefFrameProc
 0001:000B2E14       deflate
 0001:000B3240       deflateEnd
 0001:000B2874       deflateInit_
 0002:00003820       DefLongDayNames
 0002:000037D4       DefLongMonthNames
 0001:00006C58       DefMDIChildProc
 0002:00003C94       DefPenData
 0002:00003804       DefShortDayNames
 0002:000037A4       DefShortMonthNames
 0001:00006C60       DefWindowProc
 0001:00006C68       DefWindowProcA
 0001:00006C70       DefWindowProcW
 0001:00042EC0       DefWindowProcX
 0001:0000521C       DelayLoadResourceModule
 0001:000004D8       DeleteBlock
 0001:000003E8       DeleteCriticalSection
 0001:00006430       DeleteCriticalSection
 0001:00006970       DeleteDC
 0001:00006978       DeleteEnhMetaFile
 0001:00006438       DeleteFileA
 0001:00006440       DeleteFileW
 0001:00000DD0       DeleteFree
 0001:0001F7AC       DeleteLink
 0001:00006C80       DeleteMenu
 0001:00006980       DeleteObject
 0001:00089068       DeleteSelectedText
 0001:000CA158       DeleteType
 0001:0000CE14       DelMsgHandler
 0001:0000CC18       DelMsgHandler_
 0001:00030D2C       DereferenceMeSettingsBuf
 0001:00031254       DereferenceMeSettingsModule
 0001:00073AD0       DeselectBitmap
 0001:000DDB70       DestroyAppStoragePropertyEngineList
 0001:00006C88       DestroyCursor
 0001:00006C90       DestroyIcon
 0001:00081F54       DestroyLocals
 0001:00006C98       DestroyMenu
 0001:00006CA0       DestroyWindow
 0002:00002D9C       DetectConsole
 0001:000BE2FC       DetectPixelFormat
 0002:0000FE18       dFatorDano
 0001:0008AF88       DialogEnumerationTester
 0001:0007ABAC       Dialogs
 0002:00003CF0       DIBPalSizes
 0002:00000090       dig
 0001:000A7724       DisableTaskWindows
 0002:00002DF0       DisAsmFunc
 0001:00010380       DisAsmModRm
 0001:000C2C10       DispatchInvoke
 0001:000C31F0       DispatchInvokeError
 0001:000C8A70       DispatchIsDesignMsg
 0001:00006CA8       DispatchMessage
 0002:00002D68       DispatchMessageA
 0001:000AD97C       DispatchShortCut
 0001:000C320C       DispCall
 0001:000C32F0       DispCallByID
 0002:0000C000       DispCallByIDProc
 0001:000C311C       DispCallError
 0002:00001110       DistanceCode
 0001:000577B0       DivMod
 0001:000C8980       DlgCodesToDlgc
 0001:000C8928       DlgcToDlgCodes
 0001:000798D4       Dlgs
 0001:000AED60       DoAlign
 0001:000937F8       DoAlign
 0001:000978F0       DoCalcConstraints
 0002:0000DD6C       DockSiteList
 0001:000A413C       DoClick
 0001:00094F3C       DoControlMsg
 0001:000A76D4       DoDisableWindow
 0001:0008E914       DoDragOver
 0001:00049360       DoExceptionAutoStuff
 0001:00057810       DoExitProc
 0001:00099940       DoFindControlZone
 0001:000A7828       DoFindWindow
 0001:00099ECC       DoFindZone
 0001:00033EAC       DoFireHandlers
 0001:000999C4       DoForEach
 0001:0009B2D0       DoGetNextLimit
 0001:00013788       DoItAll
 0001:000A769C       DoneApplication
 0001:0009C03C       DoneControls
 0001:0005BA3C       DoneExceptions
 0001:000ABCF8       DoNestedActivation
 0001:0006C338       DoneThreadSynchronization
 0002:00002DC4       DontReformatExcMsg
 0002:00002DB0       DontUseProxy
 0001:000B0E04       DoOnHelp
 0001:000AEBB0       DoPosition
 0001:000933B8       DoPosition
 0001:0009A8F8       DoPrune
 0001:0007C7B0       DoRect
 0001:0009ADD0       DoSaveZone
 0001:0009AFD4       DoSetNewBounds
 0002:000039CC       DotSep
 0002:00004010       DownStyles
 0001:0009EA4C       DoWrite
 0001:000675E0       DoWrite
 0001:00071EE4       DoWrite
 0001:00072BEC       DoWrite
 0001:00094524       DoWriteDesignSize
 0001:00091F90       DoWriteIsControl
 0002:0000DD50       DragCapture
 0002:0000DD44       DragControl
 0001:0008F05C       DragDone
 0001:0008E8C4       DragFindTarget
 0001:0008E898       DragFindWindow
 0002:0000DD68       DragImageList
 0001:0008ECB4       DragInit
 0001:0008EE24       DragInitControl
 0002:0000DD4C       DragInternalObject
 0001:0008E7E0       DragMessage
 0002:0000DD48       DragObject
 0002:0000DD74       DragSave
 0002:0000DD5C       DragSaveCursor
 0002:0000DD54       DragStartPos
 0002:0000DD60       DragThreshold
 0001:0008E9E4       DragTo
 0001:000AFB24       DrawAppIcon
 0002:0000AA0C       DrawBitmap
 0001:0009A464       DrawCloseButton
 0001:00024E88       DrawCursorOnDC
 0001:000C8730       DrawDotNetControl
 0001:000C8690       DrawDotNetControl
 0001:00006CB0       DrawEdge
 0001:00006CB8       DrawFocusRect
 0001:00006CC0       DrawFrameControl
 0001:0009A4BC       DrawGrabberLine
 0001:00007D34       DrawGraphic
 0001:00006CC8       DrawIcon
 0001:00006CD0       DrawIconEx
 0002:000042B4       DrawingStyles
 0001:00042774       DrawLine
 0001:00042D24       DrawLineEx
 0001:00006CD8       DrawMenuBar
 0001:000A54AC       DrawMenuItem
 0001:000C9F00       DrawText
 0001:00006CE0       DrawText
 0001:00006CE8       DrawTextA
 0002:0000DB84       DrawThemeBackground
 0001:000C80EC       DrawThemedBackground
 0001:000C8118       DrawThemedBackground
 0002:0000DBA8       DrawThemeEdge
 0002:0000DBAC       DrawThemeIcon
 0002:0000DC30       DrawThemeParentBackground
 0002:0000DB88       DrawThemeText
 0001:000B89EC       DrawTransparentBitmap
 0002:00002DA8       DumbStackTrace
 0001:00070CF4       DupBits
 0001:00006448       DuplicateHandle
 0001:00004E9C       DynArrayClear
 0001:00004EA4       DynArraySetLength
 0001:000507A4       Ebp
 0002:000043A0       EdgeStyle
 0002:00004268       EdgeStyles
 0002:00004148       EdgeStyles
 0001:00050860       EExternalException.Create
 0001:0005B480       EHeapException.FreeInstance
 0001:000C0C18       EJclWin32Error.CreateRes
 0001:000CA7F4       EmitMessage
 0001:00006CF0       EmptyClipboard
 0002:0000DA08       EmptyParam
 0002:000036D8       EmptyStr
 0002:000036DC       EmptyWideStr
 0001:00006CF8       EnableMenuItem
 0002:00004338       Enables
 0001:00006D00       EnableScrollBar
 0001:000A77D8       EnableTaskWindows
 0002:0000DC18       EnableThemeDialogTexture
 0002:0000DC34       EnableTheming
 0001:00006D08       EnableWindow
 0001:00019A18       Encode
 0001:000198E8       Encode
 0001:0003C0B4       EncodeStr
 0001:0000B4A4       EncodeUtf8
 0001:00006D10       EndDeferWindowPos
 0001:00006988       EndDoc
 0001:0006681C       EndGlobalLoading
 0001:00006990       EndPage
 0001:00006D18       EndPaint
 0001:000146F8       EndTryRead
 0002:0000FDE8       energyBeam
 0002:0000FDE0       energyWave
 0001:00006450       EnterCriticalSection
 0001:000003D8       EnterCriticalSection
 0001:00030A4C       EnterSettingsMutex
 0001:00006458       EnumCalendarInfoA
 0002:0000DB18       EnumDisplayMonitors
 0001:0005ACB4       EnumEraNames
 0001:0005ACF0       EnumEraYearOffsets
 0001:000AA8E0       EnumMonitorsProc
 0001:00055D0C       EnumProcesses9x
 0001:00055E58       EnumProcessesNt
 0001:00006D20       EnumThreadWindows
 0001:000698BC       EnumValue
 0001:00052DC8       EnumWindowProc
 0001:00006D28       EnumWindows
 0001:00050190       EnumWindowsProc
 0001:000C2940       EOleException.Create
 0001:000C2870       EOleSysError.Create
 0001:00006D30       EqualRect
 0002:0000D95C       EraNames
 0001:0005A40C       EraToYear
 0002:0000D978       EraYearOffsets
 0002:00000068       errCaption
 0001:00001C3C       Error
 0001:000A013C       Error
 0001:00065DA4       Error
 0001:000690A0       Error
 0002:00000004       ErrorAddr
 0001:00001BF0       ErrorAt
 0001:0000AF10       ErrorCodeToStr
 0002:000000F8       ErrorCodeToStrA
 0001:0005B52C       ErrorHandler
 0002:0000383C       ErrorMap
 0002:0000C008       ErrorProc
 0002:0000C3E8       ErrOutput
 0001:0005079C       Esp
 0001:00020C4C       EvaluateLinks
 0001:00001B68       ExceptAddr
 0002:0000C00C       ExceptClsProc
 0001:0005B9A8       ExceptHandler
 0002:0000D834       ExceptHandlers
 0002:0000D838       ExceptHandlersOO
 0001:0005B2AC       Exception.Create
 0001:0005B2E8       Exception.CreateFmt
 0001:0005B438       Exception.CreateHelp
 0001:0005B368       Exception.CreateRes
 0001:0005B3A4       Exception.CreateResFmt
 0002:0000C01C       ExceptionClass
 0001:0005B04C       ExceptionErrorMessage
 0002:0000367C       exceptionNumber
 0002:00003874       ExceptMap
 0001:00001B48       ExceptObject
 0002:0000C010       ExceptObjProc
 0002:0000C004       ExceptProc
 0001:00006998       ExcludeClipRect
 0002:00000000       ExitCode
 0001:00003858       ExitDll
 0002:0000C048       ExitProc
 0001:0000029C       ExitProcess
 0001:00006460       ExitProcess
 0002:0000C028       ExitProcessProc
 0002:00003750       ExitProcList
 0001:00006468       ExitThread
 0001:00006470       ExpandEnvironmentStringsA
 0001:000581A4       ExpandFileName
 0001:0002EF48       ExpandVars
 0001:0002E86C       ExpandVars
 0001:0000CFE0       ExportToFunc
 0001:00082280       ExtActns
 0001:0007E764       ExtCtrls
 0001:000820EC       ExtDlgs
 0002:000015E8       ExtraBitLengthBits
 0001:00040B1C       ExtractBugReportHeaderField
 0001:0002CB98       ExtractFileDrive
 0001:0005815C       ExtractFileExt
 0001:0002CB14       ExtractFileName
 0001:00058124       ExtractFileName
 0001:0002CB54       ExtractFilePath
 0001:0003FBC8       ExtractHeaderInfo
 0002:00001570       ExtraDistanceBits
 0002:000014FC       ExtraLengthBits
 0001:000069A0       ExtTextOut
 0002:0000FD80       exura
 0002:0000FD88       exuraGran
 0002:0000FD90       exuraVita
 0002:0000D998       FalseBoolStrs
 0002:00000C14       FastPageExecute
 0002:0000DC9C       FClipboard
 0002:00003784       FCon1E18
 0002:00000328       FDecSepA
 0001:00058094       FileClose
 0001:00057FFC       FileCreate
 0001:00057FD8       FileCreate
 0002:00003CE8       FileFormats
 0002:00000008       FileMode
 0001:00002030       FileNOPProc
 0001:00057F80       FileOpen
 0001:00058004       FileRead
 0002:000039F8       FilerSignature
 0001:0005805C       FileSeek
 0001:00006478       FileTimeToDosDateTime
 0001:00006480       FileTimeToLocalFileTime
 0001:00006488       FileTimeToSystemTime
 0001:0000BE6C       FileVersionToStr
 0002:00000398       FileVersionToStrA
 0001:0000BF60       FileVersionToStrW
 0001:00058030       FileWrite
 0001:00000F08       FillAfterGap
 0001:00000EA8       FillBeforeGap
 0001:0002F7E0       FillClipboard
 0001:00000FA8       FillerSizeAfterGap
 0001:00000F30       FillerSizeBeforeGap
 0001:00021184       FillFinalOutput
 0001:00030EF8       FillProps
 0001:00026600       FillRect
 0001:00006D38       FillRect
 0001:00026648       FillRect
 0001:00009D84       FillStr
 0002:000000E8       FillStrA
 0002:00004018       FillStyles
 0001:00020820       FillUpLink
 0001:00014F28       FillWindow
 0001:00008670       Finalization
 0001:000C683C       Finalization
 0001:0007AB50       Finalization
 0001:000C69A8       Finalization
 0001:000DDB38       Finalization
 0001:000DDB8C       Finalization
 0001:000DDAE8       Finalization
 0001:00025548       Finalization
 0001:000C67B0       Finalization
 0001:00007728       Finalization
 0001:000076F0       Finalization
 0001:00007504       Finalization
 0001:000DD830       Finalization
 0001:000B7B3C       Finalization
 0001:000C6F30       Finalization
 0001:000B7C04       Finalization
 0001:000C6710       Finalization
 0001:000B1E08       Finalization
 0001:000798A4       Finalization
 0001:000DE1D4       Finalization
 0001:0007986C       Finalization
 0001:000CA4FC       Finalization
 0001:00079834       Finalization
 0001:000C6474       Finalization
 0001:0007E71C       Finalization
 0001:000797C4       Finalization
 0001:00022990       Finalization
 0001:000C63E8       Finalization
 0001:000C7300       Finalization
 0001:000C6354       Finalization
 0001:0007E794       Finalization
 0001:000C7A10       Finalization
 0001:000C62C8       Finalization
 0001:0007E7CC       Finalization
 0001:000C6170       Finalization
 0001:0007E860       Finalization
 0001:000E19E0       Finalization
 0001:000C8058       Finalization
 0001:000A578C       Finalization
 0001:00078E40       Finalization
 0001:00054B14       Finalization
 0001:00054CB0       Finalization
 0001:000C85DC       Finalization
 0001:0008205C       Finalization
 0001:00078C94       Finalization
 0001:0001E434       Finalization
 0001:000C8658       Finalization
 0001:00005E84       Finalization
 0001:000820BC       Finalization
 0001:00064060       Finalization
 0001:0002BC08       Finalization
 0001:0008210C       Finalization
 0001:000060B4       Finalization
 0001:000061BC       Finalization
 0001:0002BCA0       Finalization
 0001:00082174       Finalization
 0001:000821D8       Finalization
 0001:000BF29C       Finalization
 0001:00082230       Finalization
 0001:000BF62C       Finalization
 0001:00082288       Finalization
 0001:000C40DC       Finalization
 0001:000823C0       Finalization
 0001:000C8AFC       Finalization
 0001:000C0250       Finalization
 0001:00078970       Finalization
 0001:0008306C       Finalization
 0001:000C093C       Finalization
 0001:00055A2C       Finalization
 0001:00078938       Finalization
 0001:000788F0       Finalization
 0001:000C964C       Finalization
 0001:000C0AE4       Finalization
 0001:00077908       Finalization
 0001:000C0B40       Finalization
 0001:0002BDA4       Finalization
 0001:000C9684       Finalization
 0001:000778C8       Finalization
 0001:000C0D14       Finalization
 0001:0005665C       Finalization
 0001:00056B24       Finalization
 0001:0006D754       Finalization
 0001:00019B90       Finalization
 0001:0002BDF4       Finalization
 0001:0005D2A0       Finalization
 0001:0006DB40       Finalization
 0001:000C0DA0       Finalization
 0001:0002BE2C       Finalization
 0001:000C9938       Finalization
 0001:0005DC5C       Finalization
 0001:00077148       Finalization
 0001:000190DC       Finalization
 0001:0002BE64       Finalization
 0001:000C0E2C       Finalization
 0001:00076E88       Finalization
 0001:000C9CEC       Finalization
 0001:0002BE9C       Finalization
 0001:00076CA8       Finalization
 0001:000C249C       Finalization
 0001:0000B628       Finalization
 0001:0009F19C       Finalization
 0001:00063898       Finalization
 0001:0002BED4       Finalization
 0001:000C9D24       Finalization
 0001:000CA48C       Finalization
 0001:0008A414       Finalization
 0001:0002BF24       Finalization
 0001:000C253C       Finalization
 0001:000CA3A8       Finalization
 0001:0002C23C       Finalization
 0001:000C9F30       Finalization
 0001:0006368C       Finalization
 0001:0008A57C       Finalization
 0001:000C9FE8       Finalization
 0001:0009D5DC       Finalization
 0001:0002C2EC       Finalization
 0001:000C25F0       Finalization
 0001:0009C2AC       Finalization
 0001:000C267C       Finalization
 0001:0008B200       Finalization
 0001:000CA370       Finalization
 0001:000CA318       Finalization
 0001:000CA26C       Finalization
 0001:000E45B0       Finalization
 0001:000C365C       Finalization
 0001:000CA090       Finalization
 0001:000CA058       Finalization
 0001:000CA020       Finalization
 0001:00014920       Finalization
 0001:000C35F0       Finalization
 0001:000E5804       Finalization
 0001:000C35B8       Finalization
 0001:000C3558       Finalization
 0001:000C3444       Finalization
 0001:000E5A70       Finalization
 0001:000E5AA8       Finalization
 0001:0000DFA4       Finalization
 0001:000C6B3C       Finalization
 0001:00004E94       FinalizeArray
 0001:000C3554       FinalizeSnmp
 0001:000C3BFC       FinalizeSysInfo
 0001:00003650       FinalizeUnits
 0001:000C7964       FinalizeUnitVersioning
 0001:000C8568       FinalizeWMPrintClientFix
 0001:0000CE20       FinalMsgHandler
 0001:000A3EFC       Find
 0001:0001F7FC       FindAndDeleteLink
 0001:000207BC       FindApprovedDownLink
 0001:0005332C       FindBpl
 0001:000052AC       FindBS
 0001:0005026C       FindClass
 0001:000662C0       FindClass
 0001:00005214       FindClassHInstance
 0001:00006490       FindClose
 0001:000002AC       FindClose
 0001:0001EE90       FindCodeAddrAndTarget
 0001:000132D4       FindCodeArea
 0001:00012D04       FindCodeArea
 0001:000444EC       FindColumns
 0001:00000E64       FindCommitted
 0001:0008D960       FindControl
 0001:0009A0F8       FindControlAtPos
 0001:000634E4       FindCustomVariantType
 0001:0006359C       FindCustomVariantType
 0001:0008F380       FindDragTarget
 0001:0006A2BC       FindExistingComponent
 0001:000002B4       FindFirstFile
 0001:00006498       FindFirstFileA
 0001:000064A0       FindFirstFileW
 0001:000A7934       FindGlobalComponent
 0001:000666AC       FindGlobalComponent
 0002:0000DA68       FindGlobalComponentProcs
 0001:000051EC       FindHInstance
 0001:00066554       FindIdentToInt
[...]
   517 0001:000DFC6E   519 0001:000DFC73   520 0001:000DFC7A   521 0001:000DFC86
   522 0001:000DFC89   523 0001:000DFC95   525 0001:000DFC9C   528 0001:000DFCB4
   529 0001:000DFCBA   531 0001:000DFCBF   532 0001:000DFCC6   533 0001:000DFCD2
   534 0001:000DFCD5   535 0001:000DFCE1   537 0001:000DFCE8   540 0001:000DFD0C
   541 0001:000DFD12   543 0001:000DFD17   544 0001:000DFD1E   545 0001:000DFD2A
   546 0001:000DFD2D   547 0001:000DFD39   549 0001:000DFD40   554 0001:000DFD60
   555 0001:000DFD6A   557 0001:000DFD7F   558 0001:000DFD87   560 0001:000DFD95
   561 0001:000DFDA0   562 0001:000DFDAB   563 0001:000DFDB6   564 0001:000DFDC1
   565 0001:000DFDCC   566 0001:000DFDD7   567 0001:000DFDE2   568 0001:000DFDEB
   569 0001:000DFDF6   570 0001:000DFE01   571 0001:000DFE0C   572 0001:000DFE17
   574 0001:000DFE2F   578 0001:000DFE3F   579 0001:000DFE49   584 0001:000DFE50
   585 0001:000DFE62   586 0001:000DFE6B   587 0001:000DFE8E   592 0001:000DFE94
   593 0001:000DFEAB   594 0001:000DFEB4   595 0001:000DFEC1   596 0001:000DFEC8
   597 0001:000DFECF   598 0001:000DFED6   599 0001:000DFEE0   600 0001:000DFEE7
   601 0001:000DFEF9   602 0001:000DFF04   603 0001:000DFF18   604 0001:000DFF2E
   605 0001:000DFF55   608 0001:000DFF64   609 0001:000DFF6F   610 0001:000DFF7B
   611 0001:000DFF91   614 0001:000DFF94   615 0001:000DFF9A   616 0001:000DFFA3
   618 0001:000DFFAC   619 0001:000DFFB0   623 0001:000DFFC0   624 0001:000DFFC4
   626 0001:000DFFCF   631 0001:000DFFD8   632 0001:000DFFE3   633 0001:000DFFEC
   635 0001:000DFFFB   636 0001:000E0014   638 0001:000E0056   639 0001:000E005D
   642 0001:000E0064   645 0001:000E006C   646 0001:000E0070   647 0001:000E0077
   649 0001:000E007D   650 0001:000E0086   651 0001:000E0091   653 0001:000E0098
   656 0001:000E009C   657 0001:000E009E   658 0001:000E00A2   659 0001:000E00AC
   660 0001:000E00C7   663 0001:000E00CC   664 0001:000E00CD   665 0001:000E00D7
   666 0001:000E00E7   676 0001:000E00EC   677 0001:000E00F8   679 0001:000E0105
   680 0001:000E0117   683 0001:000E011C   684 0001:000E0125   686 0001:000E0133
   688 0001:000E014B   690 0001:000E015D   691 0001:000E0169   693 0001:000E017A
   694 0001:000E0181   697 0001:000E0197   699 0001:000E01A1   688 0001:000E01A2
   702 0001:000E01A5   704 0001:000E01C5   705 0001:000E01DD   707 0001:000E01EF
   708 0001:000E020B   710 0001:000E0219   711 0001:000E022C   712 0001:000E023F
   713 0001:000E025B   714 0001:000E027F   718 0001:000E0297   719 0001:000E02A2
   720 0001:000E02C3   726 0001:000E02D9   727 0001:000E02ED   728 0001:000E0304
   729 0001:000E0310   731 0001:000E0333   732 0001:000E0346   734 0001:000E0356
   736 0001:000E0366   737 0001:000E037A   738 0001:000E038D   739 0001:000E03A7
   740 0001:000E03C1   742 0001:000E03D4   743 0001:000E03DF   744 0001:000E03EC
   745 0001:000E03F0   747 0001:000E03F4   749 0001:000E03F7   750 0001:000E03FA
   751 0001:000E03FD   752 0001:000E0400   754 0001:000E0403   756 0001:000E0414
   757 0001:000E0428   761 0001:000E043D   764 0001:000E0449   765 0001:000E0455
   768 0001:000E0465   769 0001:000E0477   776 0001:000E0525   777 0001:000E053B
   778 0001:000E054E   779 0001:000E0564   780 0001:000E057B   781 0001:000E058E
   782 0001:000E05AD   786 0001:000E05CC   787 0001:000E05E2   788 0001:000E05F9
   789 0001:000E060F   793 0001:000E0633   795 0001:000E0644   803 0001:000E0678
   804 0001:000E067B   805 0001:000E0685   806 0001:000E0689   807 0001:000E0693
   808 0001:000E069D   809 0001:000E06A1   810 0001:000E06AB   812 0001:000E06B0
   813 0001:000E06B9   814 0001:000E06C3   816 0001:000E06CD   817 0001:000E06D4
   819 0001:000E06F0   820 0001:000E070B   822 0001:000E0715   823 0001:000E071C
   825 0001:000E0738   828 0001:000E0740   829 0001:000E0741   830 0001:000E0750
   840 0001:000E0754   843 0001:000E077A   845 0001:000E078E   846 0001:000E07AB
   848 0001:000E07BD   850 0001:000E07C7   851 0001:000E07D6   852 0001:000E07E0
   853 0001:000E07EA   854 0001:000E0805   855 0001:000E080A   856 0001:000E0813
   857 0001:000E081C   858 0001:000E0825   859 0001:000E082E   860 0001:000E0843
   861 0001:000E0864   863 0001:000E086F   865 0001:000E0899   866 0001:000E08C2
   868 0001:000E08D2   871 0001:000E08FF   873 0001:000E0928   874 0001:000E0933
   876 0001:000E0940   877 0001:000E0949   878 0001:000E0958   881 0001:000E099D
   884 0001:000E09A4   885 0001:000E09A7   886 0001:000E09AE   887 0001:000E09B5
   893 0001:000E09B8   894 0001:000E09BF   897 0001:000E09C5   899 0001:000E09DD
   900 0001:000E09EB   902 0001:000E0A1D   903 0001:000E0A26   904 0001:000E0A2A
   907 0001:000E0A36   908 0001:000E0A3F   914 0001:000E0A44   915 0001:000E0A4B
   917 0001:000E0A55   918 0001:000E0A63   920 0001:000E0A7B   922 0001:000E0AAD
   924 0001:000E0AB6   925 0001:000E0ABF   927 0001:000E0AC6   928 0001:000E0ACA
   931 0001:000E0AD6   932 0001:000E0ADF   936 0001:000E0AE4   938 0001:000E0AF6
   939 0001:000E0B03   941 0001:000E0B13   945 0001:000E0B14   946 0001:000E0B23
   947 0001:000E0B38   951 0001:000E0B3C   953 0001:000E0B44   954 0001:000E0B4A
   956 0001:000E0B4F   960 0001:000E0B50   962 0001:000E0B58   963 0001:000E0B5E
   965 0001:000E0B63   969 0001:000E0B64   971 0001:000E0B6C   972 0001:000E0B72
   974 0001:000E0B77   985 0001:000E0B78   987 0001:000E0B81   988 0001:000E0B86
   991 0001:000E0B89   992 0001:000E0B8E   996 0001:000E0B90   998 0001:000E0B98
   999 0001:000E0B9E  1001 0001:000E0BA3  1004 0001:000E0BA4  1005 0001:000E0BA7
  1006 0001:000E0BAE  1007 0001:000E0BB5  1010 0001:000E0BB8  1011 0001:000E0BBE
  1013 0001:000E0BC6  1014 0001:000E0BD8  1015 0001:000E0BE1  1016 0001:000E0BE7
  1018 0001:000E0BEE  1022 0001:000E0BF4  1023 0001:000E0C0B  1025 0001:000E0C36
  1026 0001:000E0C3D  1027 0001:000E0C5B  1028 0001:000E0C64  1031 0001:000E0C6D
  1032 0001:000E0C7C  1039 0001:000E0C88  1040 0001:000E0C99  1042 0001:000E0CB3
  1043 0001:000E0CBD  1044 0001:000E0CCC  1045 0001:000E0CDB  1047 0001:000E0CED
  1048 0001:000E0CFB  1049 0001:000E0CFD  1050 0001:000E0D0B  1051 0001:000E0D0D
  1052 0001:000E0D1B  1053 0001:000E0D1D  1054 0001:000E0D2B  1055 0001:000E0D2D
  1056 0001:000E0D31  1058 0001:000E0D40  1059 0001:000E0D49  1061 0001:000E0D4D
  1063 0001:000E0D5C  1064 0001:000E0D65  1066 0001:000E0D69  1068 0001:000E0D6F
  1069 0001:000E0D81  1074 0001:000E0D8A  1075 0001:000E0D9B  1077 0001:000E0DA4
  1078 0001:000E0DC2  1080 0001:000E0DCB  1082 0001:000E0DD2  1086 0001:000E0DDC
  1087 0001:000E0DE6  1089 0001:000E0DF8  1090 0001:000E0DFF  1091 0001:000E0E08
  1092 0001:000E0E0F  1095 0001:000E0E18  1096 0001:000E0E2A  1099 0001:000E0E30
  1100 0001:000E0E36  1101 0001:000E0E45  1102 0001:000E0E4E  1103 0001:000E0E55
  1106 0001:000E0E5C  1107 0001:000E0E5F  1108 0001:000E0E69  1109 0001:000E0E6F
  1110 0001:000E0E76  1111 0001:000E0E7D  1114 0001:000E0E80  1115 0001:000E0E83
  1116 0001:000E0E8A  1117 0001:000E0E93  1118 0001:000E0E99  1122 0001:000E0E9C
  1123 0001:000E0EA2  1124 0001:000E0EA7  1128 0001:000E0EA8  1129 0001:000E0EB2
  1132 0001:000E0EB4  1133 0001:000E0EB7  1134 0001:000E0EBE  1135 0001:000E0ECA
  1136 0001:000E0ED1  1139 0001:000E0ED4  1140 0001:000E0ED7  1141 0001:000E0EDE
  1142 0001:000E0EEA  1143 0001:000E0EF1  1148 0001:000E0EF4  1149 0001:000E0EFD
  1150 0001:000E0F02  1151 0001:000E0F13  1152 0001:000E0F2B  1154 0001:000E0F40
  1155 0001:000E0F4C  1156 0001:000E0F4E  1150 0001:000E0F4F  1157 0001:000E0F55
  1180 0001:000E0F9C  1181 0001:000E0FBE  1184 0001:000E100C  1185 0001:000E1017
  1186 0001:000E1022  1187 0001:000E102C  1188 0001:000E1035  1189 0001:000E1043
  1190 0001:000E104E  1191 0001:000E1059  1192 0001:000E1064  1193 0001:000E106F
  1194 0001:000E1075  1195 0001:000E107B  1196 0001:000E1082  1197 0001:000E1089
  1198 0001:000E1094  1200 0001:000E10A3  1201 0001:000E10AA  1202 0001:000E10B3
  1204 0001:000E10C2  1206 0001:000E10C9  1207 0001:000E10E8  1208 0001:000E10FA
  1210 0001:000E1113  1211 0001:000E112C  1212 0001:000E113B  1213 0001:000E1154
  1214 0001:000E116B  1207 0001:000E116C  1216 0001:000E116F  1217 0001:000E117B
  1218 0001:000E117E  1219 0001:000E118C  1220 0001:000E118E  1221 0001:000E1193
  1222 0001:000E1198  1224 0001:000E11A0  1225 0001:000E11AD  1226 0001:000E11B8
  1227 0001:000E11C3  1230 0001:000E11E0  1231 0001:000E11EF  1237 0001:000E122C
  1238 0001:000E1232  1239 0001:000E123E  1240 0001:000E1245  1241 0001:000E124B
  1242 0001:000E1251  1243 0001:000E1258  1244 0001:000E1263  1248 0001:000E1268
  1249 0001:000E126E  1250 0001:000E1274  1252 0001:000E1277  1253 0001:000E127D
  1254 0001:000E1285  1255 0001:000E128B  1256 0001:000E1291  1257 0001:000E129A
  1258 0001:000E12CB  1259 0001:000E12D3  1260 0001:000E12D9  1262 0001:000E12E2
  1263 0001:000E12F0  1222 0001:000E12F1  1265 0001:000E12F9  1266 0001:000E131A
  1269 0001:000E131D  1270 0001:000E1322  1271 0001:000E1327  1272 0001:000E1330
  1274 0001:000E133D  1276 0001:000E1354  1278 0001:000E1362  1279 0001:000E136D
  1281 0001:000E137A  1283 0001:000E1391  1287 0001:000E139F  1289 0001:000E13A9
  1290 0001:000E13C3  1291 0001:000E13CB  1292 0001:000E13CD  1293 0001:000E13D2
  1297 0001:000E13D8  1296 0001:000E13D9  1298 0001:000E13E9  1300 0001:000E13ED
  1303 0001:000E1402  1302 0001:000E1403  1304 0001:000E1417  1305 0001:000E143F
  1307 0001:000E1442  1293 0001:000E1443  1312 0001:000E1447  1313 0001:000E144C
  1315 0001:000E145D  1317 0001:000E1469  1318 0001:000E147E  1320 0001:000E1484
  1321 0001:000E1491  1322 0001:000E1494  1324 0001:000E14AE  1326 0001:000E14C6
  1313 0001:000E14C7  1329 0001:000E14CA  1331 0001:000E14D3  1332 0001:000E14DE
  1333 0001:000E14E4  1334 0001:000E14F2  1336 0001:000E14FA  1338 0001:000E1505
  1339 0001:000E150A  1340 0001:000E1513  1341 0001:000E1519  1343 0001:000E1524
  1344 0001:000E1529  1345 0001:000E1534  1347 0001:000E153F  1348 0001:000E1550
  1349 0001:000E1561  1350 0001:000E1576  1352 0001:000E158E  1354 0001:000E15D1
  1359 0001:000E15E0  1360 0001:000E15E7  1361 0001:000E15ED  1362 0001:000E15F6
  1364 0001:000E15FA  1365 0001:000E1604  1366 0001:000E1614  1367 0001:000E161E
  1369 0001:000E163E  1370 0001:000E1652  1372 0001:000E1659  1376 0001:000E1660
  1377 0001:000E1663  1382 0001:000E1664  1383 0001:000E166B  1384 0001:000E1671
  1385 0001:000E167A  1387 0001:000E167E  1388 0001:000E1688  1389 0001:000E1698
  1390 0001:000E16A2  1392 0001:000E16C2  1393 0001:000E16D6  1395 0001:000E16DD
  1399 0001:000E16E4  1400 0001:000E16E7  1404 0001:000E16E8  1405 0001:000E16EB
  1406 0001:000E16F7  1407 0001:000E1702  1411 0001:000E1704  1412 0001:000E170A
  1416 0001:000E170C  1417 0001:000E1712  1421 0001:000E1714  1422 0001:000E171C
  1426 0001:000E1720  1427 0001:000E1726  1431 0001:000E1728  1432 0001:000E172E
  1435 0001:000E1730  1436 0001:000E1734  1437 0001:000E1742  1438 0001:000E1749
  1441 0001:000E174C  1442 0001:000E1753  1444 0001:000E175E  1445 0001:000E1767
  1447 0001:000E177C  1450 0001:000E1780  1451 0001:000E1781  1452 0001:000E178F
  1453 0001:000E1796  1457 0001:000E1798  1458 0001:000E17B8  1460 0001:000E17CE
  1461 0001:000E17DF  1462 0001:000E17F0  1463 0001:000E1801  1465 0001:000E182F
  1469 0001:000E1834  1470 0001:000E1846  1471 0001:000E184B  1475 0001:000E184C
  1476 0001:000E1852  1478 0001:000E1862  1479 0001:000E186F  1482 0001:000E1879
  1484 0001:000E1889  1485 0001:000E1896  1488 0001:000E189F  1489 0001:000E18A6
  1493 0001:000E18D4  1494 0001:000E18DA  1499 0001:000E18DC  1500 0001:000E18E2
  1502 0001:000E18EB  1503 0001:000E18FB  1504 0001:000E1914  1509 0001:000E192C
  1510 0001:000E194B  1512 0001:000E195F  1514 0001:000E196A  1515 0001:000E1983
  1518 0001:000E1994  1520 0001:000E19C6  1530 0001:000E1A10  1530 0001:000E1A17

Line numbers for UCalcMage(UCalcMage.pas) segment .text

   125 0001:000E20C4   126 0001:000E20E0   128 0001:000E20F4   129 0001:000E20FE
   132 0001:000E2111   134 0001:000E2125   135 0001:000E212F   139 0001:000E2142
   140 0001:000E215D   141 0001:000E2178   142 0001:000E219D   143 0001:000E21A4
   144 0001:000E21B6   147 0001:000E21BF   148 0001:000E21DC   149 0001:000E21ED
   151 0001:000E21F6   154 0001:000E222F   159 0001:000E226C   160 0001:000E2284
   161 0001:000E2292   162 0001:000E22A0   164 0001:000E22AE   165 0001:000E22BB
   166 0001:000E22C8   167 0001:000E22D5   168 0001:000E22E2   169 0001:000E22EF
   170 0001:000E22FC   171 0001:000E2309   172 0001:000E2316   173 0001:000E2323
   174 0001:000E2330   175 0001:000E233D   176 0001:000E234A   177 0001:000E2357
   178 0001:000E2364   179 0001:000E2371   180 0001:000E237E   181 0001:000E2396
   182 0001:000E23AE   183 0001:000E23BB   184 0001:000E23C8   185 0001:000E23D5
   186 0001:000E23E2   187 0001:000E23EF   188 0001:000E23FC   189 0001:000E2409
   190 0001:000E2416   191 0001:000E2423   192 0001:000E2430   193 0001:000E2462
   199 0001:000E2468   201 0001:000E2491   202 0001:000E24A2   203 0001:000E24AF
   204 0001:000E24FB   205 0001:000E2547   206 0001:000E2593   207 0001:000E25CB
   209 0001:000E2617   210 0001:000E2632   211 0001:000E264D   212 0001:000E2670
   213 0001:000E2693   214 0001:000E26B6   215 0001:000E26D9   216 0001:000E271E
   219 0001:000E27C4   221 0001:000E27F1   222 0001:000E283D   223 0001:000E2863
   224 0001:000E2889   225 0001:000E28D5   226 0001:000E2921   227 0001:000E296E
   228 0001:000E29B8   230 0001:000E2A04   231 0001:000E2A27   232 0001:000E2A4A
   233 0001:000E2A6D   234 0001:000E2A90   235 0001:000E2AB3   236 0001:000E2AD6
   237 0001:000E2AF9   241 0001:000E2B1C   242 0001:000E2B68   243 0001:000E2BA0
   244 0001:000E2BD8   245 0001:000E2C10   247 0001:000E2C36   248 0001:000E2C59
   249 0001:000E2C7C   250 0001:000E2C9F   251 0001:000E2CC2   254 0001:000E2CE5
   255 0001:000E2D2F   256 0001:000E2D67   257 0001:000E2D9F   258 0001:000E2DD7
   259 0001:000E2E0F   260 0001:000E2E47   262 0001:000E2E6D   263 0001:000E2E90
   264 0001:000E2EB3   265 0001:000E2ED6   266 0001:000E2EF9   267 0001:000E2F1C
   268 0001:000E2F3F   269 0001:000E2F84   273 0001:000E3090   275 0001:000E30BD
   276 0001:000E311D   277 0001:000E3157   278 0001:000E3191   279 0001:000E31F1
   280 0001:000E3251   281 0001:000E32B2   282 0001:000E3310   284 0001:000E3370
   285 0001:000E3393   286 0001:000E33B6   287 0001:000E33D9   288 0001:000E33FC
   289 0001:000E341F   290 0001:000E3442   291 0001:000E3465   295 0001:000E3488
   296 0001:000E34E8   297 0001:000E3534   298 0001:000E3580   299 0001:000E35CC
   301 0001:000E3606   302 0001:000E3629   303 0001:000E364C   304 0001:000E366F
   305 0001:000E3692   308 0001:000E36B5   309 0001:000E3713   310 0001:000E375F
   311 0001:000E37AB   312 0001:000E37F7   313 0001:000E3843   314 0001:000E388F
   316 0001:000E38C9   317 0001:000E38EC   318 0001:000E390F   319 0001:000E3932
   320 0001:000E3955   321 0001:000E3978   322 0001:000E399B   323 0001:000E39E0
   326 0001:000E3AF0   328 0001:000E3B1D   329 0001:000E3B7D   330 0001:000E3BB7
   331 0001:000E3BF1   332 0001:000E3C51   333 0001:000E3CB1   334 0001:000E3D12
   335 0001:000E3D70   337 0001:000E3DD0   338 0001:000E3DF3   339 0001:000E3E16
   340 0001:000E3E39   341 0001:000E3E5C   342 0001:000E3E7F   343 0001:000E3EA2
   344 0001:000E3EC5   348 0001:000E3EE8   349 0001:000E3F48   350 0001:000E3F94
   351 0001:000E3FE0   352 0001:000E402C   354 0001:000E4066   355 0001:000E4089
   356 0001:000E40AC   357 0001:000E40CF   358 0001:000E40F2   361 0001:000E4115
   362 0001:000E4173   363 0001:000E41BF   364 0001:000E420B   365 0001:000E4257
   366 0001:000E42A3   367 0001:000E42EF   369 0001:000E4329   370 0001:000E434C
   371 0001:000E436F   372 0001:000E4392   373 0001:000E43B5   374 0001:000E43D8
   375 0001:000E43FB   376 0001:000E4440   379 0001:000E4550   380 0001:000E4553
   382 0001:000E4565   383 0001:000E4572   387 0001:000E4581   388 0001:000E4592
   390 0001:000E45A1   392 0001:000E45AE   394 0001:000E45E0   394 0001:000E45E7

Line numbers for uDanoFisico(uDanoFisico.pas) segment .text

    96 0001:000E4B70    97 0001:000E4B8D    99 0001:000E4BA5   101 0001:000E4BBD
   103 0001:000E4BD5   104 0001:000E4BF0   105 0001:000E4C0B   106 0001:000E4C26
   107 0001:000E4C41   108 0001:000E4C51   111 0001:000E4C65   112 0001:000E4C68
   114 0001:000E4C7C   116 0001:000E4C8E   117 0001:000E4CA0   119 0001:000E4CCD
   123 0001:000E4CFA   124 0001:000E4D04   129 0001:000E4D14   130 0001:000E4D1E
   135 0001:000E4D2E   136 0001:000E4D38   138 0001:000E4D68   144 0001:000E4DC4
   148 0001:000E4DF7   149 0001:000E4E07   150 0001:000E4E17   153 0001:000E4E26
   154 0001:000E4E43   156 0001:000E4E60   157 0001:000E4E88   158 0001:000E4EAA
   159 0001:000E4ED6   160 0001:000E4EFD   161 0001:000E4F1E   162 0001:000E4F41
   163 0001:000E4F63   164 0001:000E4F85   165 0001:000E4F98   166 0001:000E4FB5
   168 0001:000E4FCF   169 0001:000E4FE7   170 0001:000E5000   171 0001:000E5019
   172 0001:000E5032   173 0001:000E504B   174 0001:000E5064   175 0001:000E507D
   176 0001:000E5096   177 0001:000E50AF   178 0001:000E50C8   179 0001:000E50E1
   180 0001:000E50FA   182 0001:000E5134   187 0001:000E5178   191 0001:000E51A6
   192 0001:000E51B6   193 0001:000E51C6   196 0001:000E51D5   197 0001:000E51F4
   199 0001:000E5208   200 0001:000E522F   201 0001:000E5250   202 0001:000E5277
   203 0001:000E52A0   204 0001:000E52C7   205 0001:000E52EE   206 0001:000E5319
   207 0001:000E533F   208 0001:000E5369   209 0001:000E5392   210 0001:000E5397
   211 0001:000E53C2   213 0001:000E53DA   214 0001:000E53F3   215 0001:000E540B
   216 0001:000E5424   217 0001:000E543D   218 0001:000E5456   219 0001:000E546F
   220 0001:000E5488   221 0001:000E54A1   222 0001:000E54BA   223 0001:000E54D3
   224 0001:000E54EC   225 0001:000E5505   226 0001:000E551E   227 0001:000E5537
   228 0001:000E5571   232 0001:000E55C4   233 0001:000E55C9   236 0001:000E55CC
   237 0001:000E55CF   238 0001:000E55DD   239 0001:000E55EB   240 0001:000E55F9
   241 0001:000E5606   242 0001:000E5613   243 0001:000E5623   244 0001:000E5630
   245 0001:000E5640   246 0001:000E5650   247 0001:000E565F   248 0001:000E566E
   249 0001:000E567C   250 0001:000E5689   251 0001:000E5696   252 0001:000E56A3
   253 0001:000E56B0   254 0001:000E56BD   255 0001:000E56CA   256 0001:000E56D7
   257 0001:000E56E4   258 0001:000E56F1   259 0001:000E56FE   260 0001:000E570B
   261 0001:000E5718   262 0001:000E5725   263 0001:000E5732   264 0001:000E573F
   265 0001:000E574C   266 0001:000E5759   267 0001:000E5766   268 0001:000E5773
   269 0001:000E5780   270 0001:000E578D   271 0001:000E579A   272 0001:000E57A7
   273 0001:000E57B4   277 0001:000E57B8   278 0001:000E57BD   281 0001:000E57C0
   282 0001:000E57C3   283 0001:000E57D3   284 0001:000E57E3   285 0001:000E57F2
   286 0001:000E5801   288 0001:000E5834   288 0001:000E583B

Line numbers for uMenu(uMenu.pas) segment .text

    41 0001:000E5A3C    43 0001:000E5A48    47 0001:000E5A4C    48 0001:000E5A51
    57 0001:000E5A54    61 0001:000E5A58    62 0001:000E5A64    66 0001:000E5A68
    67 0001:000E5A6D    69 0001:000E5AA0    69 0001:000E5AA7

Line numbers for Menu(C:\Users\suporte3\Documents\calculadora\UtilidadesTibia\Menu.dpr) segment .text

    16 0001:000E5F28    17 0001:000E5F38    18 0001:000E5F44    19 0001:000E5F5C
    20 0001:000E5F74    21 0001:000E5F8C    22 0001:000E5F98

Bound resource files

c:\program files (x86)\borland\delphi7\Lib\Buttons.res
c:\program files (x86)\borland\delphi7\Lib\ExtDlgs.res
c:\program files (x86)\borland\delphi7\Lib\Controls.res
C:\COMPON~1\jcl\jcl\lib\d7\JclUnicode.res
C:\Componentes Delphi\jvcl\jvcl\Resources\JvConsts.res
UCalcMage.dfm
uDanoFisico.dfm
uMenu.dfm
Menu.res
Menu.drf


Program entry point at 0001:000E5F28
