
 Start         Length     Name                   Class
 0001:00000000 000969F8H .text                   CODE
 0002:00000000 00007C4CH .data                   DATA
 0002:00007C4C 00002C61H .bss                    BSS


Detailed map of segments

 0001:00000000 0000538F C=CODE     S=.text    G=(none)   M=System   ACBP=A9
 0001:00005390 00000140 C=CODE     S=.text    G=(none)   M=SysInit  ACBP=A9
 0001:000054D0 00000108 C=CODE     S=.text    G=(none)   M=Types    ACBP=A9
 0001:000055D8 00000DD4 C=CODE     S=.text    G=(none)   M=Windows  ACBP=A9
 0001:000063AC 00000038 C=CODE     S=.text    G=(none)   M=Messages ACBP=A9
 0001:000063E4 00000320 C=CODE     S=.text    G=(none)   M=SysConst ACBP=A9
 0001:00006704 00006C44 C=CODE     S=.text    G=(none)   M=SysUtils ACBP=A9
 0001:0000D348 000007FB C=CODE     S=.text    G=(none)   M=VarUtils ACBP=A9
 0001:0000DB44 00005B12 C=CODE     S=.text    G=(none)   M=Variants ACBP=A9
 0001:00013658 00000120 C=CODE     S=.text    G=(none)   M=RTLConsts ACBP=A9
 0001:00013778 000007E8 C=CODE     S=.text    G=(none)   M=TypInfo  ACBP=A9
 0001:00013F60 00000098 C=CODE     S=.text    G=(none)   M=ActiveX  ACBP=A9
 0001:00013FF8 000097DE C=CODE     S=.text    G=(none)   M=Classes  ACBP=A9
 0001:0001D7D8 000002E0 C=CODE     S=.text    G=(none)   M=Consts   ACBP=A9
 0001:0001DAB8 000092FF C=CODE     S=.text    G=(none)   M=Graphics ACBP=A9
 0001:00026DB8 00000140 C=CODE     S=.text    G=(none)   M=Math     ACBP=A9
 0001:00026EF8 000002C0 C=CODE     S=.text    G=(none)   M=Contnrs  ACBP=A9
 0001:000271B8 000000FC C=CODE     S=.text    G=(none)   M=CommCtrl ACBP=A9
 0001:000272B4 00000787 C=CODE     S=.text    G=(none)   M=MultiMon ACBP=A9
 0001:00027A3C 00000038 C=CODE     S=.text    G=(none)   M=Imm      ACBP=A9
 0001:00027A74 00000FF8 C=CODE     S=.text    G=(none)   M=HelpIntfs ACBP=A9
 0001:00028A6C 00000038 C=CODE     S=.text    G=(none)   M=WinSpool ACBP=A9
 0001:00028AA4 00000044 C=CODE     S=.text    G=(none)   M=Printers ACBP=A9
 0001:00028AE8 0000031F C=CODE     S=.text    G=(none)   M=FlatSB   ACBP=A9
 0001:00028E08 000001A4 C=CODE     S=.text    G=(none)   M=SyncObjs ACBP=A9
 0001:00028FAC 000009BB C=CODE     S=.text    G=(none)   M=UxTheme  ACBP=A9
 0001:00029968 00000038 C=CODE     S=.text    G=(none)   M=RichEdit ACBP=A9
 0001:000299A0 00000038 C=CODE     S=.text    G=(none)   M=ToolWin  ACBP=A9
 0001:000299D8 00000038 C=CODE     S=.text    G=(none)   M=ShellAPI ACBP=A9
 0001:00029A10 00000038 C=CODE     S=.text    G=(none)   M=RegStr   ACBP=A9
 0001:00029A48 00000038 C=CODE     S=.text    G=(none)   M=WinInet  ACBP=A9
 0001:00029A80 00000038 C=CODE     S=.text    G=(none)   M=UrlMon   ACBP=A9
 0001:00029AB8 00000038 C=CODE     S=.text    G=(none)   M=ShlObj   ACBP=A9
 0001:00029AF0 00000038 C=CODE     S=.text    G=(none)   M=CommDlg  ACBP=A9
 0001:00029B28 00000038 C=CODE     S=.text    G=(none)   M=Dlgs     ACBP=A9
 0001:00029B60 0000130D C=CODE     S=.text    G=(none)   M=Dialogs  ACBP=A9
 0001:0002AE70 00003BA6 C=CODE     S=.text    G=(none)   M=ExtCtrls ACBP=A9
 0001:0002EA18 00000038 C=CODE     S=.text    G=(none)   M=ComStrs  ACBP=A9
 0001:0002EA50 00000094 C=CODE     S=.text    G=(none)   M=Clipbrd  ACBP=A9
 0001:0002EAE4 00000038 C=CODE     S=.text    G=(none)   M=StrUtils ACBP=A9
 0001:0002EB1C 00003821 C=CODE     S=.text    G=(none)   M=Buttons  ACBP=A9
 0001:00032340 00000038 C=CODE     S=.text    G=(none)   M=ExtDlgs  ACBP=A9
 0001:00032378 00000068 C=CODE     S=.text    G=(none)   M=IniFiles ACBP=A9
 0001:000323E0 00000068 C=CODE     S=.text    G=(none)   M=Registry ACBP=A9
 0001:00032448 0000006C C=CODE     S=.text    G=(none)   M=Mapi     ACBP=A9
 0001:000324B4 00000058 C=CODE     S=.text    G=(none)   M=ExtActns ACBP=A9
 0001:0003250C 00000038 C=CODE     S=.text    G=(none)   M=ListActns ACBP=A9
 0001:00032544 00000180 C=CODE     S=.text    G=(none)   M=ComCtrls ACBP=A9
 0001:000326C4 00000C78 C=CODE     S=.text    G=(none)   M=Themes   ACBP=A9
 0001:0003333C 00007394 C=CODE     S=.text    G=(none)   M=StdCtrls ACBP=A9
 0001:0003A6D0 00000168 C=CODE     S=.text    G=(none)   M=StdActns ACBP=A9
 0001:0003A838 00000D1F C=CODE     S=.text    G=(none)   M=WinHelpViewer ACBP=A9
 0001:0003B558 000110CF C=CODE     S=.text    G=(none)   M=Controls ACBP=A9
 0001:0004C628 00001292 C=CODE     S=.text    G=(none)   M=ActnList ACBP=A9
 0001:0004D8BC 00001B9C C=CODE     S=.text    G=(none)   M=ImgList  ACBP=A9
 0001:0004F458 000066AD C=CODE     S=.text    G=(none)   M=Menus    ACBP=A9
 0001:00055B08 0000C624 C=CODE     S=.text    G=(none)   M=Forms    ACBP=A9
 0001:0006212C 00005CCC C=CODE     S=.text    G=(none)   M=frxZLib  ACBP=A9
 0001:00067DF8 000000C8 C=CODE     S=.text    G=(none)   M=frxpnglang ACBP=A9
 0001:00067EC0 0000775C C=CODE     S=.text    G=(none)   M=frxpngimage ACBP=A9
 0001:0006F61C 000002C0 C=CODE     S=.text    G=(none)   M=JvResources ACBP=A9
 0001:0006F8DC 00000F44 C=CODE     S=.text    G=(none)   M=JvTypes  ACBP=A9
 0001:00070820 000003E9 C=CODE     S=.text    G=(none)   M=JclResources ACBP=A9
 0001:00070C0C 000001AA C=CODE     S=.text    G=(none)   M=JclBase  ACBP=A9
 0001:00070DB8 00000038 C=CODE     S=.text    G=(none)   M=AccCtrl  ACBP=A9
 0001:00070DF0 000001F1 C=CODE     S=.text    G=(none)   M=JclWin32 ACBP=A9
 0001:00070FE4 00000089 C=CODE     S=.text    G=(none)   M=JclLogic ACBP=A9
 0001:00071070 00000089 C=CODE     S=.text    G=(none)   M=JclStringConversions ACBP=A9
 0001:000710FC 00001681 C=CODE     S=.text    G=(none)   M=JclCharsets ACBP=A9
 0001:00072780 00000089 C=CODE     S=.text    G=(none)   M=Jcl8087  ACBP=A9
 0001:0007280C 000000C5 C=CODE     S=.text    G=(none)   M=JclMath  ACBP=A9
 0001:000728D4 00000058 C=CODE     S=.text    G=(none)   M=ComConst ACBP=A9
 0001:0007292C 00000E65 C=CODE     S=.text    G=(none)   M=ComObj   ACBP=A9
 0001:00073794 00000038 C=CODE     S=.text    G=(none)   M=WinSock  ACBP=A9
 0001:000737CC 0000009A C=CODE     S=.text    G=(none)   M=Snmp     ACBP=A9
 0001:00073868 00000038 C=CODE     S=.text    G=(none)   M=TlHelp32 ACBP=A9
 0001:000738A0 00000038 C=CODE     S=.text    G=(none)   M=PsAPI    ACBP=A9
 0001:000738D8 00000089 C=CODE     S=.text    G=(none)   M=JclIniFiles ACBP=A9
 0001:00073964 00000A90 C=CODE     S=.text    G=(none)   M=JclSysInfo ACBP=A9
 0001:000743F4 0000214D C=CODE     S=.text    G=(none)   M=JclUnicode ACBP=A9
 0001:00076544 00000089 C=CODE     S=.text    G=(none)   M=JclWideStrings ACBP=A9
 0001:000765D0 00000091 C=CODE     S=.text    G=(none)   M=JclShell ACBP=A9
 0001:00076664 00000089 C=CODE     S=.text    G=(none)   M=JclSecurity ACBP=A9
 0001:000766F0 00000089 C=CODE     S=.text    G=(none)   M=JclDateTime ACBP=A9
 0001:0007677C 000002AD C=CODE     S=.text    G=(none)   M=JclFileUtils ACBP=A9
 0001:00076A2C 00000089 C=CODE     S=.text    G=(none)   M=JclConsole ACBP=A9
 0001:00076AB8 00000089 C=CODE     S=.text    G=(none)   M=JclStreams ACBP=A9
 0001:00076B44 00000173 C=CODE     S=.text    G=(none)   M=JclAnsiStrings ACBP=A9
 0001:00076CB8 000001A7 C=CODE     S=.text    G=(none)   M=JclStrings ACBP=A9
 0001:00076E60 000003F3 C=CODE     S=.text    G=(none)   M=JclRegistry ACBP=A9
 0001:00077254 000003B1 C=CODE     S=.text    G=(none)   M=JclSynch ACBP=A9
 0001:00077608 00000711 C=CODE     S=.text    G=(none)   M=JclUnitVersioning ACBP=A9
 0001:00077D1C 00000680 C=CODE     S=.text    G=(none)   M=JclSysUtils ACBP=A9
 0001:0007839C 00000537 C=CODE     S=.text    G=(none)   M=JvThemes ACBP=A9
 0001:000788D4 0000006C C=CODE     S=.text    G=(none)   M=JVCLVer  ACBP=A9
 0001:00078940 000004A4 C=CODE     S=.text    G=(none)   M=JvExControls ACBP=A9
 0001:00078DE4 00000B50 C=CODE     S=.text    G=(none)   M=JvExExtCtrls ACBP=A9
 0001:00079934 00000038 C=CODE     S=.text    G=(none)   M=JvExComCtrls ACBP=A9
 0001:0007996C 000002B4 C=CODE     S=.text    G=(none)   M=JvExtComponent ACBP=A9
 0001:00079C20 000003B4 C=CODE     S=.text    G=(none)   M=JvHotTrackPersistent ACBP=A9
 0001:00079FD4 00000038 C=CODE     S=.text    G=(none)   M=MMSystem ACBP=A9
 0001:0007A00C 0000028C C=CODE     S=.text    G=(none)   M=JvJCLUtils ACBP=A9
 0001:0007A298 00000038 C=CODE     S=.text    G=(none)   M=MaskUtils ACBP=A9
 0001:0007A2D0 00000038 C=CODE     S=.text    G=(none)   M=Mask     ACBP=A9
 0001:0007A308 00000038 C=CODE     S=.text    G=(none)   M=Grids    ACBP=A9
 0001:0007A340 00000038 C=CODE     S=.text    G=(none)   M=JvComponentBase ACBP=A9
 0001:0007A378 0000021A C=CODE     S=.text    G=(none)   M=JclRTTI  ACBP=A9
 0001:0007A594 00000089 C=CODE     S=.text    G=(none)   M=JclMime  ACBP=A9
 0001:0007A620 00000038 C=CODE     S=.text    G=(none)   M=JvPropertyStoreEditorIntf ACBP=A9
 0001:0007A658 00000038 C=CODE     S=.text    G=(none)   M=JvConsts ACBP=A9
 0001:0007A690 00000104 C=CODE     S=.text    G=(none)   M=JvStrings ACBP=A9
 0001:0007A794 00000050 C=CODE     S=.text    G=(none)   M=JConsts  ACBP=A9
 0001:0007A7E4 000133EC C=CODE     S=.text    G=(none)   M=jpeg     ACBP=A9
 0001:0008DBD0 00000218 C=CODE     S=.text    G=(none)   M=JvPropertyStore ACBP=A9
 0001:0008DDE8 00000038 C=CODE     S=.text    G=(none)   M=JvTranslateString ACBP=A9
 0001:0008DE20 0000005C C=CODE     S=.text    G=(none)   M=JvAppStorage ACBP=A9
 0001:0008DE7C 0000068F C=CODE     S=.text    G=(none)   M=JvJVCLUtils ACBP=A9
 0001:0008E50C 000037BC C=CODE     S=.text    G=(none)   M=JvPanel  ACBP=A9
 0001:00091CC8 00002BD0 C=CODE     S=.text    G=(none)   M=UCalcMage ACBP=A9
 0001:00094898 00001254 C=CODE     S=.text    G=(none)   M=uDanoFisico ACBP=A9
 0001:00095AEC 00000770 C=CODE     S=.text    G=(none)   M=uNextLevelExp ACBP=A9
 0001:0009625C 0000031C C=CODE     S=.text    G=(none)   M=uMenu    ACBP=A9
 0001:00096578 0000047D C=CODE     S=.text    G=(none)   M=Menu     ACBP=A9
 0002:00000000 0000009C C=DATA     S=.data    G=DGROUP   M=System   ACBP=A9
 0002:0000009C 00000020 C=DATA     S=.data    G=DGROUP   M=SysInit  ACBP=A9
 0002:000000BC 00000254 C=DATA     S=.data    G=DGROUP   M=SysUtils ACBP=A9
 0002:00000310 00000008 C=DATA     S=.data    G=DGROUP   M=VarUtils ACBP=A9
 0002:00000318 0000008E C=DATA     S=.data    G=DGROUP   M=Variants ACBP=A9
 0002:000003A8 0000000C C=DATA     S=.data    G=DGROUP   M=TypInfo  ACBP=A9
 0002:000003B4 00000010 C=DATA     S=.data    G=DGROUP   M=ActiveX  ACBP=A9
 0002:000003C4 00000064 C=DATA     S=.data    G=DGROUP   M=Classes  ACBP=A9
 0002:00000428 0000030C C=DATA     S=.data    G=DGROUP   M=Graphics ACBP=A9
 0002:00000734 00000004 C=DATA     S=.data    G=DGROUP   M=Printers ACBP=A9
 0002:00000738 000000B4 C=DATA     S=.data    G=DGROUP   M=Dialogs  ACBP=A9
 0002:000007EC 0000018C C=DATA     S=.data    G=DGROUP   M=ExtCtrls ACBP=A9
 0002:00000978 0000009E C=DATA     S=.data    G=DGROUP   M=Buttons  ACBP=A9
 0002:00000A18 00000008 C=DATA     S=.data    G=DGROUP   M=IniFiles ACBP=A9
 0002:00000A20 00000008 C=DATA     S=.data    G=DGROUP   M=Registry ACBP=A9
 0002:00000A28 00000008 C=DATA     S=.data    G=DGROUP   M=Mapi     ACBP=A9
 0002:00000A30 00000018 C=DATA     S=.data    G=DGROUP   M=ComCtrls ACBP=A9
 0002:00000A48 00000068 C=DATA     S=.data    G=DGROUP   M=Themes   ACBP=A9
 0002:00000AB0 000000BC C=DATA     S=.data    G=DGROUP   M=StdCtrls ACBP=A9
 0002:00000B6C 0000013C C=DATA     S=.data    G=DGROUP   M=Controls ACBP=A9
 0002:00000CA8 00000020 C=DATA     S=.data    G=DGROUP   M=ImgList  ACBP=A9
 0002:00000CC8 000000EC C=DATA     S=.data    G=DGROUP   M=Menus    ACBP=A9
 0002:00000DB4 0000011C C=DATA     S=.data    G=DGROUP   M=Forms    ACBP=A9
 0002:00000ED0 000036C0 C=DATA     S=.data    G=DGROUP   M=frxZLib  ACBP=A9
 0002:00004590 00000168 C=DATA     S=.data    G=DGROUP   M=frxpngimage ACBP=A9
 0002:000046F8 00000438 C=DATA     S=.data    G=DGROUP   M=JvTypes  ACBP=A9
 0002:00004B30 00000018 C=DATA     S=.data    G=DGROUP   M=JclResources ACBP=A9
 0002:00004B48 00000018 C=DATA     S=.data    G=DGROUP   M=JclBase  ACBP=A9
 0002:00004B60 00000018 C=DATA     S=.data    G=DGROUP   M=JclWin32 ACBP=A9
 0002:00004B78 00000018 C=DATA     S=.data    G=DGROUP   M=JclLogic ACBP=A9
 0002:00004B90 00000018 C=DATA     S=.data    G=DGROUP   M=JclStringConversions ACBP=A9
 0002:00004BA8 00000908 C=DATA     S=.data    G=DGROUP   M=JclCharsets ACBP=A9
 0002:000054B0 00000018 C=DATA     S=.data    G=DGROUP   M=Jcl8087  ACBP=A9
 0002:000054C8 00000020 C=DATA     S=.data    G=DGROUP   M=JclMath  ACBP=A9
 0002:000054E8 00000030 C=DATA     S=.data    G=DGROUP   M=ComObj   ACBP=A9
 0002:00005518 00000018 C=DATA     S=.data    G=DGROUP   M=Snmp     ACBP=A9
 0002:00005530 00000018 C=DATA     S=.data    G=DGROUP   M=JclIniFiles ACBP=A9
 0002:00005548 00000888 C=DATA     S=.data    G=DGROUP   M=JclSysInfo ACBP=A9
 0002:00005DD0 000009F0 C=DATA     S=.data    G=DGROUP   M=JclUnicode ACBP=A9
 0002:000067C0 00000018 C=DATA     S=.data    G=DGROUP   M=JclWideStrings ACBP=A9
 0002:000067D8 0000001C C=DATA     S=.data    G=DGROUP   M=JclShell ACBP=A9
 0002:000067F4 00000018 C=DATA     S=.data    G=DGROUP   M=JclSecurity ACBP=A9
 0002:0000680C 00000018 C=DATA     S=.data    G=DGROUP   M=JclDateTime ACBP=A9
 0002:00006824 00000048 C=DATA     S=.data    G=DGROUP   M=JclFileUtils ACBP=A9
 0002:0000686C 00000018 C=DATA     S=.data    G=DGROUP   M=JclConsole ACBP=A9
 0002:00006884 00000018 C=DATA     S=.data    G=DGROUP   M=JclStreams ACBP=A9
 0002:0000689C 0000001C C=DATA     S=.data    G=DGROUP   M=JclAnsiStrings ACBP=A9
 0002:000068B8 00000024 C=DATA     S=.data    G=DGROUP   M=JclStrings ACBP=A9
 0002:000068DC 000000C0 C=DATA     S=.data    G=DGROUP   M=JclRegistry ACBP=A9
 0002:0000699C 00000018 C=DATA     S=.data    G=DGROUP   M=JclSynch ACBP=A9
 0002:000069B4 00000025 C=DATA     S=.data    G=DGROUP   M=JclUnitVersioning ACBP=A9
 0002:000069DC 0000002C C=DATA     S=.data    G=DGROUP   M=JclSysUtils ACBP=A9
 0002:00006A08 00000008 C=DATA     S=.data    G=DGROUP   M=JvExControls ACBP=A9
 0002:00006A10 00000050 C=DATA     S=.data    G=DGROUP   M=JvJCLUtils ACBP=A9
 0002:00006A60 00000018 C=DATA     S=.data    G=DGROUP   M=JclRTTI  ACBP=A9
 0002:00006A78 00000018 C=DATA     S=.data    G=DGROUP   M=JclMime  ACBP=A9
 0002:00006A90 0000000E C=DATA     S=.data    G=DGROUP   M=JvConsts ACBP=A9
 0002:00006AA0 0000000C C=DATA     S=.data    G=DGROUP   M=JvStrings ACBP=A9
 0002:00006AAC 00000908 C=DATA     S=.data    G=DGROUP   M=jpeg     ACBP=A9
 0002:000073B4 00000048 C=DATA     S=.data    G=DGROUP   M=JvPropertyStore ACBP=A9
 0002:000073FC 00000070 C=DATA     S=.data    G=DGROUP   M=JvJVCLUtils ACBP=A9
 0002:0000746C 00000014 C=DATA     S=.data    G=DGROUP   M=JvPanel  ACBP=A9
 0002:00008000 00000664 C=BSS      S=.bss     G=DGROUP   M=System   ACBP=A9
 0002:00008664 00000010 C=BSS      S=.bss     G=DGROUP   M=SysInit  ACBP=A9
 0002:00008674 00000004 C=BSS      S=.bss     G=DGROUP   M=Types    ACBP=A9
 0002:00008678 00000004 C=BSS      S=.bss     G=DGROUP   M=Windows  ACBP=A9
 0002:0000867C 00000004 C=BSS      S=.bss     G=DGROUP   M=Messages ACBP=A9
 0002:00008680 00000004 C=BSS      S=.bss     G=DGROUP   M=SysConst ACBP=A9
 0002:00008684 00000120 C=BSS      S=.bss     G=DGROUP   M=SysUtils ACBP=A9
 0002:000087A4 0000005C C=BSS      S=.bss     G=DGROUP   M=VarUtils ACBP=A9
 0002:00008800 00000040 C=BSS      S=.bss     G=DGROUP   M=Variants ACBP=A9
 0002:00008840 00000004 C=BSS      S=.bss     G=DGROUP   M=RTLConsts ACBP=A9
 0002:00008844 00000004 C=BSS      S=.bss     G=DGROUP   M=TypInfo  ACBP=A9
 0002:00008848 00000004 C=BSS      S=.bss     G=DGROUP   M=ActiveX  ACBP=A9
 0002:0000884C 00000040 C=BSS      S=.bss     G=DGROUP   M=Classes  ACBP=A9
 0002:0000888C 00000004 C=BSS      S=.bss     G=DGROUP   M=Consts   ACBP=A9
 0002:00008890 00000060 C=BSS      S=.bss     G=DGROUP   M=Graphics ACBP=A9
 0002:000088F0 00000004 C=BSS      S=.bss     G=DGROUP   M=Math     ACBP=A9
 0002:000088F4 00000004 C=BSS      S=.bss     G=DGROUP   M=Contnrs  ACBP=A9
 0002:000088F8 00000004 C=BSS      S=.bss     G=DGROUP   M=CommCtrl ACBP=A9
 0002:000088FC 00000031 C=BSS      S=.bss     G=DGROUP   M=MultiMon ACBP=A9
 0002:00008930 00000004 C=BSS      S=.bss     G=DGROUP   M=Imm      ACBP=A9
 0002:00008934 00000008 C=BSS      S=.bss     G=DGROUP   M=HelpIntfs ACBP=A9
 0002:0000893C 00000004 C=BSS      S=.bss     G=DGROUP   M=WinSpool ACBP=A9
 0002:00008940 00000004 C=BSS      S=.bss     G=DGROUP   M=Printers ACBP=A9
 0002:00008944 00000034 C=BSS      S=.bss     G=DGROUP   M=FlatSB   ACBP=A9
 0002:00008978 00000004 C=BSS      S=.bss     G=DGROUP   M=SyncObjs ACBP=A9
 0002:0000897C 000000CC C=BSS      S=.bss     G=DGROUP   M=UxTheme  ACBP=A9
 0002:00008A48 00000004 C=BSS      S=.bss     G=DGROUP   M=RichEdit ACBP=A9
 0002:00008A4C 00000004 C=BSS      S=.bss     G=DGROUP   M=ToolWin  ACBP=A9
 0002:00008A50 00000004 C=BSS      S=.bss     G=DGROUP   M=ShellAPI ACBP=A9
 0002:00008A54 00000004 C=BSS      S=.bss     G=DGROUP   M=RegStr   ACBP=A9
 0002:00008A58 00000004 C=BSS      S=.bss     G=DGROUP   M=WinInet  ACBP=A9
 0002:00008A5C 00000004 C=BSS      S=.bss     G=DGROUP   M=UrlMon   ACBP=A9
 0002:00008A60 00000004 C=BSS      S=.bss     G=DGROUP   M=ShlObj   ACBP=A9
 0002:00008A64 00000004 C=BSS      S=.bss     G=DGROUP   M=CommDlg  ACBP=A9
 0002:00008A68 00000004 C=BSS      S=.bss     G=DGROUP   M=Dlgs     ACBP=A9
 0002:00008A6C 00000038 C=BSS      S=.bss     G=DGROUP   M=Dialogs  ACBP=A9
 0002:00008AA4 00000004 C=BSS      S=.bss     G=DGROUP   M=ExtCtrls ACBP=A9
 0002:00008AA8 00000004 C=BSS      S=.bss     G=DGROUP   M=ComStrs  ACBP=A9
 0002:00008AAC 0000000C C=BSS      S=.bss     G=DGROUP   M=Clipbrd  ACBP=A9
 0002:00008AB8 00000004 C=BSS      S=.bss     G=DGROUP   M=StrUtils ACBP=A9
 0002:00008ABC 00000030 C=BSS      S=.bss     G=DGROUP   M=Buttons  ACBP=A9
 0002:00008AEC 00000004 C=BSS      S=.bss     G=DGROUP   M=ExtDlgs  ACBP=A9
 0002:00008AF0 00000004 C=BSS      S=.bss     G=DGROUP   M=IniFiles ACBP=A9
 0002:00008AF4 00000004 C=BSS      S=.bss     G=DGROUP   M=Registry ACBP=A9
 0002:00008AF8 00000004 C=BSS      S=.bss     G=DGROUP   M=Mapi     ACBP=A9
 0002:00008AFC 00000009 C=BSS      S=.bss     G=DGROUP   M=ExtActns ACBP=A9
 0002:00008B08 00000004 C=BSS      S=.bss     G=DGROUP   M=ListActns ACBP=A9
 0002:00008B0C 00000010 C=BSS      S=.bss     G=DGROUP   M=ComCtrls ACBP=A9
 0002:00008B1C 00000008 C=BSS      S=.bss     G=DGROUP   M=Themes   ACBP=A9
 0002:00008B24 00000004 C=BSS      S=.bss     G=DGROUP   M=StdCtrls ACBP=A9
 0002:00008B28 00000004 C=BSS      S=.bss     G=DGROUP   M=StdActns ACBP=A9
 0002:00008B2C 00000014 C=BSS      S=.bss     G=DGROUP   M=WinHelpViewer ACBP=A9
 0002:00008B40 00000080 C=BSS      S=.bss     G=DGROUP   M=Controls ACBP=A9
 0002:00008BC0 00000004 C=BSS      S=.bss     G=DGROUP   M=ActnList ACBP=A9
 0002:00008BC4 0000000C C=BSS      S=.bss     G=DGROUP   M=ImgList  ACBP=A9
 0002:00008BD0 00000010 C=BSS      S=.bss     G=DGROUP   M=Menus    ACBP=A9
 0002:00008BE0 00000020 C=BSS      S=.bss     G=DGROUP   M=Forms    ACBP=A9
 0002:00008C00 00000004 C=BSS      S=.bss     G=DGROUP   M=frxZLib  ACBP=A9
 0002:00008C04 00000004 C=BSS      S=.bss     G=DGROUP   M=frxpnglang ACBP=A9
 0002:00008C08 00000409 C=BSS      S=.bss     G=DGROUP   M=frxpngimage ACBP=A9
 0002:00009014 00000004 C=BSS      S=.bss     G=DGROUP   M=JvResources ACBP=A9
 0002:00009018 00000004 C=BSS      S=.bss     G=DGROUP   M=JvTypes  ACBP=A9
 0002:0000901C 00000004 C=BSS      S=.bss     G=DGROUP   M=JclResources ACBP=A9
 0002:00009020 00000008 C=BSS      S=.bss     G=DGROUP   M=JclBase  ACBP=A9
 0002:00009028 00000004 C=BSS      S=.bss     G=DGROUP   M=AccCtrl  ACBP=A9
 0002:0000902C 00000004 C=BSS      S=.bss     G=DGROUP   M=JclWin32 ACBP=A9
 0002:00009030 00000004 C=BSS      S=.bss     G=DGROUP   M=JclLogic ACBP=A9
 0002:00009034 00000004 C=BSS      S=.bss     G=DGROUP   M=JclStringConversions ACBP=A9
 0002:00009038 00000004 C=BSS      S=.bss     G=DGROUP   M=JclCharsets ACBP=A9
 0002:0000903C 00000004 C=BSS      S=.bss     G=DGROUP   M=Jcl8087  ACBP=A9
 0002:00009040 00000004 C=BSS      S=.bss     G=DGROUP   M=JclMath  ACBP=A9
 0002:00009044 00000004 C=BSS      S=.bss     G=DGROUP   M=ComConst ACBP=A9
 0002:00009048 00000011 C=BSS      S=.bss     G=DGROUP   M=ComObj   ACBP=A9
 0002:0000905C 00000004 C=BSS      S=.bss     G=DGROUP   M=WinSock  ACBP=A9
 0002:00009060 00000004 C=BSS      S=.bss     G=DGROUP   M=Snmp     ACBP=A9
 0002:00009064 00000004 C=BSS      S=.bss     G=DGROUP   M=TlHelp32 ACBP=A9
 0002:00009068 00000004 C=BSS      S=.bss     G=DGROUP   M=PsAPI    ACBP=A9
 0002:0000906C 00000004 C=BSS      S=.bss     G=DGROUP   M=JclIniFiles ACBP=A9
 0002:00009070 00000010 C=BSS      S=.bss     G=DGROUP   M=JclSysInfo ACBP=A9
 0002:00009080 00001018 C=BSS      S=.bss     G=DGROUP   M=JclUnicode ACBP=A9
 0002:0000A098 00000004 C=BSS      S=.bss     G=DGROUP   M=JclWideStrings ACBP=A9
 0002:0000A09C 00000004 C=BSS      S=.bss     G=DGROUP   M=JclShell ACBP=A9
 0002:0000A0A0 00000004 C=BSS      S=.bss     G=DGROUP   M=JclSecurity ACBP=A9
 0002:0000A0A4 00000004 C=BSS      S=.bss     G=DGROUP   M=JclDateTime ACBP=A9
 0002:0000A0A8 00000004 C=BSS      S=.bss     G=DGROUP   M=JclFileUtils ACBP=A9
 0002:0000A0AC 00000004 C=BSS      S=.bss     G=DGROUP   M=JclConsole ACBP=A9
 0002:0000A0B0 00000004 C=BSS      S=.bss     G=DGROUP   M=JclStreams ACBP=A9
 0002:0000A0B4 00000504 C=BSS      S=.bss     G=DGROUP   M=JclAnsiStrings ACBP=A9
 0002:0000A5B8 00000504 C=BSS      S=.bss     G=DGROUP   M=JclStrings ACBP=A9
 0002:0000AABC 00000004 C=BSS      S=.bss     G=DGROUP   M=JclRegistry ACBP=A9
 0002:0000AAC0 00000004 C=BSS      S=.bss     G=DGROUP   M=JclSynch ACBP=A9
 0002:0000AAC4 00000008 C=BSS      S=.bss     G=DGROUP   M=JclUnitVersioning ACBP=A9
 0002:0000AACC 00000008 C=BSS      S=.bss     G=DGROUP   M=JclSysUtils ACBP=A9
 0002:0000AAD4 00000008 C=BSS      S=.bss     G=DGROUP   M=JvThemes ACBP=A9
 0002:0000AADC 00000004 C=BSS      S=.bss     G=DGROUP   M=JVCLVer  ACBP=A9
 0002:0000AAE0 00000004 C=BSS      S=.bss     G=DGROUP   M=JvExControls ACBP=A9
 0002:0000AAE4 00000004 C=BSS      S=.bss     G=DGROUP   M=JvExExtCtrls ACBP=A9
 0002:0000AAE8 00000004 C=BSS      S=.bss     G=DGROUP   M=JvExComCtrls ACBP=A9
 0002:0000AAEC 00000004 C=BSS      S=.bss     G=DGROUP   M=JvExtComponent ACBP=A9
 0002:0000AAF0 00000004 C=BSS      S=.bss     G=DGROUP   M=JvHotTrackPersistent ACBP=A9
 0002:0000AAF4 00000004 C=BSS      S=.bss     G=DGROUP   M=MMSystem ACBP=A9
 0002:0000AAF8 00000004 C=BSS      S=.bss     G=DGROUP   M=JvJCLUtils ACBP=A9
 0002:0000AAFC 00000004 C=BSS      S=.bss     G=DGROUP   M=MaskUtils ACBP=A9
 0002:0000AB00 00000004 C=BSS      S=.bss     G=DGROUP   M=Mask     ACBP=A9
 0002:0000AB04 00000004 C=BSS      S=.bss     G=DGROUP   M=Grids    ACBP=A9
 0002:0000AB08 00000004 C=BSS      S=.bss     G=DGROUP   M=JvComponentBase ACBP=A9
 0002:0000AB0C 00000008 C=BSS      S=.bss     G=DGROUP   M=JclRTTI  ACBP=A9
 0002:0000AB14 00000004 C=BSS      S=.bss     G=DGROUP   M=JclMime  ACBP=A9
 0002:0000AB18 00000004 C=BSS      S=.bss     G=DGROUP   M=JvPropertyStoreEditorIntf ACBP=A9
 0002:0000AB1C 00000004 C=BSS      S=.bss     G=DGROUP   M=JvConsts ACBP=A9
 0002:0000AB20 00000004 C=BSS      S=.bss     G=DGROUP   M=JvStrings ACBP=A9
 0002:0000AB24 00000004 C=BSS      S=.bss     G=DGROUP   M=JConsts  ACBP=A9
 0002:0000AB28 00000004 C=BSS      S=.bss     G=DGROUP   M=jpeg     ACBP=A9
 0002:0000AB2C 00000004 C=BSS      S=.bss     G=DGROUP   M=JvPropertyStore ACBP=A9
 0002:0000AB30 00000004 C=BSS      S=.bss     G=DGROUP   M=JvTranslateString ACBP=A9
 0002:0000AB34 00000009 C=BSS      S=.bss     G=DGROUP   M=JvAppStorage ACBP=A9
 0002:0000AB40 00000004 C=BSS      S=.bss     G=DGROUP   M=JvJVCLUtils ACBP=A9
 0002:0000AB44 00000004 C=BSS      S=.bss     G=DGROUP   M=JvPanel  ACBP=A9
 0002:0000AB48 000000E8 C=BSS      S=.bss     G=DGROUP   M=UCalcMage ACBP=A9
 0002:0000AC30 00000020 C=BSS      S=.bss     G=DGROUP   M=uDanoFisico ACBP=A9
 0002:0000AC50 00000008 C=BSS      S=.bss     G=DGROUP   M=uNextLevelExp ACBP=A9
 0002:0000AC58 00000008 C=BSS      S=.bss     G=DGROUP   M=uMenu    ACBP=A9


  Address         Publics by Name

 0001:0008AF94       ..
 0001:0008B8BC       ..
 0002:000072F4       ..
 0001:0008BDD4       ..
 0001:0008CE40       ..
 0001:0008A108       ..
 0001:00089BCC       ..
 0001:00089A70       ..
 0001:00088F40       ..
 0001:00088718       ..
 0001:0006231C       ..
 0002:00000EF8       ..
 0001:000623E4       ..
 0002:00000F00       ..
 0002:00002F00       ..
 0002:00006F54       ..
 0002:00002F54       ..
 0002:00002FA4       ..
 0001:0008776C       ..
 0001:0008765C       ..
 0002:000039F8       ..
 0001:00065F6C       ..
 0002:00003B24       ..
 0001:000856E0       ..
 0001:0008418C       ..
 0002:00006D54       ..
 0001:0008A90C       ..
 0001:00083EBC       ..
 0001:00083BC8       ..
 0001:00082B38       ..
 0001:00082460       ..
 0001:00081160       ..
 0002:00006C48       ..
 0001:00080518       ..
 0001:0007FF70       ..
 0001:0007F984       ..
 0002:00006BC8       ..
 0001:0007EDF8       ..
 0002:00006B48       ..
 0001:0007E0D0       ..
 0001:0007D990       ..
 0001:0007D4CC       ..
 0001:0007CF68       ..
 0002:00006B38       ..
 0001:0007C304       ..
 0002:0000A0AC       .01
 0002:0000AB0C       .02
 0002:00009014       .1
 0002:00008B34       .1
 0002:00008930       .1
 0002:0000AB1C       .1
 0002:0000901C       .1
 0002:00008674       .1
 0002:00008840       .1
 0002:00008A50       .1
 0002:00009028       .1
 0002:00008A64       .1
 0002:00009030       .1
 0002:0000903C       .1
 0002:0000888C       .1
 0002:0000A09C       .1
 0002:0000AB18       .1
 0002:00008A68       .1
 0002:00008A58       .1
 0002:00009070       .1
 0002:0000AB14       .1
 0002:0000891C       .1
 0002:00008964       .1
 0002:0000866C       .1
 0002:00008AF8       .1
 0002:00008A54       .1
 0002:00008680       .1
 0002:0000906C       .1
 0002:0000AB24       .1
 0002:00008A5C       .1
 0002:0000867C       .1
 0002:00008AA8       .1
 0002:0000AB20       .1
 0002:00009068       .1
 0002:00009064       .1
 0002:00008A38       .1
 0002:00009060       .1
 0002:00008AB8       .1
 0002:00008A48       .1
 0002:0000905C       .1
 0002:000088F8       .1
 0002:00009044       .1
 0002:0000AADC       .1
 0002:00008C04       .1
 0002:00008A60       .1
 0002:0000AB04       .11
 0002:00008A6C       .11
 0002:0000AAE4       .12
 0002:00008AA4       .12
 0002:00008894       .12
 0002:00008934       .2
 0002:0000AB08       .2
 0002:0000A0A4       .2
 0002:0000AAEC       .2
 0002:0000AB30       .2
 0002:0000AC5C       .2
 0002:000088F0       .2
 0002:0000AC54       .2
 0002:00008B1C       .2
 0002:0000A0A0       .2
 0002:0000AC4C       .2
 0002:0000AAD4       .2
 0002:00008AB0       .2
 0002:0000AC2C       .2
 0002:0000AAFC       .2
 0002:0000AB34       .21
 0002:000088F4       .21
 0002:00008848       .3
 0002:00008678       .3
 0002:0000902C       .3
 0002:00009034       .3
 0002:0000893C       .3
 0002:00008940       .3
 0002:00008AEC       .3
 0002:0000AAF8       .3
 0002:00008BC4       .3
 0002:0000AABC       .3
 0002:0000AB28       .3
 0002:0000A5B4       .3
 0002:00009038       .3
 0002:00008794       .35
 0002:00008B0C       .36
 0002:0000A098       .4
 0002:00008ABC       .4
 0002:00008A4C       .4
 0002:00009024       .4
 0002:0000AB2C       .4
 0002:0000AAF0       .4
 0002:00008BE8       .41
 0002:00009048       .41
 0002:00008B24       .42
 0002:00008858       .45
 0002:00008AF4       .5
 0002:0000AB00       .5
 0002:000085BC       .5
 0002:000087FC       .5
 0002:0000AB44       .5
 0002:0000AAC4       .5
 0002:00008978       .6
 0002:00008844       .6
 0002:0000A0A8       .62
 0002:0000AAE0       .7
 0002:00009040       .7
 0002:00008C00       .7
 0002:0000AAF4       .7
 0002:00009084       .71
 0002:0000AAD0       .71
 0002:00008AFC       .72
 0002:00008B48       .72
 0002:00008B28       .73
 0002:00008B08       .8
 0002:00008BC0       .8
 0002:0000AB40       .8
 0002:00009018       .8
 0002:00008AF0       .8
 0002:00008820       .81
 0002:00008C08       .83
 0002:0000AAB8       .9
 0002:00008BD8       .9
 0002:0000AAC0       .91
 0002:0000A0B0       .92
 0002:0000AAE8       .92
 0001:00001D68       @AbstractError
 0001:000028E4       @AfterConstruction
 0001:00002710       @AsClass
 0001:00001ED0       @AStrCmp
 0001:000028F4       @BeforeDestruction
 0001:00002490       @BoundErr
 0001:0000275C       @CallDynaInst
 0001:0000288C       @ClassCreate
 0001:000028DC       @ClassDestroy
 0001:00001DD8       @Close
 0001:00001C14       @Copy
 0001:00003FE0       @CopyArray
 0001:00003EC4       @CopyRecord
 0001:0000414C       @DispCallByIDError
 0001:0000E668       @DispInvokeError
 0001:000040E8       @Dispose
 0001:00002D70       @DoneExcept
 0001:000045C0       @DynArrayAsg
 0001:00004584       @DynArrayClear
 0001:000043A4       @DynArrayHigh
 0001:0000439C       @DynArrayLength
 0001:00004578       @DynArraySetLength
 0001:00002E58       @ExceptionHandler
 0001:00001CDC       @EXP
 0001:00001F40       @FillChar
 0001:00003EA0       @Finalize
 0001:00003DB4       @FinalizeArray
 0001:00003D68       @FinalizeRecord
 0001:00002774       @FindDynaInst
 0001:00002484       @FpuInit
 0001:000023C0       @FpuMaskInit
 0001:00001D14       @FRAC
 0001:00001A88       @FreeMem
 0001:00001A58       @GetMem
 0001:00005408       @GetTls
 0001:000032E4       @Halt
 0001:00003204       @Halt0
 0001:00002A08       @HandleAnyException
 0001:00002CBC       @HandleFinally
 0001:00002B34       @HandleOnException
 0001:00063D54       @inflate_fast
 0001:00065B40       @inflate_table
 0001:00005454       @InitExe
 0001:00003D5C       @Initialize
 0001:00003CC8       @InitializeArray
 0001:00003C98       @InitializeRecord
 0001:000030AC       @InitImports
 0001:00003084       @InitResStringImports
 0001:00003060       @InitResStrings
 0001:000030D0       @InitWideStrings
 0001:00001CF4       @INT
 0001:00004D4C       @IntfAddRef
 0001:00004D1C       @IntfCast
 0001:00004CD8       @IntfClear
 0001:00004CF0       @IntfCopy
 0001:000026EC       @IsClass
 0001:00002390       @isNECWindows
 0001:000875AC       @jcopy_block_row
 0001:00087560       @jcopy_sample_rows
 0001:00087538       @jdiv_round_up
 0001:000810CC       @jinit_1pass_quantizer
 0001:00082340       @jinit_2pass_quantizer
 0001:0008AD48       @jinit_color_converter
 0001:0008034C       @jinit_color_deconverter
 0001:0008866C       @jinit_compress_master
 0001:0008A844       @jinit_c_coef_controller
 0001:00089B48       @jinit_c_main_controller
 0001:000899A8       @jinit_c_master_control
 0001:0008A060       @jinit_c_prep_controller
 0001:0008B734       @jinit_downsampler
 0001:00083AB4       @jinit_d_coef_controller
 0001:00082A58       @jinit_d_main_controller
 0001:00083E28       @jinit_d_post_controller
 0001:0008BD58       @jinit_forward_dct
 0001:0007F944       @jinit_huff_decoder
 0001:0008DA9C       @jinit_huff_encoder
 0001:0007D484       @jinit_input_controller
 0001:00084110       @jinit_inverse_dct
 0001:000873DC       @jinit_marker_reader
 0001:00088EEC       @jinit_marker_writer
 0001:0007E098       @jinit_master_decompress
 0001:0007CE30       @jinit_memory_mgr
 0001:0007FEF0       @jinit_merged_upsampler
 0001:0007ED84       @jinit_phuff_decoder
 0001:0008C864       @jinit_phuff_encoder
 0001:00084670       @jinit_upsampler
 0001:000875CC       @jpeg_abort
 0001:00087644       @jpeg_alloc_huff_table
 0001:0008762C       @jpeg_alloc_quant_table
 0001:0008CB14       @jpeg_fdct_float
 0001:0008C8A8       @jpeg_fdct_ifast
 0001:0007F22C       @jpeg_fill_bit_buffer
 0001:0007CF3C       @jpeg_free_large
 0001:0007CF2C       @jpeg_free_small
 0001:0008D7E0       @jpeg_gen_optimal_table
 0001:0007CF34       @jpeg_get_large
 0001:0007CF24       @jpeg_get_small
 0001:0007F378       @jpeg_huff_decode
 0001:000856A4       @jpeg_idct_1x1
 0001:000854B4       @jpeg_idct_2x2
 0001:00085100       @jpeg_idct_4x4
 0001:00084888       @jpeg_idct_float
 0001:00084CCC       @jpeg_idct_ifast
 0001:0008CFD0       @jpeg_make_c_derived_tbl
 0001:0007EF30       @jpeg_make_d_derived_tbl
 0001:0007CF44       @jpeg_mem_available
 0001:0007CF60       @jpeg_mem_init
 0001:0007CF64       @jpeg_mem_term
 0001:0007CF50       @jpeg_open_backing_store
 0001:000872A8       @jpeg_resync_to_restart
 0001:00088430       @jpeg_suppress_tables
 0001:00087548       @jround_up
 0001:000875BC       @jzero_far
 0001:000037AC       @LStrAddRef
 0001:00003320       @LStrArrayClr
 0001:00003350       @LStrAsg
 0001:000035C4       @LStrCat
 0001:00003608       @LStrCat3
 0001:0000367C       @LStrCatN
 0001:000032FC       @LStrClr
 0001:00003708       @LStrCmp
 0001:0000381C       @LStrCopy
 0001:0000385C       @LStrDelete
 0001:0000356C       @LStrFromArray
 0001:000034E4       @LStrFromChar
 0001:000034F4       @LStrFromPChar
 0001:000033EC       @LStrFromPCharLen
 0001:00003524       @LStrFromPWChar
 0001:00003458       @LStrFromPWCharLen
 0001:00003560       @LStrFromString
 0001:00003584       @LStrFromWStr
 0001:000038A4       @LStrInsert
 0001:00003394       @LStrLAsg
 0001:000035BC       @LStrLen
 0001:000039AC       @LStrOfChar
 0001:00003900       @LStrPos
 0001:00003948       @LStrSetLength
 0001:000037BC       @LStrToPChar
 0001:00003598       @LStrToString
 0001:000040D4       @New
 0001:000033C0       @NewAnsiString
 0001:000039E0       @NewWideString
 0001:000020A4       @Pow10
 0001:00001E4C       @PStrCmp
 0001:00001E30       @PStrNCpy
 0001:00002D1C       @RaiseAgain
 0001:00002CF4       @RaiseExcept
 0001:00001AA8       @ReallocMem
 0001:00001D38       @ROUND
 0001:000032F0       @RunError
 0001:00002064       @SetElem
 0001:00002088       @SetEq
 0001:00003020       @StartExe
 0001:000002CC       @strlen
 0001:00001D44       @TRUNC
 0001:00002DA0       @TryFinallyExit
 0001:00003814       @UniqueStringA
 0001:00004178       @ValInt64
 0001:00001F60       @ValLong
 0001:00012DAC       @VarAddRef
 0001:0000EF5C       @VarCast
 0001:0000E954       @VarClear
 0001:0000E968       @VarClr
 0001:00003D9C       @VarClr
 0001:0000EC90       @VarCopy
 0001:00003EAC       @VarCopy
 0001:00012C8C       @VarFromBool
 0001:00012B18       @VarFromByte
 0001:00012CDC       @VarFromCurr
 0001:00012C34       @VarFromCurrency
 0001:00012C60       @VarFromDate
 0001:00012D80       @VarFromDisp
 0001:00012C08       @VarFromDouble
 0001:00012ABC       @VarFromInt
 0001:00012BB8       @VarFromInt64
 0001:00012AF8       @VarFromInteger
 0001:00012D54       @VarFromIntf
 0001:00012B58       @VarFromLongWord
 0001:00012CF0       @VarFromLStr
 0001:00012CB4       @VarFromReal
 0001:00012B78       @VarFromShortInt
 0001:00012BE4       @VarFromSingle
 0001:00012B98       @VarFromSmallInt
 0001:00012CC8       @VarFromTDateTime
 0001:00012B38       @VarFromWord
 0001:00012D1C       @VarFromWStr
 0001:0000E6BC       @VarNull
 0001:000103E0       @VarToBoolean
 0001:0000F820       @VarToByte
 0001:000115A4       @VarToCurrency
 0001:0001103C       @VarToDate
 0001:00012A10       @VarToDisp
 0001:000108E8       @VarToDouble
 0001:0000FDE4       @VarToInt64
 0001:0000F320       @VarToInteger
 0001:00012944       @VarToIntf
 0001:0000FA98       @VarToLongWord
 0001:00011C58       @VarToLStr
 0001:0000F770       @VarToShortInt
 0001:00010C64       @VarToSingle
 0001:0000F8C8       @VarToSmallInt
 0001:0000F9C0       @VarToWord
 0001:00012378       @VarToWStr
 0001:00003A20       @WStrArrayClr
 0001:00003A44       @WStrAsg
 0001:00003A08       @WStrClr
 0001:00003B80       @WStrCmp
 0001:00003C04       @WStrCopy
 0001:00003B54       @WStrFromLStr
 0001:00003A68       @WStrFromPCharLen
 0001:00003B18       @WStrFromPWChar
 0001:00003AF4       @WStrFromPWCharLen
 0001:00003B74       @WStrLen
 0001:00003C50       @WStrSetLength
 0001:00003B64       @WStrToPWChar
 0001:00002040       @_CLenToPasStr
 0001:00002034       @_CToPasStr
 0001:00001BE4       @_IOTest
 0001:00004154       @_llmul
 0001:00067164       @_tr_align
 0001:00067430       @_tr_flush_block
 0001:00065F70       @_tr_init
 0001:000670A8       @_tr_stored_block
 0001:0003E580       AbsMin
 0001:0000B500       AbstractErrorHandler
 0002:0000802C       AbstractErrorProc
 0001:00070DE8       AccCtrl
 0002:00000140       AccessMode
 0001:00001B44       AcquireExceptionObject
 0001:0001637C       ActivateClassGroup
 0001:00005B94       ActivateKeyboardLayout
 0002:00008B7C       ActiveDrag
 0001:00013FF0       ActiveX
 0001:0004D890       ActnList
 0001:0000042C       AddBlockAfter
 0002:000003C4       AddDataModule
 0001:000073A8       AddExitProc
 0001:00019454       AddFinished
 0001:0005108C       AddIn
 0001:00004B40       AddModuleUnloadProc
 0001:00004B30       AddModuleUnloadProc
 0001:0001948C       AddNotFinished
 0001:00019EB0       AddSubComponentsToLoaded
 0001:000215DC       AdjustColor
 0001:0002D9D0       AdjustColors
 0001:00090928       AdjustColors
 0001:00058138       Adjustment
 0001:0006D680       AdjustRect
 0001:00005B9C       AdjustWindowRectEx
 0001:000621F0       adler32
 0002:00000B5C       Alignments
 0002:0000746C       Alignments
 0002:000007F4       Alignments
 0002:00000D8C       Alignments
 0002:00000AB8       Alignments
 0002:00000D9C       Alignments
 0001:0005F130       AlignWork
 0001:00043BEC       AlignWork
 0001:0001D5B8       AllocateHWnd
 0002:00005DB0       AllocGranularity
 0001:0000734C       AllocMem
 0002:000085B4       AllocMemCount
 0002:000085B8       AllocMemSize
 0001:00026BB0       AllocPatternBitmap
 0001:000053B0       AllocTlsBuffer
 0002:00000B78       AnchorAlign
 0002:00000B6C       AnimateWindowProc
 0002:00000C74       AnimationStyle
 0002:0000A0B4       AnsiCaseMap
 0002:0000689C       AnsiCaseMapReady
 0002:0000A3B4       AnsiCharTypes
 0001:000075B0       AnsiCompareStr
 0001:000075E8       AnsiCompareText
 0001:00007BF8       AnsiLastChar
 0001:00005BA4       AnsiLower
 0001:0000757C       AnsiLowerCase
 0001:0000BE5C       AnsiLowerCaseFileName
 0001:0000BE20       AnsiPos
 0002:00009020       AnsiReplacementCharacter
 0001:00055914       AnsiSameCaption
 0001:00007620       AnsiSameText
 0001:00007638       AnsiStrLIComp
 0001:0000BEE8       AnsiStrPos
 0001:0000BFA8       AnsiStrRScan
 0001:0000BFF0       AnsiStrScan
 0001:0000514C       AnsiToUtf8
 0001:00007548       AnsiUpperCase
 0001:000128CC       AnyToIntf
 0001:0000943C       AppendChars
 0001:00009808       AppendFormat
 0001:000094A0       AppendNumber
 0001:00009480       AppendString
 0002:00008BE0       Application
 0002:000003D4       ApplicationHandleException
 0002:000003DC       ApplicationShowException
 0002:00000EC8       AppVisible
 0001:0000B4E4       AssertErrorHandler
 0002:00008024       AssertErrorProc
 0001:00013A28       AssignLongStr
 0001:00013DCC       AssignVariant
 0002:0000860C       avail
 0002:00006AA0       B64Table
 0001:00007D3C       BackfillGetDiskFreeSpaceEx
 0001:00041114       BackgroundClipped
 0001:0000D5D8       BackupVarBoolFromStr
 0001:0000D738       BackupVarBStrFromBool
 0001:0000D658       BackupVarBStrFromCy
 0001:0000D6C8       BackupVarBStrFromDate
 0001:0000D56C       BackupVarCyFromStr
 0001:0000D500       BackupVarDateFromStr
 0001:0000D3BC       BackupVarI4FromStr
 0001:0000D368       BackupVariantChangeTypeEx
 0001:0000D428       BackupVarR4FromStr
 0001:0000D494       BackupVarR8FromStr
 0001:0000BAE0       Beep
 0001:00005BAC       BeginDeferWindowPos
 0001:000166D4       BeginGlobalLoading
 0001:00005BB4       BeginPaint
 0001:000215E8       BetterSize
 0001:0002D2C0       BevelLine
 0001:0002D1D0       BevelRect
 0001:00051F20       BiDiDraw
 0001:00005924       BitBlt
 0002:000009A4       BitBtnCaptions
 0002:00008AC0       BitBtnGlyphs
 0002:000009D0       BitBtnModalResults
 0002:00000978       BitBtnResNames
 0002:000006E8       BitCounts
 0002:000006E0       BitmapCanvasList
 0002:000088AC       BitmapImageLock
 0002:000046A8       BitmapInfoHeader
 0002:00004668       BitTable
 0002:00004624       BitTable
 0001:0000D3A4       BiUnimplemented
 0002:000003FC       BlockCode
 0002:000085E4       blockDescBlockList
 0002:000085E8       blockDescFreeList
 0002:000003A8       BooleanIdents
 0002:00000324       BooleanToStringRule
 0001:00007A90       BoolToStr
 0002:000068D4       BoolToStr
 0001:000119E0       BoolToWStrViaOS
 0002:000007EC       BorderStyles
 0002:00000AB0       BorderStyles
 0001:00015694       Bounds
 0001:00005584       Bounds
 0002:00000D34       Breaks
 0002:000088E4       BrushManager
 0001:0007B4BC       BuildColorMap
 0001:0006E4EC       BuildHeader
 0001:000546F4       BuildImage
 0001:0007B414       BuildPalette
 0002:00000794       ButtonCaptions
 0002:00000A00       ButtonCount
 0002:00007404       ButtonNames
 0002:00000768       ButtonNames
 0001:00032318       Buttons
 0002:00000DB0       Buttons
 0002:00000B54       ButtonStyles
 0002:00008A78       ButtonWidths
 0001:00068FB8       BytesForPixels
 0001:00020DB4       BytesPerScanline
 0001:00068FAC       ByteSwap
 0001:00068FB0       ByteSwap16
 0001:00021118       ByteSwapColors
 0001:0000BBC4       ByteToCharIndex
 0001:0000BB9C       ByteToCharLen
 0001:0000BB60       ByteType
 0001:0000BAE8       ByteTypeTest
 0002:00008BC8       CachedComCtrlVer
 0001:0001D4F4       CalcJmpOffset
 0001:0004B8F0       CalcSplitterPos
 0001:00005BBC       CallNextHookEx
 0001:0000C7FC       CallTerminateProcs
 0001:00005BC4       CallWindowProc
 0001:0003F5B8       CancelDrag
 0002:00008B90       CanvasList
 0002:000088E8       CanvasList
 0002:00000740       Captions
 0002:00000C30       CaptureControl
 0002:0000948C       CaseMapping
 0002:0000908C       Categories
 0002:00000CD4       cBooleanToItemAutoFlag
 0002:00009C8C       CCCs
 0002:00008AAE       CF_COMPONENT
 0002:00008AAC       CF_PICTURE
 0002:00008818       ChangeAnyProc
 0001:0003DAE4       ChangeBiDiModeAlignment
 0002:00000AD8       CharCases
 0002:00000B08       CharCases
 0001:0000341C       CharFromWChar
 0001:00076C30       CharIsLower
 0001:00076DA4       CharIsLower
 0001:00076DB8       CharIsUpper
 0001:00076C44       CharIsUpper
 0001:0000BDA8       CharLength
 0001:00005BCC       CharLowerBuff
 0001:00005BD4       CharLowerBuffA
 0001:00005BDC       CharNext
 0001:0000024C       CharNext
 0001:0001F5A4       CharsetToIdent
 0001:0000BCB0       CharToByteIndex
 0001:0000BD14       CharToByteLen
 0001:00005BE4       CharToOemA
 0001:00005BEC       CharUpperBuff
 0001:00005BF4       CharUpperBuffA
 0001:00021BCC       CheckBool
 0001:00002984       CheckJmp
 0001:00005BFC       CheckMenuItem
 0002:00000D24       Checks
 0001:00019EEC       CheckSubComponents
 0001:0001C2B8       CheckSynchronize
 0001:00057B6C       CheckTaskWindow
 0001:0003F26C       CheckUndock
 0001:0000B9D4       CheckWin32Version
 0002:00008C0C       ChunkClasses
 0002:00000328       CInvalidCustomVariantType
 0002:00000CD8       cItemAutoFlagToBoolean
 0002:00000CD0       cItemAutoFlagToMenu
 0001:0001D744       Classes
 0001:00016140       ClassNotFound
 0002:00008814       ClearAnyProc
 0001:0001EE24       ClearColor
 0001:00073474       ClearExcepInfo
 0002:000046D8       ClearFlag
 0001:0007A42C       ClearInfoList
 0001:000130E8       ClearVariantTypeList
 0001:00005C04       ClientToScreen
 0001:00048E94       ClientToWindow
 0002:000006D8       ClipboardFormats
 0001:0002EA8C       Clipbrd
 0001:00005C0C       CloseClipboard
 0001:000056BC       CloseHandle
 0002:00008980       CloseThemeData
 0002:00008040       CmdLine
 0002:0000803C       CmdShow
 0002:00000CCC       cMenuAutoFlagToItem
 0001:0000D3B0       CmpUnimplemented
 0002:000054F0       CoAddRefServerProcess
 0002:000054E8       CoCreateInstanceEx
 0001:00076234       CodePageFromLocale
 0002:00005500       CoInitFlags
 0001:00013F94       CoInitialize
 0002:000054EC       CoInitializeEx
 0002:00000458       Colors
 0001:0001F39C       ColorToIdent
 0002:00000800       ColorToPretyName
 0001:0001F38C       ColorToRGB
 0002:000046F8       ColorValues
 0002:00004608       ColumnIncrement
 0002:000045D0       ColumnStart
 0001:0000592C       CombineRgn
 0002:00000AF4       ComboBoxStyles
 0002:00009050       ComClassManagerVar
 0001:00072924       ComConst
 0002:00008B18       ComCtlVersion
 0001:000326BC       ComCtrls
 0002:00008BDC       CommandPool
 0001:000272AC       CommCtrl
 0001:00029B20       CommDlg
 0001:000007AC       Commit
 0002:00008628       committedRoot
 0001:0007373C       ComObj
 0001:00050670       CompareFront
 0001:000074B0       CompareMem
 0001:00007480       CompareStr
 0001:000056C4       CompareString
 0001:000056CC       CompareStringA
 0001:000056D4       CompareStringW
 0001:000074D0       CompareText
 0001:000762A8       CompareTextWin95
 0001:000763A8       CompareTextWinNT
 0001:000079B8       CompareWith
 0001:00019FCC       ComponentCreated
 0002:0000A094       Compositions
 0001:000623D0       compressBound
 0001:000693A0       CompressZLIB
 0001:0002198C       ComputeAldusChecksum
 0001:0002EA48       ComStrs
 0001:0001DAB0       Consts
 0001:000271B0       Contnrs
 0002:00008B4E       ControlAtom
 0002:00008B54       ControlAtomString
 0001:0005C920       ControlHasHelp
 0001:0004C598       Controls
 0002:00007430       Conversions
 0001:0000AEE8       ConvertAddr
 0001:00009594       ConvertEraString
 0001:00007310       ConvertError
 0001:00007328       ConvertErrorFmt
 0001:00009700       ConvertYearString
 0001:000043AC       CopyArray
 0001:00023E54       CopyBitmap
 0001:0002451C       CopyBitmapAsMask
 0001:00005934       CopyEnhMetaFile
 0001:000320C8       CopyImage
 0001:00031690       CopyImage
 0001:00006100       CopyMemory
 0001:000244B8       CopyPalette
 0001:00069EB4       CopyPalette
 0001:0008DE7C       CopyParentImage
 0002:00000A4C       Copyright
 0001:000537A0       CopyToBest
 0002:000054F4       CoReleaseServerProcess
 0002:000054F8       CoResumeClassObjects
 0002:000054FC       CoSuspendClassObjects
 0001:00013F9C       CoUninitialize
 0001:0000BC20       CountChars
 0002:000088C4       CounterLock
 0002:0000032C       CRangeToType
 0001:000623EC       crc32
 0002:00008C10       crc_table
 0002:00009010       crc_table_computed
 0002:00006A94       crDragAlt
 0001:0000B428       CreateAssertException
 0001:0000B5B0       CreateAVObject
 0001:0000593C       CreateBitmap
 0001:00005944       CreateBrushIndirect
 0001:0006912C       CreateClassChunk
 0001:0000594C       CreateCompatibleBitmap
 0001:00005954       CreateCompatibleDC
 0001:0001A04C       CreateComponent
 0001:00005964       CreateDIBitmap
 0001:0000595C       CreateDIBSection
 0001:000056DC       CreateEvent
 0001:000056E4       CreateFile
 0001:000056EC       CreateFileMapping
 0001:0000596C       CreateFontIndirect
 0001:00005974       CreateHalftonePalette
 0001:00005C14       CreateIcon
 0001:0000B354       CreateInOutError
 0001:00005C1C       CreateMenu
 0001:0002A5E0       CreateMessageDialog
 0001:00070F7C       CreateMutex
 0001:0000597C       CreatePalette
 0001:00005984       CreatePenIndirect
 0001:00005C24       CreatePopupMenu
 0001:0000598C       CreateRectRgn
 0001:00005994       CreateRectRgnIndirect
 0001:0000599C       CreateSolidBrush
 0001:00021170       CreateSystemPalette
 0001:000056F4       CreateThread
 0001:00006224       CreateWindow
 0001:000061CC       CreateWindowEx
 0001:00078B88       CreateWMMessage
 0002:00000B70       CreationControl
 0002:00000738       CreationControl
 0002:00000394       CRelationshipToBoolean
 0002:00000310       CResult
 0002:00006A98       crMultiDragAlt
 0002:00006A90       crMultiDragLink
 0002:00006A9C       crMultiDragLinkAlt
 0002:00000138       cSimpleBoolStrs
 0002:00000340       CText
 0002:00000C6C       Ctl3DStyles
 0002:00000B4C       Ctl3DStyles
 0002:00008620       curAlloc
 0002:0000868C       CurrencyDecimals
 0002:00008688       CurrencyFormat
 0002:00008684       CurrencyString
 0001:00009428       CurrentYear
 0001:00008F20       CurrToStr
 0001:00011970       CurrToWStrViaOS
 0002:00000E4C       CursorMap
 0002:00000B80       Cursors
 0001:0003DE04       CursorToIdent
 0002:00000E3C       cUseAlpha
 0002:00000E44       cUseColorKey
 0001:0000770C       CvtInt
 0001:00007778       CvtInt64
 0002:00000178       CWNear
 0002:0000868D       DateSeparator
 0001:0000A03C       DateTimeToStr
 0001:00009FE0       DateTimeToString
 0001:00009074       DateTimeToTimeStamp
 0001:000119A8       DateToWStrViaOS
 0002:00006A18       Day
 0001:00009400       DayOfWeek
 0002:00000174       DCon10
 0002:00000454       DDBsOnly
 0001:0001D66C       DeallocateHWnd
 0002:00000028       DebugHook
 0002:0000868B       DecimalSeparator
 0001:000093E0       DecodeDate
 0001:00009290       DecodeDateFully
 0001:00009128       DecodeTime
 0001:0000086C       Decommit
 0001:00000F98       DecommitFree
 0002:000085FC       decommittedRoot
 0002:0000988C       Decompositions
 0001:000692B4       DecompressZLIB
 0001:0005FD6C       Default
 0001:0005A5A0       Default
 0002:00000020       Default8087CW
 0002:00000B74       DefaultDockTreeClass
 0002:000085C0       DefaultUserCodePage
 0002:000006A8       DefBrushData
 0002:000073FC       DefCompanyName
 0001:00005C44       DeferWindowPos
 0002:00000428       DefFontData
 0001:00005C2C       DefFrameProc
 0001:00063098       deflate
 0001:000634C4       deflateEnd
 0001:00062AF8       deflateInit_
 0002:00000204       DefLongDayNames
 0002:000001B8       DefLongMonthNames
 0001:00005C34       DefMDIChildProc
 0002:00000688       DefPenData
 0002:000001E8       DefShortDayNames
 0002:00000188       DefShortMonthNames
 0001:00005C3C       DefWindowProc
 0001:00004618       DelayLoadResourceModule
 0001:00000488       DeleteBlock
 0001:000056FC       DeleteCriticalSection
 0001:00000398       DeleteCriticalSection
 0001:000059A4       DeleteDC
 0001:000059AC       DeleteEnhMetaFile
 0001:00000D80       DeleteFree
 0001:00005C4C       DeleteMenu
 0001:000059B4       DeleteObject
 0001:000392EC       DeleteSelectedText
 0001:0007A408       DeleteType
 0001:00023A10       DeselectBitmap
 0001:0008DE20       DestroyAppStoragePropertyEngineList
 0001:00005C54       DestroyCursor
 0001:00005C5C       DestroyIcon
 0001:000321D8       DestroyLocals
 0001:00005C64       DestroyMenu
 0001:00005C6C       DestroyWindow
 0001:0006E580       DetectPixelFormat
 0002:0000AC34       dFatorDano
 0001:0003B20C       DialogEnumerationTester
 0001:0002AE30       Dialogs
 0002:000006E4       DIBPalSizes
 0002:0000008C       dig
 0001:000579A8       DisableTaskWindows
 0001:00072E88       DispatchInvoke
 0001:00073468       DispatchInvokeError
 0001:00078D20       DispatchIsDesignMsg
 0001:00005C74       DispatchMessage
 0001:0005DC00       DispatchShortCut
 0001:00073484       DispCall
 0001:00073568       DispCallByID
 0002:00008000       DispCallByIDProc
 0001:00073394       DispCallError
 0001:000072F4       DivMod
 0001:00078C30       DlgCodesToDlgc
 0001:00078BD8       DlgcToDlgCodes
 0001:00029B58       Dlgs
 0001:00043A7C       DoAlign
 0001:0005EFE4       DoAlign
 0001:00047B74       DoCalcConstraints
 0002:00008B84       DockSiteList
 0001:000543C0       DoClick
 0001:000451C0       DoControlMsg
 0001:00057958       DoDisableWindow
 0001:0003EB98       DoDragOver
 0001:0000736C       DoExitProc
 0001:00049BC4       DoFindControlZone
 0001:00057AAC       DoFindWindow
 0001:0004A150       DoFindZone
 0001:00049C48       DoForEach
 0001:0004B554       DoGetNextLimit
 0001:00057920       DoneApplication
 0001:0004C2C0       DoneControls
 0001:0000B8E4       DoneExceptions
 0001:0005BF7C       DoNestedActivation
 0001:0001C278       DoneThreadSynchronization
 0001:00061088       DoOnHelp
 0001:0004363C       DoPosition
 0001:0005EE34       DoPosition
 0001:0004AB7C       DoPrune
 0001:0002CA34       DoRect
 0001:0004B054       DoSaveZone
 0001:0004B258       DoSetNewBounds
 0002:000003B0       DotSep
 0002:00000A04       DownStyles
 0001:00022B2C       DoWrite
 0001:00021E24       DoWrite
 0001:00017520       DoWrite
 0001:0004ECD0       DoWrite
 0001:000447A8       DoWriteDesignSize
 0001:00042214       DoWriteIsControl
 0002:00008B68       DragCapture
 0002:00008B5C       DragControl
 0001:0003F2E0       DragDone
 0001:0003EB48       DragFindTarget
 0001:0003EB1C       DragFindWindow
 0002:00008B80       DragImageList
 0001:0003EF38       DragInit
 0001:0003F0A8       DragInitControl
 0002:00008B64       DragInternalObject
 0001:0003EA64       DragMessage
 0002:00008B60       DragObject
 0002:00008B8C       DragSave
 0002:00008B74       DragSaveCursor
 0002:00008B6C       DragStartPos
 0002:00008B78       DragThreshold
 0001:0003EC68       DragTo
 0001:0005FDA8       DrawAppIcon
 0002:00007400       DrawBitmap
 0001:0004A6E8       DrawCloseButton
 0001:000789E0       DrawDotNetControl
 0001:00078940       DrawDotNetControl
 0001:00005C7C       DrawEdge
 0001:00005C84       DrawFocusRect
 0001:00005C8C       DrawFrameControl
 0001:0004A740       DrawGrabberLine
 0001:00005C94       DrawIcon
 0001:00005C9C       DrawIconEx
 0002:00000CA8       DrawingStyles
 0001:00005CA4       DrawMenuBar
 0001:00055730       DrawMenuItem
 0001:00005CAC       DrawText
 0001:0007A1B0       DrawText
 0002:00008984       DrawThemeBackground
 0001:000783C8       DrawThemedBackground
 0001:0007839C       DrawThemedBackground
 0002:000089A8       DrawThemeEdge
 0002:000089AC       DrawThemeIcon
 0002:00008A30       DrawThemeParentBackground
 0002:00008988       DrawThemeText
 0001:00068C70       DrawTransparentBitmap
 0001:00020C34       DupBits
 0001:000043C4       DynArrayClear
 0001:000043CC       DynArraySetLength
 0002:00000D94       EdgeStyle
 0002:00000C5C       EdgeStyles
 0002:00000B3C       EdgeStyles
 0001:0000B328       EHeapException.FreeInstance
 0001:00070E90       EJclWin32Error.CreateRes
 0001:0007AAA4       EmitMessage
 0001:00005CB4       EmptyClipboard
 0002:00008800       EmptyParam
 0002:000000BC       EmptyStr
 0002:000000C0       EmptyWideStr
 0001:00005CBC       EnableMenuItem
 0002:00000D2C       Enables
 0001:00005CC4       EnableScrollBar
 0001:00057A5C       EnableTaskWindows
 0002:00008A18       EnableThemeDialogTexture
 0002:00008A34       EnableTheming
 0001:00005CCC       EnableWindow
 0001:00005CD4       EndDeferWindowPos
 0001:0001675C       EndGlobalLoading
 0001:00005CDC       EndPaint
 0002:0000AC04       energyBeam
 0002:0000ABFC       energyWave
 0001:00005704       EnterCriticalSection
 0001:00000388       EnterCriticalSection
 0001:0000570C       EnumCalendarInfoA
 0002:00008918       EnumDisplayMonitors
 0001:0000AB5C       EnumEraNames
 0001:0000AB98       EnumEraYearOffsets
 0001:0005AB64       EnumMonitorsProc
 0001:00005CE4       EnumThreadWindows
 0001:000197FC       EnumValue
 0001:00005CEC       EnumWindows
 0001:00072BB8       EOleException.Create
 0001:00072AE8       EOleSysError.Create
 0001:00005CF4       EqualRect
 0002:00008754       EraNames
 0001:0000A2B4       EraToYear
 0002:00008770       EraYearOffsets
 0002:00000064       errCaption
 0001:00018FE0       Error
 0001:00015CE4       Error
 0001:00001BD8       Error
 0001:000503C0       Error
 0002:00000004       ErrorAddr
 0001:00001B8C       ErrorAt
 0001:0000B3D4       ErrorHandler
 0002:00000220       ErrorMap
 0002:00008008       ErrorProc
 0002:000083E8       ErrOutput
 0001:00001B18       ExceptAddr
 0002:0000800C       ExceptClsProc
 0001:0000B850       ExceptHandler
 0001:0000B154       Exception.Create
 0001:0000B190       Exception.CreateFmt
 0001:0000B2E0       Exception.CreateHelp
 0001:0000B210       Exception.CreateRes
 0001:0000B24C       Exception.CreateResFmt
 0002:0000801C       ExceptionClass
 0001:0000AEF4       ExceptionErrorMessage
 0002:00000258       ExceptMap
 0001:00001AF8       ExceptObject
 0002:00008010       ExceptObjProc
 0002:00008004       ExceptProc
 0001:000059BC       ExcludeClipRect
 0002:00000000       ExitCode
 0001:00003148       ExitDll
 0002:00008048       ExitProc
 0001:00000254       ExitProcess
 0002:00008028       ExitProcessProc
 0002:00000134       ExitProcList
 0001:00007D00       ExpandFileName
 0001:00032504       ExtActns
 0001:0002E9E8       ExtCtrls
 0001:00032370       ExtDlgs
 0001:00007CB8       ExtractFileExt
 0001:00007C80       ExtractFileName
 0001:000059C4       ExtTextOut
 0002:0000AB9C       exura
 0002:0000ABA4       exuraGran
 0002:0000ABAC       exuraVita
 0002:00008790       FalseBoolStrs
 0002:00008AB4       FClipboard
 0002:00000168       FCon1E18
 0001:00007BF0       FileClose
 0001:00007B34       FileCreate
 0001:00007B58       FileCreate
 0002:000006DC       FileFormats
 0002:00000008       FileMode
 0001:00007ADC       FileOpen
 0001:00007B60       FileRead
 0002:000003EC       FilerSignature
 0001:00007BB8       FileSeek
 0001:00007B8C       FileWrite
 0001:00000EB8       FillAfterGap
 0001:00000E58       FillBeforeGap
 0001:00000F58       FillerSizeAfterGap
 0001:00000EE0       FillerSizeBeforeGap
 0001:00005CFC       FillRect
 0002:00000A0C       FillStyles
 0001:000736BC       Finalization
 0001:00073794       Finalization
 0001:00073808       Finalization
 0001:00073868       Finalization
 0001:000738A0       Finalization
 0001:00055A10       Finalization
 0001:0007390C       Finalization
 0001:0008DAE0       Finalization
 0001:0008DD98       Finalization
 0001:0008DDE8       Finalization
 0001:0004F420       Finalization
 0001:0008DE3C       Finalization
 0001:0004D860       Finalization
 0001:0004C530       Finalization
 0001:0000DB04       Finalization
 0001:0007438C       Finalization
 0001:00076420       Finalization
 0001:00076578       Finalization
 0001:0000D148       Finalization
 0001:0006208C       Finalization
 0001:00076604       Finalization
 0001:000728F4       Finalization
 0001:00076698       Finalization
 0001:00076724       Finalization
 0001:000769C0       Finalization
 0001:00076A60       Finalization
 0001:00076AEC       Finalization
 0001:00072868       Finalization
 0001:0008E484       Finalization
 0001:00091C90       Finalization
 0001:000727B4       Finalization
 0001:00076C58       Finalization
 0001:0003B484       Finalization
 0001:0003A800       Finalization
 0001:0003A698       Finalization
 0001:000332F0       Finalization
 0001:00032644       Finalization
 0001:0003250C       Finalization
 0001:00076DEC       Finalization
 0001:000324B4       Finalization
 0001:000771E0       Finalization
 0001:0003245C       Finalization
 0001:000323F8       Finalization
 0001:00032390       Finalization
 0001:000775B0       Finalization
 0001:00032340       Finalization
 0001:000322E0       Finalization
 0001:0002EAE4       Finalization
 0001:0002EA50       Finalization
 0001:0002EA18       Finalization
 0001:00077CC0       Finalization
 0001:0002E9A0       Finalization
 0001:00005268       Finalization
 0001:00067DC0       Finalization
 0001:00067E88       Finalization
 0001:0002ADD4       Finalization
 0001:00078308       Finalization
 0001:00072714       Finalization
 0001:00005498       Finalization
 0001:000055A0       Finalization
 0001:0007888C       Finalization
 0001:00029B28       Finalization
 0001:000710A4       Finalization
 0001:0001D694       Finalization
 0001:0001DA80       Finalization
 0001:00078908       Finalization
 0001:00029AF0       Finalization
 0001:00029AB8       Finalization
 0001:00029A80       Finalization
 0001:00071018       Finalization
 0001:00029A48       Finalization
 0001:00094860       Finalization
 0001:00029A10       Finalization
 0001:000299D8       Finalization
 0001:000299A0       Finalization
 0001:00029968       Finalization
 0001:000298F8       Finalization
 0001:00070F8C       Finalization
 0001:00028F74       Finalization
 0001:00095AB4       Finalization
 0001:00078DAC       Finalization
 0001:00028DC8       Finalization
 0001:000798FC       Finalization
 0001:00079934       Finalization
 0001:00070DB8       Finalization
 0001:00070D5C       Finalization
 0001:00079BE8       Finalization
 0001:00013534       Finalization
 0001:00079F9C       Finalization
 0001:000066CC       Finalization
 0001:00013740       Finalization
 0001:000063AC       Finalization
 0001:00028AA4       Finalization
 0001:00013FC0       Finalization
 0001:00006374       Finalization
 0001:00079FD4       Finalization
 0001:00028A6C       Finalization
 0001:00096224       Finalization
 0001:00028A24       Finalization
 0001:00027A3C       Finalization
 0001:000279FC       Finalization
 0001:0002727C       Finalization
 0001:0007A1E0       Finalization
 0001:00027180       Finalization
 0001:0007A298       Finalization
 0001:00026EC0       Finalization
 0001:0007A2D0       Finalization
 0001:0007A308       Finalization
 0001:00096540       Finalization
 0001:00013F08       Finalization
 0001:0007A340       Finalization
 0001:00026BE8       Finalization
 0001:0006F514       Finalization
 0001:00096578       Finalization
 0001:0007A51C       Finalization
 0001:0007A5C8       Finalization
 0001:0007A620       Finalization
 0001:0006F8A4       Finalization
 0001:0007A7AC       Finalization
 0001:0007A658       Finalization
 0001:000704C8       Finalization
 0001:0007A73C       Finalization
 0001:00070BB4       Finalization
 0001:000043BC       FinalizeArray
 0001:00073804       FinalizeSnmp
 0001:00073EAC       FinalizeSysInfo
 0001:00002F40       FinalizeUnits
 0001:00077C14       FinalizeUnitVersioning
 0001:00078818       FinalizeWMPrintClientFix
 0001:00054180       Find
 0001:000046A8       FindBS
 0001:00016200       FindClass
 0001:00004610       FindClassHInstance
 0001:00000264       FindClose
 0001:00000E14       FindCommitted
 0001:0003DBE4       FindControl
 0001:0004A37C       FindControlAtPos
 0001:00013444       FindCustomVariantType
 0001:0001338C       FindCustomVariantType
 0001:0003F604       FindDragTarget
 0001:0001A1FC       FindExistingComponent
 0001:0000026C       FindFirstFile
 0001:000165EC       FindGlobalComponent
 0001:00057BB8       FindGlobalComponent
 0002:00008864       FindGlobalComponentProcs
 0001:000045E8       FindHInstance
 0001:00016494       FindIdentToInt
 0002:00008A74       FindMsg
 0001:0001938C       FindNestedComponent
 0001:00050388       FindPopupControl
 0001:0000D7CC       FindProc
 0001:00005714       FindResource
 0001:00004660       FindResourceHInstance
 0001:000618BC       FindScanline
 0001:00057B10       FindTopMostWindow
 0001:0001B0E0       FindUniqueName
 0001:0003F5D0       FindVCLWindow
 0001:00005D04       FindWindow
 0001:0003B264       FindWinHelp
 0001:00078748       FindWMPrintClient
 0002:0000ABF4       fireWave
 0001:000786D4       FixedWMPrintClient
 0001:00023E08       FixupBitFields
 0002:00000DA4       Flags
 0002:000087A0       FLanguages
 0001:00028DF8       FlatSB
 0002:00008944       FlatSB_EnableScrollBar
 0002:00008950       FlatSB_GetScrollInfo
 0002:00008954       FlatSB_GetScrollPos
 0002:0000894C       FlatSB_GetScrollRange
 0002:0000895C       FlatSB_SetScrollInfo
 0002:00008958       FlatSB_SetScrollPos
 0001:00028AE8       FlatSB_SetScrollProp
 0002:00008960       FlatSB_SetScrollRange
 0002:00008948       FlatSB_ShowScrollBar
 0001:00008BB0       FloatToDecimal
 0001:00008EF0       FloatToStr
 0001:000085E8       FloatToText
 0001:000088BC       FloatToTextFmt
 0001:00001DCC       Flush
 0002:0000017C       FMSecsPerDay
 0001:000084DC       FmtStr
 0002:00000DC0       FocusCount
 0002:00000DBC       FocusMessages
 0002:000005F8       FontCharsets
 0002:000088DC       FontManager
 0001:00057B8C       ForegroundTask
 0002:00000184       Format
 0001:000084C8       Format
 0001:000080B8       FormatBuf
 0001:000080AC       FormatClearStr
 0001:00008030       FormatError
 0002:00000160       FormatErrorStrs
 0001:00008F50       FormatFloat
 0001:0000571C       FormatMessage
 0001:0007AAAC       FormatMessage
 0001:00008088       FormatVarToStr
 0001:000620E8       Forms
 0001:0000209C       FPower10
 0002:00000734       FPrinter
 0001:0002CAF8       Frame3D
 0001:00005D0C       FrameRect
 0001:0000CD28       FreeAndNil
 0001:00069080       FreeChunkClassList
 0001:00000B14       FreeCommitted
 0001:0000114C       FreeCurAlloc
 0001:0003F6C4       FreeDeviceContext
 0001:0003F780       FreeDeviceContexts
 0001:0001D460       FreeIntConstList
 0001:00005724       FreeLibrary
 0001:00000274       FreeLibrary
 0001:00023964       FreeMemoryContexts
 0001:0001D594       FreeObjectInstance
 0001:00057C38       FreeObjectInstance
 0001:0000573C       FreeResource
 0001:000006E4       FreeSpace
 0001:0000C828       FreeTerminateProcs
 0001:00028FAC       FreeThemeLibrary
 0001:0007A3AC       FreeTypeData
 0001:00076414       FreeUnicodeData
 0002:00008B14       FRichEditModule
 0002:0000AB48       frmCalcMage
 0002:0000AC30       frmDanoFisico
 0002:0000AC58       frmMenu
 0002:0000AC50       frmNextLevelExp
 0001:0006F570       frxpngimage
 0001:00067EB8       frxpnglang
 0001:00067DF0       frxZLib
 0001:00020C24       GDICheck
 0001:00020B7C       GDIError
 0001:000059CC       GdiFlush
 0002:0000AC0C       gEnergyBeam
 0001:00001CD4       Get8087CW
 0001:00077E94       GetAccessToHandleList
 0001:00005744       GetACP
 0001:00005D14       GetActiveWindow
 0001:0005F4C0       GetAnimation
 0001:00029F3C       GetAveCharSize
 0001:0002F7A0       GetBitBtnGlyph
 0001:000059D4       GetBitmapBits
 0001:000003A0       GetBlockDesc
 0001:000059DC       GetBrushOrgEx
 0001:00006184       GetBValue
 0001:0006EB14       GetByteArrayPixel
 0001:00005D1C       GetCapture
 0001:0003DF00       GetCaptureControl
 0001:000161AC       GetClass
 0001:00005D24       GetClassInfo
 0001:00005D2C       GetClassName
 0001:00005D34       GetClientRect
 0001:00005D3C       GetClipboardData
 0001:00022684       GetClipboardFormats
 0001:000059E4       GetClipBox
 0001:000059EC       GetClipRgn
 0001:0000033C       GetCmdShow
 0001:0004DAB8       GetColor
 0001:000325E4       GetComCtlVersion
 0001:0000027C       GetCommandLine
 0001:00000928       GetCommitted
 0001:000009D0       GetCommittedAt
 0001:00044D74       GetControlAtPos
 0001:000094EC       GetCount
 0001:0000574C       GetCPInfo
 0001:000059F4       GetCurrentPositionEx
 0001:00005754       GetCurrentProcessId
 0002:00008A28       GetCurrentThemeName
 0001:0000575C       GetCurrentThreadId
 0001:0000032C       GetCurrentThreadId
 0001:000060F8       GetCurrentTime
 0001:00005D44       GetCursor
 0001:000618CC       GetCursorHeightMargin
 0001:00005D4C       GetCursorPos
 0001:0000951C       GetDate
 0001:00005764       GetDateFormat
 0001:0000A1CC       GetDateOrder
 0001:00005D54       GetDC
 0001:00005D5C       GetDCEx
 0001:000059FC       GetDCOrgEx
 0001:000267F0       GetDefFontCharSet
 0001:00005D64       GetDesktopWindow
 0001:00005A14       GetDeviceCaps
 0001:00021BB4       GetDIB
 0001:00005A04       GetDIBColorTable
 0001:00005A0C       GetDIBits
 0001:00021AFC       GetDIBSizes
 0001:00020D94       GetDInColors
 0001:0000576C       GetDiskFreeSpaceA
 0002:00000130       GetDiskFreeSpaceEx
 0001:0004B634       GetDockAlign
 0001:0003E8A8       GetDockSiteAtPos
 0001:0003EBD4       GetDropCtl
 0001:0000272C       GetDynaMethod
 0001:00078224       GetDynamicAddressList
 0001:0007821C       GetDynamicIndexList
 0001:00078210       GetDynamicMethodCount
 0001:00005A1C       GetEnhMetaFileBits
 0001:00005A24       GetEnhMetaFileHeader
 0001:00005A2C       GetEnhMetaFilePaletteEntries
 0001:000137B0       GetEnumNameValue
 0001:000137FC       GetEnumValue
 0001:0000AC10       GetEraNamesAndYearOffsets
 0001:0000A260       GetEraYearOffset
 0001:00013FAC       GetErrorInfo
 0001:0000B598       GetExceptionClass
 0001:0000B784       GetExceptionObject
 0001:00016134       GetFieldClassTable
 0001:00022664       GetFileFormats
 0001:0000B9F4       GetFileVersion
 0001:0000590C       GetFileVersionInfo
 0001:00005914       GetFileVersionInfoSize
 0001:00005D6C       GetFocus
 0001:0001F5C4       GetFontData
 0001:00005D74       GetForegroundWindow
 0001:0000C29C       GetFormatSettings
 0001:00005774       GetFullPathName
 0001:0006EE38       GetGrayLinePixel
 0001:00006180       GetGValue
 0001:0001EB0C       GetHashCode
 0001:0005C958       GetHelpInfo
 0001:00027EBC       GetHelpSystem
 0001:0005F2A4       GetHint
 0001:00078C74       GetHintColor
 0001:0005F2DC       GetHintControl
 0001:000558B0       GetHotkey
 0001:00005D7C       GetIconInfo
 0001:00073200       GetIDsOfNames
 0001:00005D94       GetKeyboardLayout
 0001:00005D9C       GetKeyboardLayoutList
 0001:00005DA4       GetKeyboardState
 0001:00002388       GetKeyboardType
 0001:00005D84       GetKeyNameText
 0001:00005D8C       GetKeyState
 0001:00005DAC       GetLastActivePopup
 0001:000498FC       GetLastChildZone
 0001:0000577C       GetLastError
 0001:0000A9D4       GetLocaleChar
 0001:00000284       GetLocaleInfo
 0001:0000578C       GetLocaleInfo
 0001:0000A988       GetLocaleStr
 0001:00005784       GetLocalTime
 0001:0003DE68       GetLongHint
 0001:00005DB4       GetMenu
 0001:0005C8E0       GetMenuHelpContext
 0001:00005DBC       GetMenuItemCount
 0001:00005DC4       GetMenuItemID
 0001:00005DCC       GetMenuItemInfo
 0001:000529CC       GetMenuSize
 0001:00005DD4       GetMenuState
 0001:00005DDC       GetMenuString
 0001:00005794       GetModuleFileName
 0001:0000028C       GetModuleFileName
 0001:0000579C       GetModuleHandle
 0001:00005390       GetModuleHandle
 0001:00000294       GetModuleHandle
 0001:000767B0       GetModulePath
 0002:0000890C       GetMonitorInfo
 0002:00008910       GetMonitorInfoA
 0002:00008914       GetMonitorInfoW
 0001:0000AA38       GetMonthDayNames
 0001:00073C04       GetNativeSystemInfo
 0001:00005A34       GetNearestPaletteIndex
 0001:00005DE4       GetNextWindow
 0001:00005A3C       GetObject
 0001:000138D0       GetOrdProp
 0001:00005A44       GetPaletteEntries
 0001:00005DEC       GetParent
 0001:00057D8C       GetParentForm
 0001:00005A4C       GetPixel
 0001:000057A4       GetProcAddress
 0001:0000029C       GetProcAddress
 0001:00005DF4       GetProp
 0001:00013860       GetPropInfo
 0001:0005824C       GetRealScrollPosition
 0001:0004DA98       GetRGBColor
 0001:0006ED9C       GetRGBLinePixel
 0001:0000617C       GetRValue
 0001:00005DFC       GetScrollInfo
 0001:00005E04       GetScrollPos
 0001:00005E0C       GetScrollRange
 0001:0003DE24       GetShortHint
 0001:00000608       GetSpace
 0001:0000066C       GetSpaceAt
 0001:00050418       GetSpecialName
 0001:000002A4       GetStartupInfo
 0001:000057AC       GetStdHandle
 0001:00000224       GetStdHandle
 0001:00005A54       GetStockObject
 0001:000057B4       GetStringTypeEx
 0001:000057BC       GetStringTypeExA
 0001:00005E14       GetSubMenu
 0001:00005E1C       GetSysColor
 0001:00005E24       GetSysColorBrush
 0001:000057C4       GetSystemInfo
 0001:00005E2C       GetSystemMenu
 0002:000088FC       GetSystemMetrics
 0001:00005E34       GetSystemMetrics
 0001:00005A5C       GetSystemPaletteEntries
 0001:00005A6C       GetTextExtentPoint
 0001:00005A64       GetTextExtentPoint32
 0001:00005A74       GetTextMetrics
 0002:00008A20       GetThemeAppProperties
 0002:0000898C       GetThemeBackgroundContentRect
 0002:00008990       GetThemeBackgroundExtent
 0002:000089A0       GetThemeBackgroundRegion
 0002:000089C4       GetThemeBool
 0002:000089B8       GetThemeColor
 0002:00008A2C       GetThemeDocumentationProperty
 0002:000089CC       GetThemeEnumValue
 0002:000089EC       GetThemeFilename
 0002:000089D4       GetThemeFont
 0002:000089C8       GetThemeInt
 0002:000089E0       GetThemeIntList
 0002:000089DC       GetThemeMargins
 0002:000089BC       GetThemeMetric
 0002:00008994       GetThemePartSize
 0002:000089D0       GetThemePosition
 0002:000089E4       GetThemePropertyOrigin
 0002:000089D8       GetThemeRect
 0002:000089C0       GetThemeString
 0001:000786BC       GetThemeStyle
 0002:000089F8       GetThemeSysBool
 0002:000089F0       GetThemeSysColor
 0002:000089F4       GetThemeSysColorBrush
 0002:00008A00       GetThemeSysFont
 0002:00008A08       GetThemeSysInt
 0002:000089FC       GetThemeSysSize
 0002:00008A04       GetThemeSysString
 0002:00008998       GetThemeTextExtent
 0002:0000899C       GetThemeTextMetrics
 0001:000002AC       GetThreadLocale
 0001:000057CC       GetThreadLocale
 0001:000057D4       GetTickCount
 0001:00009554       GetTime
 0001:000053BC       GetTlsSize
 0001:0005FA84       GetTopMostWindows
 0001:0003E008       GetTopParent
 0001:00005E3C       GetTopWindow
 0001:000137A4       GetTypeData
 0001:00077A00       GetUnitVersioning
 0001:00000334       GetVersion
 0001:000057DC       GetVersion
 0001:000057E4       GetVersionEx
 0001:00070F84       GetVersionEx
 0001:00005A7C       GetViewportOrgEx
 0001:00005E44       GetWindow
 0001:00005E4C       GetWindowDC
 0001:00005E54       GetWindowLong
 0001:00005A8C       GetWindowOrgEx
 0001:00005E5C       GetWindowPlacement
 0001:00005E64       GetWindowRect
 0001:00073998       GetWindowsVersion
 0001:00005E6C       GetWindowText
 0002:00008A14       GetWindowTheme
 0001:00005E74       GetWindowThreadProcessId
 0001:00005E7C       GetWindowThreadProcessId
 0001:00005A84       GetWinMetaFileBits
 0002:0000AB94       gfb
 0001:000057EC       GlobalAddAtom
 0001:000057F4       GlobalAlloc
 0001:00006114       GlobalAllocPtr
 0001:000057FC       GlobalDeleteAtom
 0001:00005804       GlobalFindAtom
 0002:00008868       GlobalFixupList
 0001:000194D4       GlobalFixupReferences
 0001:0000580C       GlobalFree
 0001:00006140       GlobalFreePtr
 0001:0000581C       GlobalHandle
 0001:00005814       GlobalLock
 0002:000069FC       GlobalMMFHandleListCS
 0002:0000884C       GlobalNameSpace
 0001:00005824       GlobalReAlloc
 0001:00006124       GlobalReAllocPtr
 0002:0000AB38       GlobalRegisteredAppStoragePropertyEngineList
 0002:0000AB3C       GlobalRegisteredAppStoragePropertyEngineListDestroyed
 0002:000069D0       GlobalUnitVersioning
 0001:0000582C       GlobalUnlock
 0002:000009FC       GlyphCache
 0001:00026730       GraphicExtension
 0001:00026CBC       Graphics
 0002:00007468       GraphicSignatures
 0001:0007A338       Grids
 0001:00016328       GroupDescendentsWith
 0002:000003B4       GUID_NULL
 0001:0000E5E4       HandleConversionException
 0001:00078AAC       HandleDotNetHighlighting
 0001:0005CB60       HandleEdge
 0001:0001A938       HandleException
 0001:00036810       HasPopup
 0001:000392C0       HasSelectedText
 0002:0000ABE4       healFriend
 0002:00000024       HeapAllocFlags
 0002:000085C8       heapErrorCode
 0002:000085CC       heapLock
 0001:00028A64       HelpIntfs
 0002:00008938       HelpManager
 0002:00008A70       HelpMsg
 0002:00008B38       HelpViewer
 0002:00008B3C       HelpViewerIntf
 0002:00006AA8       HexChars
 0002:0000012C       HexDisplayPrefix
 0002:00000AE4       HideSelections
 0001:0004B6B0       HideZone
 0002:00008668       HInstance
 0002:00008BF4       HintDoneEvent
 0001:0005F3AC       HintGetMsgHook
 0002:00008BF8       HintHook
 0001:0005F350       HintMouseThread
 0002:00008BFC       HintThread
 0002:00008BF0       HintThreadID
 0001:0005F2FC       HintTimerProc
 0002:00000DB4       HintWindowClass
 0002:000089A4       HitTestThemeBackground
 0002:0000AB7C       hmm
 0001:0005F3F0       HookHintHooks
 0001:0000627C       HwndMSWheel
 0002:0000AC3C       iAtqArma
 0002:00000D48       IBreaks
 0002:0000ABBC       iceWave
 0002:00000D54       IChecks
 0002:0000AB84       icicle
 0002:00000754       IconIDs
 0002:00004664       IDATHeader
 0002:00000D5C       IDefaults
 0001:0001F5B4       IdentToCharset
 0001:0001F3AC       IdentToColor
 0001:0003DE14       IdentToCursor
 0001:00016510       IdentToInt
 0002:00000D64       IEnables
 0001:00053770       IfHotkeyAvailable
 0002:000073B4       IgnorePropertyList
 0002:0000AB54       iHP
 0002:0000AC44       iLevel
 0002:0000AB4C       iLvl
 0002:00008BCC       ImageListWriteExProc
 0001:000271D0       ImageList_Add
 0001:000271F0       ImageList_AddIcon
 0001:0002721C       ImageList_BeginDrag
 0001:000271B8       ImageList_Create
 0001:000271C0       ImageList_Destroy
 0001:0002722C       ImageList_DragEnter
 0001:00027234       ImageList_DragLeave
 0001:0002723C       ImageList_DragMove
 0001:0002724C       ImageList_DragShowNolock
 0001:000271FC       ImageList_Draw
 0001:0002720C       ImageList_DrawEx
 0001:00027224       ImageList_EndDrag
 0001:000271E8       ImageList_GetBkColor
 0001:00027254       ImageList_GetDragImage
 0001:0002726C       ImageList_GetIconSize
 0001:000271C8       ImageList_GetImageCount
 0001:0002725C       ImageList_Read
 0001:00027214       ImageList_Remove
 0001:00027204       ImageList_Replace
 0001:000271D8       ImageList_ReplaceIcon
 0001:000271E0       ImageList_SetBkColor
 0001:00027244       ImageList_SetDragCursorImage
 0001:00027274       ImageList_SetIconSize
 0001:00027264       ImageList_Write
 0002:00000CB8       Images
 0002:0000AC48       iMagic
 0001:0004F450       ImgList
 0002:0000AB50       iML
 0001:00027A6C       Imm
 0002:00000C9C       IMM32DLL
 0001:0004C2AC       Imm32IsIME
 0002:0000AB58       iMP
 0002:00000180       IMSecsPerDay
 0001:0000E6D0       InBounds
 0001:0000E970       InBounds
 0001:0007869C       IncludeThemeStyle
 0001:0000E9A0       Increment
 0001:0000E700       Increment
 0001:000644A8       inflate
 0001:000657EC       inflateEnd
 0001:00064374       inflateInit_
 0001:00005E84       InflateRect
 0001:00064248       inflateReset
 0002:00006A00       InfMantissa
 0001:000323D8       IniFiles
 0001:00000BA8       InitAllocator
 0001:000272B4       InitAnApi
 0002:00008924       InitApis
 0001:00073644       InitComObj
 0001:000167B8       InitComponent
 0002:00008638       InitContext
 0001:0004C348       InitControls
 0001:0007AD7C       InitDecompressor
 0001:0007BDCC       InitDefaults
 0001:00026834       InitDefFontData
 0001:0000C854       InitDriveSpacePtr
 0001:0000B860       InitExceptions
 0001:00028B44       InitFlatSB
 0001:0002AC80       InitGlobals
 0001:000219B4       InitializeBitmapInfoHeader
 0001:00000380       InitializeCriticalSection
 0001:00005834       InitializeCriticalSection
 0002:000085C4       initialized
[...]
   593 0001:0009015B   594 0001:00090164   595 0001:00090171   596 0001:00090178
   597 0001:0009017F   598 0001:00090186   599 0001:00090190   600 0001:00090197
   601 0001:000901A9   602 0001:000901B4   603 0001:000901C8   604 0001:000901DE
   605 0001:00090205   608 0001:00090214   609 0001:0009021F   610 0001:0009022B
   611 0001:00090241   614 0001:00090244   615 0001:0009024A   616 0001:00090253
   618 0001:0009025C   619 0001:00090260   623 0001:00090270   624 0001:00090274
   626 0001:0009027F   631 0001:00090288   632 0001:00090293   633 0001:0009029C
   635 0001:000902AB   636 0001:000902C4   638 0001:00090306   639 0001:0009030D
   642 0001:00090314   645 0001:0009031C   646 0001:00090320   647 0001:00090327
   649 0001:0009032D   650 0001:00090336   651 0001:00090341   653 0001:00090348
   656 0001:0009034C   657 0001:0009034E   658 0001:00090352   659 0001:0009035C
   660 0001:00090377   663 0001:0009037C   664 0001:0009037D   665 0001:00090387
   666 0001:00090397   676 0001:0009039C   677 0001:000903A8   679 0001:000903B5
   680 0001:000903C7   683 0001:000903CC   684 0001:000903D5   686 0001:000903E3
   688 0001:000903FB   690 0001:0009040D   691 0001:00090419   693 0001:0009042A
   694 0001:00090431   697 0001:00090447   699 0001:00090451   688 0001:00090452
   702 0001:00090455   704 0001:00090475   705 0001:0009048D   707 0001:0009049F
   708 0001:000904BB   710 0001:000904C9   711 0001:000904DC   712 0001:000904EF
   713 0001:0009050B   714 0001:0009052F   718 0001:00090547   719 0001:00090552
   720 0001:00090573   726 0001:00090589   727 0001:0009059D   728 0001:000905B4
   729 0001:000905C0   731 0001:000905E3   732 0001:000905F6   734 0001:00090606
   736 0001:00090616   737 0001:0009062A   738 0001:0009063D   739 0001:00090657
   740 0001:00090671   742 0001:00090684   743 0001:0009068F   744 0001:0009069C
   745 0001:000906A0   747 0001:000906A4   749 0001:000906A7   750 0001:000906AA
   751 0001:000906AD   752 0001:000906B0   754 0001:000906B3   756 0001:000906C4
   757 0001:000906D8   761 0001:000906ED   764 0001:000906F9   765 0001:00090705
   768 0001:00090715   769 0001:00090727   776 0001:000907D5   777 0001:000907EB
   778 0001:000907FE   779 0001:00090814   780 0001:0009082B   781 0001:0009083E
   782 0001:0009085D   786 0001:0009087C   787 0001:00090892   788 0001:000908A9
   789 0001:000908BF   793 0001:000908E3   795 0001:000908F4   803 0001:00090928
   804 0001:0009092B   805 0001:00090935   806 0001:00090939   807 0001:00090943
   808 0001:0009094D   809 0001:00090951   810 0001:0009095B   812 0001:00090960
   813 0001:00090969   814 0001:00090973   816 0001:0009097D   817 0001:00090984
   819 0001:000909A0   820 0001:000909BB   822 0001:000909C5   823 0001:000909CC
   825 0001:000909E8   828 0001:000909F0   829 0001:000909F1   830 0001:00090A00
   840 0001:00090A04   843 0001:00090A2A   845 0001:00090A3E   846 0001:00090A5B
   848 0001:00090A6D   850 0001:00090A77   851 0001:00090A86   852 0001:00090A90
   853 0001:00090A9A   854 0001:00090AB5   855 0001:00090ABA   856 0001:00090AC3
   857 0001:00090ACC   858 0001:00090AD5   859 0001:00090ADE   860 0001:00090AF3
   861 0001:00090B14   863 0001:00090B1F   865 0001:00090B49   866 0001:00090B72
   868 0001:00090B82   871 0001:00090BAF   873 0001:00090BD8   874 0001:00090BE3
   876 0001:00090BF0   877 0001:00090BF9   878 0001:00090C08   881 0001:00090C4D
   884 0001:00090C54   885 0001:00090C57   886 0001:00090C5E   887 0001:00090C65
   893 0001:00090C68   894 0001:00090C6F   897 0001:00090C75   899 0001:00090C8D
   900 0001:00090C9B   902 0001:00090CCD   903 0001:00090CD6   904 0001:00090CDA
   907 0001:00090CE6   908 0001:00090CEF   914 0001:00090CF4   915 0001:00090CFB
   917 0001:00090D05   918 0001:00090D13   920 0001:00090D2B   922 0001:00090D5D
   924 0001:00090D66   925 0001:00090D6F   927 0001:00090D76   928 0001:00090D7A
   931 0001:00090D86   932 0001:00090D8F   936 0001:00090D94   938 0001:00090DA6
   939 0001:00090DB3   941 0001:00090DC3   945 0001:00090DC4   946 0001:00090DD3
   947 0001:00090DE8   951 0001:00090DEC   953 0001:00090DF4   954 0001:00090DFA
   956 0001:00090DFF   960 0001:00090E00   962 0001:00090E08   963 0001:00090E0E
   965 0001:00090E13   969 0001:00090E14   971 0001:00090E1C   972 0001:00090E22
   974 0001:00090E27   985 0001:00090E28   987 0001:00090E31   988 0001:00090E36
   991 0001:00090E39   992 0001:00090E3E   996 0001:00090E40   998 0001:00090E48
   999 0001:00090E4E  1001 0001:00090E53  1004 0001:00090E54  1005 0001:00090E57
  1006 0001:00090E5E  1007 0001:00090E65  1010 0001:00090E68  1011 0001:00090E6E
  1013 0001:00090E76  1014 0001:00090E88  1015 0001:00090E91  1016 0001:00090E97
  1018 0001:00090E9E  1022 0001:00090EA4  1023 0001:00090EBB  1025 0001:00090EE6
  1026 0001:00090EED  1027 0001:00090F0B  1028 0001:00090F14  1031 0001:00090F1D
  1032 0001:00090F2C  1039 0001:00090F38  1040 0001:00090F49  1042 0001:00090F63
  1043 0001:00090F6D  1044 0001:00090F7C  1045 0001:00090F8B  1047 0001:00090F9D
  1048 0001:00090FAB  1049 0001:00090FAD  1050 0001:00090FBB  1051 0001:00090FBD
  1052 0001:00090FCB  1053 0001:00090FCD  1054 0001:00090FDB  1055 0001:00090FDD
  1056 0001:00090FE1  1058 0001:00090FF0  1059 0001:00090FF9  1061 0001:00090FFD
  1063 0001:0009100C  1064 0001:00091015  1066 0001:00091019  1068 0001:0009101F
  1069 0001:00091031  1074 0001:0009103A  1075 0001:0009104B  1077 0001:00091054
  1078 0001:00091072  1080 0001:0009107B  1082 0001:00091082  1086 0001:0009108C
  1087 0001:00091096  1089 0001:000910A8  1090 0001:000910AF  1091 0001:000910B8
  1092 0001:000910BF  1095 0001:000910C8  1096 0001:000910DA  1099 0001:000910E0
  1100 0001:000910E6  1101 0001:000910F5  1102 0001:000910FE  1103 0001:00091105
  1106 0001:0009110C  1107 0001:0009110F  1108 0001:00091119  1109 0001:0009111F
  1110 0001:00091126  1111 0001:0009112D  1114 0001:00091130  1115 0001:00091133
  1116 0001:0009113A  1117 0001:00091143  1118 0001:00091149  1122 0001:0009114C
  1123 0001:00091152  1124 0001:00091157  1128 0001:00091158  1129 0001:00091162
  1132 0001:00091164  1133 0001:00091167  1134 0001:0009116E  1135 0001:0009117A
  1136 0001:00091181  1139 0001:00091184  1140 0001:00091187  1141 0001:0009118E
  1142 0001:0009119A  1143 0001:000911A1  1148 0001:000911A4  1149 0001:000911AD
  1150 0001:000911B2  1151 0001:000911C3  1152 0001:000911DB  1154 0001:000911F0
  1155 0001:000911FC  1156 0001:000911FE  1150 0001:000911FF  1157 0001:00091205
  1180 0001:0009124C  1181 0001:0009126E  1184 0001:000912BC  1185 0001:000912C7
  1186 0001:000912D2  1187 0001:000912DC  1188 0001:000912E5  1189 0001:000912F3
  1190 0001:000912FE  1191 0001:00091309  1192 0001:00091314  1193 0001:0009131F
  1194 0001:00091325  1195 0001:0009132B  1196 0001:00091332  1197 0001:00091339
  1198 0001:00091344  1200 0001:00091353  1201 0001:0009135A  1202 0001:00091363
  1204 0001:00091372  1206 0001:00091379  1207 0001:00091398  1208 0001:000913AA
  1210 0001:000913C3  1211 0001:000913DC  1212 0001:000913EB  1213 0001:00091404
  1214 0001:0009141B  1207 0001:0009141C  1216 0001:0009141F  1217 0001:0009142B
  1218 0001:0009142E  1219 0001:0009143C  1220 0001:0009143E  1221 0001:00091443
  1222 0001:00091448  1224 0001:00091450  1225 0001:0009145D  1226 0001:00091468
  1227 0001:00091473  1230 0001:00091490  1231 0001:0009149F  1237 0001:000914DC
  1238 0001:000914E2  1239 0001:000914EE  1240 0001:000914F5  1241 0001:000914FB
  1242 0001:00091501  1243 0001:00091508  1244 0001:00091513  1248 0001:00091518
  1249 0001:0009151E  1250 0001:00091524  1252 0001:00091527  1253 0001:0009152D
  1254 0001:00091535  1255 0001:0009153B  1256 0001:00091541  1257 0001:0009154A
  1258 0001:0009157B  1259 0001:00091583  1260 0001:00091589  1262 0001:00091592
  1263 0001:000915A0  1222 0001:000915A1  1265 0001:000915A9  1266 0001:000915CA
  1269 0001:000915CD  1270 0001:000915D2  1271 0001:000915D7  1272 0001:000915E0
  1274 0001:000915ED  1276 0001:00091604  1278 0001:00091612  1279 0001:0009161D
  1281 0001:0009162A  1283 0001:00091641  1287 0001:0009164F  1289 0001:00091659
  1290 0001:00091673  1291 0001:0009167B  1292 0001:0009167D  1293 0001:00091682
  1297 0001:00091688  1296 0001:00091689  1298 0001:00091699  1300 0001:0009169D
  1303 0001:000916B2  1302 0001:000916B3  1304 0001:000916C7  1305 0001:000916EF
  1307 0001:000916F2  1293 0001:000916F3  1312 0001:000916F7  1313 0001:000916FC
  1315 0001:0009170D  1317 0001:00091719  1318 0001:0009172E  1320 0001:00091734
  1321 0001:00091741  1322 0001:00091744  1324 0001:0009175E  1326 0001:00091776
  1313 0001:00091777  1329 0001:0009177A  1331 0001:00091783  1332 0001:0009178E
  1333 0001:00091794  1334 0001:000917A2  1336 0001:000917AA  1338 0001:000917B5
  1339 0001:000917BA  1340 0001:000917C3  1341 0001:000917C9  1343 0001:000917D4
  1344 0001:000917D9  1345 0001:000917E4  1347 0001:000917EF  1348 0001:00091800
  1349 0001:00091811  1350 0001:00091826  1352 0001:0009183E  1354 0001:00091881
  1359 0001:00091890  1360 0001:00091897  1361 0001:0009189D  1362 0001:000918A6
  1364 0001:000918AA  1365 0001:000918B4  1366 0001:000918C4  1367 0001:000918CE
  1369 0001:000918EE  1370 0001:00091902  1372 0001:00091909  1376 0001:00091910
  1377 0001:00091913  1382 0001:00091914  1383 0001:0009191B  1384 0001:00091921
  1385 0001:0009192A  1387 0001:0009192E  1388 0001:00091938  1389 0001:00091948
  1390 0001:00091952  1392 0001:00091972  1393 0001:00091986  1395 0001:0009198D
  1399 0001:00091994  1400 0001:00091997  1404 0001:00091998  1405 0001:0009199B
  1406 0001:000919A7  1407 0001:000919B2  1411 0001:000919B4  1412 0001:000919BA
  1416 0001:000919BC  1417 0001:000919C2  1421 0001:000919C4  1422 0001:000919CC
  1426 0001:000919D0  1427 0001:000919D6  1431 0001:000919D8  1432 0001:000919DE
  1435 0001:000919E0  1436 0001:000919E4  1437 0001:000919F2  1438 0001:000919F9
  1441 0001:000919FC  1442 0001:00091A03  1444 0001:00091A0E  1445 0001:00091A17
  1447 0001:00091A2C  1450 0001:00091A30  1451 0001:00091A31  1452 0001:00091A3F
  1453 0001:00091A46  1457 0001:00091A48  1458 0001:00091A68  1460 0001:00091A7E
  1461 0001:00091A8F  1462 0001:00091AA0  1463 0001:00091AB1  1465 0001:00091ADF
  1469 0001:00091AE4  1470 0001:00091AF6  1471 0001:00091AFB  1475 0001:00091AFC
  1476 0001:00091B02  1478 0001:00091B12  1479 0001:00091B1F  1482 0001:00091B29
  1484 0001:00091B39  1485 0001:00091B46  1488 0001:00091B4F  1489 0001:00091B56
  1493 0001:00091B84  1494 0001:00091B8A  1499 0001:00091B8C  1500 0001:00091B92
  1502 0001:00091B9B  1503 0001:00091BAB  1504 0001:00091BC4  1509 0001:00091BDC
  1510 0001:00091BFB  1512 0001:00091C0F  1514 0001:00091C1A  1515 0001:00091C33
  1518 0001:00091C44  1520 0001:00091C76  1530 0001:00091CC0  1530 0001:00091CC7

Line numbers for UCalcMage(..\Calculadora de Mages\UCalcMage.pas) segment .text

   125 0001:00092374   126 0001:00092390   128 0001:000923A4   129 0001:000923AE
   132 0001:000923C1   134 0001:000923D5   135 0001:000923DF   139 0001:000923F2
   140 0001:0009240D   141 0001:00092428   142 0001:0009244D   143 0001:00092454
   144 0001:00092466   147 0001:0009246F   148 0001:0009248C   149 0001:0009249D
   151 0001:000924A6   154 0001:000924DF   159 0001:0009251C   160 0001:00092534
   161 0001:00092542   162 0001:00092550   164 0001:0009255E   165 0001:0009256B
   166 0001:00092578   167 0001:00092585   168 0001:00092592   169 0001:0009259F
   170 0001:000925AC   171 0001:000925B9   172 0001:000925C6   173 0001:000925D3
   174 0001:000925E0   175 0001:000925ED   176 0001:000925FA   177 0001:00092607
   178 0001:00092614   179 0001:00092621   180 0001:0009262E   181 0001:00092646
   182 0001:0009265E   183 0001:0009266B   184 0001:00092678   185 0001:00092685
   186 0001:00092692   187 0001:0009269F   188 0001:000926AC   189 0001:000926B9
   190 0001:000926C6   191 0001:000926D3   192 0001:000926E0   193 0001:00092712
   199 0001:00092718   201 0001:00092741   202 0001:00092752   203 0001:0009275F
   204 0001:000927AB   205 0001:000927F7   206 0001:00092843   207 0001:0009287B
   209 0001:000928C7   210 0001:000928E2   211 0001:000928FD   212 0001:00092920
   213 0001:00092943   214 0001:00092966   215 0001:00092989   216 0001:000929CE
   219 0001:00092A74   221 0001:00092AA1   222 0001:00092AED   223 0001:00092B13
   224 0001:00092B39   225 0001:00092B85   226 0001:00092BD1   227 0001:00092C1E
   228 0001:00092C68   230 0001:00092CB4   231 0001:00092CD7   232 0001:00092CFA
   233 0001:00092D1D   234 0001:00092D40   235 0001:00092D63   236 0001:00092D86
   237 0001:00092DA9   241 0001:00092DCC   242 0001:00092E18   243 0001:00092E50
   244 0001:00092E88   245 0001:00092EC0   247 0001:00092EE6   248 0001:00092F09
   249 0001:00092F2C   250 0001:00092F4F   251 0001:00092F72   254 0001:00092F95
   255 0001:00092FDF   256 0001:00093017   257 0001:0009304F   258 0001:00093087
   259 0001:000930BF   260 0001:000930F7   262 0001:0009311D   263 0001:00093140
   264 0001:00093163   265 0001:00093186   266 0001:000931A9   267 0001:000931CC
   268 0001:000931EF   269 0001:00093234   273 0001:00093340   275 0001:0009336D
   276 0001:000933CD   277 0001:00093407   278 0001:00093441   279 0001:000934A1
   280 0001:00093501   281 0001:00093562   282 0001:000935C0   284 0001:00093620
   285 0001:00093643   286 0001:00093666   287 0001:00093689   288 0001:000936AC
   289 0001:000936CF   290 0001:000936F2   291 0001:00093715   295 0001:00093738
   296 0001:00093798   297 0001:000937E4   298 0001:00093830   299 0001:0009387C
   301 0001:000938B6   302 0001:000938D9   303 0001:000938FC   304 0001:0009391F
   305 0001:00093942   308 0001:00093965   309 0001:000939C3   310 0001:00093A0F
   311 0001:00093A5B   312 0001:00093AA7   313 0001:00093AF3   314 0001:00093B3F
   316 0001:00093B79   317 0001:00093B9C   318 0001:00093BBF   319 0001:00093BE2
   320 0001:00093C05   321 0001:00093C28   322 0001:00093C4B   323 0001:00093C90
   326 0001:00093DA0   328 0001:00093DCD   329 0001:00093E2D   330 0001:00093E67
   331 0001:00093EA1   332 0001:00093F01   333 0001:00093F61   334 0001:00093FC2
   335 0001:00094020   337 0001:00094080   338 0001:000940A3   339 0001:000940C6
   340 0001:000940E9   341 0001:0009410C   342 0001:0009412F   343 0001:00094152
   344 0001:00094175   348 0001:00094198   349 0001:000941F8   350 0001:00094244
   351 0001:00094290   352 0001:000942DC   354 0001:00094316   355 0001:00094339
   356 0001:0009435C   357 0001:0009437F   358 0001:000943A2   361 0001:000943C5
   362 0001:00094423   363 0001:0009446F   364 0001:000944BB   365 0001:00094507
   366 0001:00094553   367 0001:0009459F   369 0001:000945D9   370 0001:000945FC
   371 0001:0009461F   372 0001:00094642   373 0001:00094665   374 0001:00094688
   375 0001:000946AB   376 0001:000946F0   379 0001:00094800   380 0001:00094803
   382 0001:00094815   383 0001:00094822   387 0001:00094831   388 0001:00094842
   390 0001:00094851   392 0001:0009485E   394 0001:00094890   394 0001:00094897

Line numbers for uDanoFisico(..\Calculadora Dano Físico\uDanoFisico.pas) segment .text

    96 0001:00094E20    97 0001:00094E3D    99 0001:00094E55   101 0001:00094E6D
   103 0001:00094E85   104 0001:00094EA0   105 0001:00094EBB   106 0001:00094ED6
   107 0001:00094EF1   108 0001:00094F01   111 0001:00094F15   112 0001:00094F18
   114 0001:00094F2C   116 0001:00094F3E   117 0001:00094F50   119 0001:00094F7D
   123 0001:00094FAA   124 0001:00094FB4   129 0001:00094FC4   130 0001:00094FCE
   135 0001:00094FDE   136 0001:00094FE8   138 0001:00095018   144 0001:00095074
   148 0001:000950A7   149 0001:000950B7   150 0001:000950C7   153 0001:000950D6
   154 0001:000950F3   156 0001:00095110   157 0001:00095138   158 0001:0009515A
   159 0001:00095186   160 0001:000951AD   161 0001:000951CE   162 0001:000951F1
   163 0001:00095213   164 0001:00095235   165 0001:00095248   166 0001:00095265
   168 0001:0009527F   169 0001:00095297   170 0001:000952B0   171 0001:000952C9
   172 0001:000952E2   173 0001:000952FB   174 0001:00095314   175 0001:0009532D
   176 0001:00095346   177 0001:0009535F   178 0001:00095378   179 0001:00095391
   180 0001:000953AA   182 0001:000953E4   187 0001:00095428   191 0001:00095456
   192 0001:00095466   193 0001:00095476   196 0001:00095485   197 0001:000954A4
   199 0001:000954B8   200 0001:000954DF   201 0001:00095500   202 0001:00095527
   203 0001:00095550   204 0001:00095577   205 0001:0009559E   206 0001:000955C9
   207 0001:000955EF   208 0001:00095619   209 0001:00095642   210 0001:00095647
   211 0001:00095672   213 0001:0009568A   214 0001:000956A3   215 0001:000956BB
   216 0001:000956D4   217 0001:000956ED   218 0001:00095706   219 0001:0009571F
   220 0001:00095738   221 0001:00095751   222 0001:0009576A   223 0001:00095783
   224 0001:0009579C   225 0001:000957B5   226 0001:000957CE   227 0001:000957E7
   228 0001:00095821   232 0001:00095874   233 0001:00095879   236 0001:0009587C
   237 0001:0009587F   238 0001:0009588D   239 0001:0009589B   240 0001:000958A9
   241 0001:000958B6   242 0001:000958C3   243 0001:000958D3   244 0001:000958E0
   245 0001:000958F0   246 0001:00095900   247 0001:0009590F   248 0001:0009591E
   249 0001:0009592C   250 0001:00095939   251 0001:00095946   252 0001:00095953
   253 0001:00095960   254 0001:0009596D   255 0001:0009597A   256 0001:00095987
   257 0001:00095994   258 0001:000959A1   259 0001:000959AE   260 0001:000959BB
   261 0001:000959C8   262 0001:000959D5   263 0001:000959E2   264 0001:000959EF
   265 0001:000959FC   266 0001:00095A09   267 0001:00095A16   268 0001:00095A23
   269 0001:00095A30   270 0001:00095A3D   271 0001:00095A4A   272 0001:00095A57
   273 0001:00095A64   277 0001:00095A68   278 0001:00095A6D   281 0001:00095A70
   282 0001:00095A73   283 0001:00095A83   284 0001:00095A93   285 0001:00095AA2
   286 0001:00095AB1   288 0001:00095AE4   288 0001:00095AEB

Line numbers for uNextLevelExp(..\Calculadora Experiencia\uNextLevelExp.pas) segment .text

    48 0001:00095DA0    49 0001:00095DCD    50 0001:00095DDB    52 0001:00095DF3
    53 0001:00095E62    55 0001:00095E87    56 0001:00095EA5    58 0001:00095EE5
    59 0001:00095EE7    61 0001:00095F51    68 0001:00095FC8    69 0001:00095FFB
    70 0001:00096013    71 0001:00096023    72 0001:00096032    73 0001:00096043
    74 0001:00096051    75 0001:00096069    76 0001:000960A0    77 0001:000960C5
    78 0001:000960E0    79 0001:000960F3    80 0001:00096118    82 0001:00096153
    83 0001:00096155    85 0001:000961D5    87 0001:00096254    87 0001:0009625B

Line numbers for uMenu(uMenu.pas) segment .text

    39 0001:0009647C    40 0001:00096486    41 0001:000964A2    42 0001:000964AE
    46 0001:000964B0    47 0001:000964BA    48 0001:000964D6    49 0001:000964E2
    53 0001:000964E4    54 0001:000964E9    58 0001:000964EC    59 0001:000964F6
    60 0001:00096512    61 0001:0009651E    65 0001:00096520    66 0001:0009652A
    67 0001:00096534    68 0001:0009653E    70 0001:00096570    70 0001:00096577

Line numbers for Menu(C:\Users\suporte2\Documents\Projetos\trunk\delphi\calculadora\UtilidadesTibia\Menu.dpr) segment .text

    12 0001:00096980    13 0001:00096990    14 0001:0009699C    15 0001:000969B4
    16 0001:000969CC    17 0001:000969E4    18 0001:000969F0

Bound resource files

c:\program files (x86)\borland\delphi7\Lib\Buttons.res
c:\program files (x86)\borland\delphi7\Lib\ExtDlgs.res
c:\program files (x86)\borland\delphi7\Lib\Controls.res
C:\COMPON~1\jcl\jcl\lib\d7\JclUnicode.res
C:\Componentes Delphi\jvcl\jvcl\Resources\JvConsts.res
UCalcMage.dfm
uDanoFisico.dfm
uNextLevelExp.dfm
uMenu.dfm
Menu.res
Menu.drf


Program entry point at 0001:00096980
