
 Start         Length     Name                   Class
 0001:00000000 00114190H .text                   CODE
 0002:00000000 00005698H .data                   DATA
 0002:00005698 00001EADH .bss                    BSS


Detailed map of segments

 0001:00000000 0000627F C=CODE     S=.text    G=(none)   M=System   ACBP=A9
 0001:00006280 00000140 C=CODE     S=.text    G=(none)   M=SysInit  ACBP=A9
 0001:000063C0 00000078 C=CODE     S=.text    G=(none)   M=Types    ACBP=A9
 0001:00006438 00001320 C=CODE     S=.text    G=(none)   M=Windows  ACBP=A9
 0001:00007758 000001EC C=CODE     S=.text    G=(none)   M=madTypes ACBP=A9
 0001:00007944 00000038 C=CODE     S=.text    G=(none)   M=Messages ACBP=A9
 0001:0000797C 00000F48 C=CODE     S=.text    G=(none)   M=madNVPrgrAlert ACBP=A9
 0001:000088C4 00003008 C=CODE     S=.text    G=(none)   M=madStrings ACBP=A9
 0001:0000B8CC 0000297B C=CODE     S=.text    G=(none)   M=madTools ACBP=A9
 0001:0000E248 00006964 C=CODE     S=.text    G=(none)   M=madDisAsm ACBP=A9
 0001:00014BAC 00004784 C=CODE     S=.text    G=(none)   M=madZip   ACBP=A9
 0001:00019330 00000AB4 C=CODE     S=.text    G=(none)   M=madCrypt ACBP=A9
 0001:00019DE4 000048FB C=CODE     S=.text    G=(none)   M=madMapFile ACBP=A9
 0001:0001E6E0 00004524 C=CODE     S=.text    G=(none)   M=madStackTrace ACBP=A9
 0001:00022C04 00002B98 C=CODE     S=.text    G=(none)   M=madNVBitmap ACBP=A9
 0001:0002579C 000066C0 C=CODE     S=.text    G=(none)   M=madNVAssistant ACBP=A9
 0001:0002BE5C 000000F0 C=CODE     S=.text    G=(none)   M=ActiveX  ACBP=A9
 0001:0002BF4C 000000FC C=CODE     S=.text    G=(none)   M=CommCtrl ACBP=A9
 0001:0002C048 00000050 C=CODE     S=.text    G=(none)   M=ShellAPI ACBP=A9
 0001:0002C098 00000038 C=CODE     S=.text    G=(none)   M=RegStr   ACBP=A9
 0001:0002C0D0 00000038 C=CODE     S=.text    G=(none)   M=WinInet  ACBP=A9
 0001:0002C108 00000038 C=CODE     S=.text    G=(none)   M=UrlMon   ACBP=A9
 0001:0002C140 00000038 C=CODE     S=.text    G=(none)   M=ShlObj   ACBP=A9
 0001:0002C178 00000050 C=CODE     S=.text    G=(none)   M=CommDlg  ACBP=A9
 0001:0002C1C8 00000398 C=CODE     S=.text    G=(none)   M=SysConst ACBP=A9
 0001:0002C560 000000B0 C=CODE     S=.text    G=(none)   M=WinSock  ACBP=A9
 0001:0002C610 0002898B C=CODE     S=.text    G=(none)   M=madExcept ACBP=A9
 0001:00054F9C 00000047 C=CODE     S=.text    G=(none)   M=madLinkDisAsm ACBP=A9
 0001:00054FE4 00000DDC C=CODE     S=.text    G=(none)   M=madListHardware ACBP=A9
 0001:00055DC0 00000C30 C=CODE     S=.text    G=(none)   M=madListProcesses ACBP=A9
 0001:000569F0 000004BC C=CODE     S=.text    G=(none)   M=madListModules ACBP=A9
 0001:00056EAC 0000760C C=CODE     S=.text    G=(none)   M=SysUtils ACBP=A9
 0001:0005E4B8 00000ABF C=CODE     S=.text    G=(none)   M=VarUtils ACBP=A9
 0001:0005EF78 0000960A C=CODE     S=.text    G=(none)   M=Variants ACBP=A9
 0001:00068584 00000170 C=CODE     S=.text    G=(none)   M=RTLConsts ACBP=A9
 0001:000686F4 0000192C C=CODE     S=.text    G=(none)   M=TypInfo  ACBP=A9
 0001:0006A020 0000CD02 C=CODE     S=.text    G=(none)   M=Classes  ACBP=A9
 0001:00076D24 000002F0 C=CODE     S=.text    G=(none)   M=Consts   ACBP=A9
 0001:00077014 000090F3 C=CODE     S=.text    G=(none)   M=Graphics ACBP=A9
 0001:00080108 00000048 C=CODE     S=.text    G=(none)   M=Math     ACBP=A9
 0001:00080150 000002B8 C=CODE     S=.text    G=(none)   M=Contnrs  ACBP=A9
 0001:00080408 00000787 C=CODE     S=.text    G=(none)   M=MultiMon ACBP=A9
 0001:00080B90 00000038 C=CODE     S=.text    G=(none)   M=Imm      ACBP=A9
 0001:00080BC8 00000FF8 C=CODE     S=.text    G=(none)   M=HelpIntfs ACBP=A9
 0001:00081BC0 00000038 C=CODE     S=.text    G=(none)   M=WinSpool ACBP=A9
 0001:00081BF8 00000044 C=CODE     S=.text    G=(none)   M=Printers ACBP=A9
 0001:00081C3C 0000031F C=CODE     S=.text    G=(none)   M=FlatSB   ACBP=A9
 0001:00081F5C 000001A4 C=CODE     S=.text    G=(none)   M=SyncObjs ACBP=A9
 0001:00082100 000009BB C=CODE     S=.text    G=(none)   M=UxTheme  ACBP=A9
 0001:00082ABC 00000038 C=CODE     S=.text    G=(none)   M=RichEdit ACBP=A9
 0001:00082AF4 00000038 C=CODE     S=.text    G=(none)   M=ToolWin  ACBP=A9
 0001:00082B2C 00000038 C=CODE     S=.text    G=(none)   M=Dlgs     ACBP=A9
 0001:00082B64 000012E5 C=CODE     S=.text    G=(none)   M=Dialogs  ACBP=A9
 0001:00083E4C 00002B3E C=CODE     S=.text    G=(none)   M=ExtCtrls ACBP=A9
 0001:0008698C 00000038 C=CODE     S=.text    G=(none)   M=ComStrs  ACBP=A9
 0001:000869C4 0000069C C=CODE     S=.text    G=(none)   M=Clipbrd  ACBP=A9
 0001:00087060 00000038 C=CODE     S=.text    G=(none)   M=StrUtils ACBP=A9
 0001:00087098 000000F5 C=CODE     S=.text    G=(none)   M=Buttons  ACBP=A9
 0001:00087190 00000038 C=CODE     S=.text    G=(none)   M=ExtDlgs  ACBP=A9
 0001:000871C8 000019CC C=CODE     S=.text    G=(none)   M=IniFiles ACBP=A9
 0001:00088B94 000005B8 C=CODE     S=.text    G=(none)   M=Registry ACBP=A9
 0001:0008914C 0000006C C=CODE     S=.text    G=(none)   M=Mapi     ACBP=A9
 0001:000891B8 00000058 C=CODE     S=.text    G=(none)   M=ExtActns ACBP=A9
 0001:00089210 00000038 C=CODE     S=.text    G=(none)   M=ListActns ACBP=A9
 0001:00089248 00000180 C=CODE     S=.text    G=(none)   M=ComCtrls ACBP=A9
 0001:000893C8 00000B20 C=CODE     S=.text    G=(none)   M=Themes   ACBP=A9
 0001:00089EE8 00005EF0 C=CODE     S=.text    G=(none)   M=StdCtrls ACBP=A9
 0001:0008FDD8 00000168 C=CODE     S=.text    G=(none)   M=StdActns ACBP=A9
 0001:0008FF40 00000D1F C=CODE     S=.text    G=(none)   M=WinHelpViewer ACBP=A9
 0001:00090C60 000113FB C=CODE     S=.text    G=(none)   M=Controls ACBP=A9
 0001:000A205C 00001292 C=CODE     S=.text    G=(none)   M=ActnList ACBP=A9
 0001:000A32F0 00001974 C=CODE     S=.text    G=(none)   M=ImgList  ACBP=A9
 0001:000A4C64 000066AD C=CODE     S=.text    G=(none)   M=Menus    ACBP=A9
 0001:000AB314 0000C620 C=CODE     S=.text    G=(none)   M=Forms    ACBP=A9
 0001:000B7934 00000140 C=CODE     S=.text    G=(none)   M=DBXpress ACBP=A9
 0001:000B7A74 000002A0 C=CODE     S=.text    G=(none)   M=DBConsts ACBP=A9
 0001:000B7D14 00003FD7 C=CODE     S=.text    G=(none)   M=FMTBcd   ACBP=A9
 0001:000BBCEC 00000A4C C=CODE     S=.text    G=(none)   M=MaskUtils ACBP=A9
 0001:000BC738 00000070 C=CODE     S=.text    G=(none)   M=DateUtils ACBP=A9
 0001:000BC7A8 00000F73 C=CODE     S=.text    G=(none)   M=SqlTimSt ACBP=A9
 0001:000BD71C 00000058 C=CODE     S=.text    G=(none)   M=ComConst ACBP=A9
 0001:000BD774 00001151 C=CODE     S=.text    G=(none)   M=ComObj   ACBP=A9
 0001:000BE8C8 00016510 C=CODE     S=.text    G=(none)   M=DB       ACBP=A9
 0001:000D4DD8 00004A94 C=CODE     S=.text    G=(none)   M=DBCommon ACBP=A9
 0001:000D986C 00000118 C=CODE     S=.text    G=(none)   M=MidConst ACBP=A9
 0001:000D9984 00000460 C=CODE     S=.text    G=(none)   M=DSIntf   ACBP=A9
 0001:000D9DE4 0000042C C=CODE     S=.text    G=(none)   M=Midas    ACBP=A9
 0001:000DA210 00000038 C=CODE     S=.text    G=(none)   M=DataBkr  ACBP=A9
 0001:000DA248 0000BEB4 C=CODE     S=.text    G=(none)   M=Provider ACBP=A9
 0001:000E60FC 0000B348 C=CODE     S=.text    G=(none)   M=DBClient ACBP=A9
 0001:000F1444 000002B8 C=CODE     S=.text    G=(none)   M=SqlConst ACBP=A9
 0001:000F16FC 00000038 C=CODE     S=.text    G=(none)   M=DBConnAdmin ACBP=A9
 0001:000F1734 0000B2B0 C=CODE     S=.text    G=(none)   M=SqlExpr  ACBP=A9
 0001:000FC9E4 00002108 C=CODE     S=.text    G=(none)   M=Mask     ACBP=A9
 0001:000FEAEC 00008120 C=CODE     S=.text    G=(none)   M=Grids    ACBP=A9
 0001:00106C0C 000000B8 C=CODE     S=.text    G=(none)   M=VDBConsts ACBP=A9
 0001:00106CC4 00000728 C=CODE     S=.text    G=(none)   M=DBLogDlg ACBP=A9
 0001:001073EC 00000531 C=CODE     S=.text    G=(none)   M=DBPWDlg  ACBP=A9
 0001:00107920 000030D0 C=CODE     S=.text    G=(none)   M=DBCtrls  ACBP=A9
 0001:0010A9F0 00008D28 C=CODE     S=.text    G=(none)   M=DBGrids  ACBP=A9
 0001:00113718 000006D0 C=CODE     S=.text    G=(none)   M=teste1   ACBP=A9
 0001:00113DE8 000003A5 C=CODE     S=.text    G=(none)   M=teste    ACBP=A9
 0002:00000000 000000A0 C=DATA     S=.data    G=DGROUP   M=System   ACBP=A9
 0002:000000A0 00000020 C=DATA     S=.data    G=DGROUP   M=SysInit  ACBP=A9
 0002:000000C0 00000288 C=DATA     S=.data    G=DGROUP   M=madStrings ACBP=A9
 0002:00000348 00000080 C=DATA     S=.data    G=DGROUP   M=madTools ACBP=A9
 0002:000003C8 0000084D C=DATA     S=.data    G=DGROUP   M=madDisAsm ACBP=A9
 0002:00000C18 000010C4 C=DATA     S=.data    G=DGROUP   M=madZip   ACBP=A9
 0002:00001CDC 00001088 C=DATA     S=.data    G=DGROUP   M=madCrypt ACBP=A9
 0002:00002D64 00000004 C=DATA     S=.data    G=DGROUP   M=madMapFile ACBP=A9
 0002:00002D68 00000004 C=DATA     S=.data    G=DGROUP   M=madStackTrace ACBP=A9
 0002:00002D6C 0000000C C=DATA     S=.data    G=DGROUP   M=madNVAssistant ACBP=A9
 0002:00002D78 00000010 C=DATA     S=.data    G=DGROUP   M=ActiveX  ACBP=A9
 0002:00002D88 00000938 C=DATA     S=.data    G=DGROUP   M=madExcept ACBP=A9
 0002:000036C0 00000018 C=DATA     S=.data    G=DGROUP   M=madListProcesses ACBP=A9
 0002:000036D8 00000274 C=DATA     S=.data    G=DGROUP   M=SysUtils ACBP=A9
 0002:0000394C 00000110 C=DATA     S=.data    G=DGROUP   M=VarUtils ACBP=A9
 0002:00003A5C 000001BA C=DATA     S=.data    G=DGROUP   M=Variants ACBP=A9
 0002:00003C18 0000000C C=DATA     S=.data    G=DGROUP   M=TypInfo  ACBP=A9
 0002:00003C24 000000E4 C=DATA     S=.data    G=DGROUP   M=Classes  ACBP=A9
 0002:00003D08 00000304 C=DATA     S=.data    G=DGROUP   M=Graphics ACBP=A9
 0002:0000400C 00000004 C=DATA     S=.data    G=DGROUP   M=Printers ACBP=A9
 0002:00004010 000000B4 C=DATA     S=.data    G=DGROUP   M=Dialogs  ACBP=A9
 0002:000040C4 0000018C C=DATA     S=.data    G=DGROUP   M=ExtCtrls ACBP=A9
 0002:00004250 0000002C C=DATA     S=.data    G=DGROUP   M=Buttons  ACBP=A9
 0002:0000427C 00000008 C=DATA     S=.data    G=DGROUP   M=IniFiles ACBP=A9
 0002:00004284 00000008 C=DATA     S=.data    G=DGROUP   M=Registry ACBP=A9
 0002:0000428C 00000008 C=DATA     S=.data    G=DGROUP   M=Mapi     ACBP=A9
 0002:00004294 00000018 C=DATA     S=.data    G=DGROUP   M=ComCtrls ACBP=A9
 0002:000042AC 00000068 C=DATA     S=.data    G=DGROUP   M=Themes   ACBP=A9
 0002:00004314 000000A0 C=DATA     S=.data    G=DGROUP   M=StdCtrls ACBP=A9
 0002:000043B4 0000013C C=DATA     S=.data    G=DGROUP   M=Controls ACBP=A9
 0002:000044F0 00000020 C=DATA     S=.data    G=DGROUP   M=ImgList  ACBP=A9
 0002:00004510 000000EC C=DATA     S=.data    G=DGROUP   M=Menus    ACBP=A9
 0002:000045FC 0000011C C=DATA     S=.data    G=DGROUP   M=Forms    ACBP=A9
 0002:00004718 0000005E C=DATA     S=.data    G=DGROUP   M=FMTBcd   ACBP=A9
 0002:00004778 00000009 C=DATA     S=.data    G=DGROUP   M=MaskUtils ACBP=A9
 0002:00004784 0000003C C=DATA     S=.data    G=DGROUP   M=SqlTimSt ACBP=A9
 0002:000047C0 00000030 C=DATA     S=.data    G=DGROUP   M=ComObj   ACBP=A9
 0002:000047F0 0000021E C=DATA     S=.data    G=DGROUP   M=DB       ACBP=A9
 0002:00004A10 0000001C C=DATA     S=.data    G=DGROUP   M=DBCommon ACBP=A9
 0002:00004A2C 000000D4 C=DATA     S=.data    G=DGROUP   M=DSIntf   ACBP=A9
 0002:00004B00 00000158 C=DATA     S=.data    G=DGROUP   M=Provider ACBP=A9
 0002:00004C58 00000024 C=DATA     S=.data    G=DGROUP   M=DBClient ACBP=A9
 0002:00004C7C 00000050 C=DATA     S=.data    G=DGROUP   M=SqlConst ACBP=A9
 0002:00004CCC 00000108 C=DATA     S=.data    G=DGROUP   M=SqlExpr  ACBP=A9
 0002:00004DD4 00000004 C=DATA     S=.data    G=DGROUP   M=Mask     ACBP=A9
 0002:00004DD8 0000002C C=DATA     S=.data    G=DGROUP   M=DBCtrls  ACBP=A9
 0002:00004E04 00000028 C=DATA     S=.data    G=DGROUP   M=DBGrids  ACBP=A9
 0002:00006000 00000664 C=BSS      S=.bss     G=DGROUP   M=System   ACBP=A9
 0002:00006664 00000010 C=BSS      S=.bss     G=DGROUP   M=SysInit  ACBP=A9
 0002:00006674 00000004 C=BSS      S=.bss     G=DGROUP   M=Types    ACBP=A9
 0002:00006678 00000004 C=BSS      S=.bss     G=DGROUP   M=Windows  ACBP=A9
 0002:0000667C 00000004 C=BSS      S=.bss     G=DGROUP   M=madTypes ACBP=A9
 0002:00006680 00000004 C=BSS      S=.bss     G=DGROUP   M=Messages ACBP=A9
 0002:00006684 00000004 C=BSS      S=.bss     G=DGROUP   M=madNVPrgrAlert ACBP=A9
 0002:00006688 0000000C C=BSS      S=.bss     G=DGROUP   M=madStrings ACBP=A9
 0002:00006694 00000028 C=BSS      S=.bss     G=DGROUP   M=madTools ACBP=A9
 0002:000066BC 00000004 C=BSS      S=.bss     G=DGROUP   M=madDisAsm ACBP=A9
 0002:000066C0 00001114 C=BSS      S=.bss     G=DGROUP   M=madZip   ACBP=A9
 0002:000077D4 00000004 C=BSS      S=.bss     G=DGROUP   M=madCrypt ACBP=A9
 0002:000077D8 00000008 C=BSS      S=.bss     G=DGROUP   M=madMapFile ACBP=A9
 0002:000077E0 00000014 C=BSS      S=.bss     G=DGROUP   M=madStackTrace ACBP=A9
 0002:000077F4 00000004 C=BSS      S=.bss     G=DGROUP   M=madNVBitmap ACBP=A9
 0002:000077F8 00000004 C=BSS      S=.bss     G=DGROUP   M=madNVAssistant ACBP=A9
 0002:000077FC 00000004 C=BSS      S=.bss     G=DGROUP   M=ActiveX  ACBP=A9
 0002:00007800 00000004 C=BSS      S=.bss     G=DGROUP   M=CommCtrl ACBP=A9
 0002:00007804 00000004 C=BSS      S=.bss     G=DGROUP   M=ShellAPI ACBP=A9
 0002:00007808 00000004 C=BSS      S=.bss     G=DGROUP   M=RegStr   ACBP=A9
 0002:0000780C 00000004 C=BSS      S=.bss     G=DGROUP   M=WinInet  ACBP=A9
 0002:00007810 00000004 C=BSS      S=.bss     G=DGROUP   M=UrlMon   ACBP=A9
 0002:00007814 00000004 C=BSS      S=.bss     G=DGROUP   M=ShlObj   ACBP=A9
 0002:00007818 00000004 C=BSS      S=.bss     G=DGROUP   M=CommDlg  ACBP=A9
 0002:0000781C 00000004 C=BSS      S=.bss     G=DGROUP   M=SysConst ACBP=A9
 0002:00007820 00000004 C=BSS      S=.bss     G=DGROUP   M=WinSock  ACBP=A9
 0002:00007824 00000058 C=BSS      S=.bss     G=DGROUP   M=madExcept ACBP=A9
 0002:0000787C 00000004 C=BSS      S=.bss     G=DGROUP   M=madLinkDisAsm ACBP=A9
 0002:00007880 00000004 C=BSS      S=.bss     G=DGROUP   M=madListHardware ACBP=A9
 0002:00007884 00000004 C=BSS      S=.bss     G=DGROUP   M=madListProcesses ACBP=A9
 0002:00007888 00000004 C=BSS      S=.bss     G=DGROUP   M=madListModules ACBP=A9
 0002:0000788C 00000120 C=BSS      S=.bss     G=DGROUP   M=SysUtils ACBP=A9
 0002:000079AC 0000005C C=BSS      S=.bss     G=DGROUP   M=VarUtils ACBP=A9
 0002:00007A08 00000040 C=BSS      S=.bss     G=DGROUP   M=Variants ACBP=A9
 0002:00007A48 00000004 C=BSS      S=.bss     G=DGROUP   M=RTLConsts ACBP=A9
 0002:00007A4C 00000004 C=BSS      S=.bss     G=DGROUP   M=TypInfo  ACBP=A9
 0002:00007A50 00000040 C=BSS      S=.bss     G=DGROUP   M=Classes  ACBP=A9
 0002:00007A90 00000004 C=BSS      S=.bss     G=DGROUP   M=Consts   ACBP=A9
 0002:00007A94 00000060 C=BSS      S=.bss     G=DGROUP   M=Graphics ACBP=A9
 0002:00007AF4 00000004 C=BSS      S=.bss     G=DGROUP   M=Math     ACBP=A9
 0002:00007AF8 00000004 C=BSS      S=.bss     G=DGROUP   M=Contnrs  ACBP=A9
 0002:00007AFC 00000031 C=BSS      S=.bss     G=DGROUP   M=MultiMon ACBP=A9
 0002:00007B30 00000004 C=BSS      S=.bss     G=DGROUP   M=Imm      ACBP=A9
 0002:00007B34 00000008 C=BSS      S=.bss     G=DGROUP   M=HelpIntfs ACBP=A9
 0002:00007B3C 00000004 C=BSS      S=.bss     G=DGROUP   M=WinSpool ACBP=A9
 0002:00007B40 00000004 C=BSS      S=.bss     G=DGROUP   M=Printers ACBP=A9
 0002:00007B44 00000034 C=BSS      S=.bss     G=DGROUP   M=FlatSB   ACBP=A9
 0002:00007B78 00000004 C=BSS      S=.bss     G=DGROUP   M=SyncObjs ACBP=A9
 0002:00007B7C 000000CC C=BSS      S=.bss     G=DGROUP   M=UxTheme  ACBP=A9
 0002:00007C48 00000004 C=BSS      S=.bss     G=DGROUP   M=RichEdit ACBP=A9
 0002:00007C4C 00000004 C=BSS      S=.bss     G=DGROUP   M=ToolWin  ACBP=A9
 0002:00007C50 00000004 C=BSS      S=.bss     G=DGROUP   M=Dlgs     ACBP=A9
 0002:00007C54 00000038 C=BSS      S=.bss     G=DGROUP   M=Dialogs  ACBP=A9
 0002:00007C8C 00000004 C=BSS      S=.bss     G=DGROUP   M=ExtCtrls ACBP=A9
 0002:00007C90 00000004 C=BSS      S=.bss     G=DGROUP   M=ComStrs  ACBP=A9
 0002:00007C94 0000000C C=BSS      S=.bss     G=DGROUP   M=Clipbrd  ACBP=A9
 0002:00007CA0 00000004 C=BSS      S=.bss     G=DGROUP   M=StrUtils ACBP=A9
 0002:00007CA4 00000030 C=BSS      S=.bss     G=DGROUP   M=Buttons  ACBP=A9
 0002:00007CD4 00000004 C=BSS      S=.bss     G=DGROUP   M=ExtDlgs  ACBP=A9
 0002:00007CD8 00000004 C=BSS      S=.bss     G=DGROUP   M=IniFiles ACBP=A9
 0002:00007CDC 00000004 C=BSS      S=.bss     G=DGROUP   M=Registry ACBP=A9
 0002:00007CE0 00000004 C=BSS      S=.bss     G=DGROUP   M=Mapi     ACBP=A9
 0002:00007CE4 00000009 C=BSS      S=.bss     G=DGROUP   M=ExtActns ACBP=A9
 0002:00007CF0 00000004 C=BSS      S=.bss     G=DGROUP   M=ListActns ACBP=A9
 0002:00007CF4 00000010 C=BSS      S=.bss     G=DGROUP   M=ComCtrls ACBP=A9
 0002:00007D04 00000008 C=BSS      S=.bss     G=DGROUP   M=Themes   ACBP=A9
 0002:00007D0C 00000004 C=BSS      S=.bss     G=DGROUP   M=StdCtrls ACBP=A9
 0002:00007D10 00000004 C=BSS      S=.bss     G=DGROUP   M=StdActns ACBP=A9
 0002:00007D14 00000014 C=BSS      S=.bss     G=DGROUP   M=WinHelpViewer ACBP=A9
 0002:00007D28 00000080 C=BSS      S=.bss     G=DGROUP   M=Controls ACBP=A9
 0002:00007DA8 00000004 C=BSS      S=.bss     G=DGROUP   M=ActnList ACBP=A9
 0002:00007DAC 0000000C C=BSS      S=.bss     G=DGROUP   M=ImgList  ACBP=A9
 0002:00007DB8 00000010 C=BSS      S=.bss     G=DGROUP   M=Menus    ACBP=A9
 0002:00007DC8 00000020 C=BSS      S=.bss     G=DGROUP   M=Forms    ACBP=A9
 0002:00007DE8 00000004 C=BSS      S=.bss     G=DGROUP   M=DBXpress ACBP=A9
 0002:00007DEC 00000004 C=BSS      S=.bss     G=DGROUP   M=DBConsts ACBP=A9
 0002:00007DF0 00000004 C=BSS      S=.bss     G=DGROUP   M=FMTBcd   ACBP=A9
 0002:00007DF4 00000004 C=BSS      S=.bss     G=DGROUP   M=MaskUtils ACBP=A9
 0002:00007DF8 00000004 C=BSS      S=.bss     G=DGROUP   M=DateUtils ACBP=A9
 0002:00007DFC 00000004 C=BSS      S=.bss     G=DGROUP   M=SqlTimSt ACBP=A9
 0002:00007E00 00000004 C=BSS      S=.bss     G=DGROUP   M=ComConst ACBP=A9
 0002:00007E04 00000011 C=BSS      S=.bss     G=DGROUP   M=ComObj   ACBP=A9
 0002:00007E18 00000020 C=BSS      S=.bss     G=DGROUP   M=DB       ACBP=A9
 0002:00007E38 00000004 C=BSS      S=.bss     G=DGROUP   M=DBCommon ACBP=A9
 0002:00007E3C 00000004 C=BSS      S=.bss     G=DGROUP   M=MidConst ACBP=A9
 0002:00007E40 00000020 C=BSS      S=.bss     G=DGROUP   M=DSIntf   ACBP=A9
 0002:00007E60 00000004 C=BSS      S=.bss     G=DGROUP   M=Midas    ACBP=A9
 0002:00007E64 00000004 C=BSS      S=.bss     G=DGROUP   M=DataBkr  ACBP=A9
 0002:00007E68 00000008 C=BSS      S=.bss     G=DGROUP   M=Provider ACBP=A9
 0002:00007E70 00000004 C=BSS      S=.bss     G=DGROUP   M=DBClient ACBP=A9
 0002:00007E74 00000004 C=BSS      S=.bss     G=DGROUP   M=SqlConst ACBP=A9
 0002:00007E78 00000004 C=BSS      S=.bss     G=DGROUP   M=DBConnAdmin ACBP=A9
 0002:00007E7C 00000004 C=BSS      S=.bss     G=DGROUP   M=SqlExpr  ACBP=A9
 0002:00007E80 00000004 C=BSS      S=.bss     G=DGROUP   M=Mask     ACBP=A9
 0002:00007E84 00000004 C=BSS      S=.bss     G=DGROUP   M=Grids    ACBP=A9
 0002:00007E88 00000004 C=BSS      S=.bss     G=DGROUP   M=VDBConsts ACBP=A9
 0002:00007E8C 00000004 C=BSS      S=.bss     G=DGROUP   M=DBLogDlg ACBP=A9
 0002:00007E90 00000004 C=BSS      S=.bss     G=DGROUP   M=DBPWDlg  ACBP=A9
 0002:00007E94 00000004 C=BSS      S=.bss     G=DGROUP   M=DBCtrls  ACBP=A9
 0002:00007E98 0000000C C=BSS      S=.bss     G=DGROUP   M=DBGrids  ACBP=A9
 0002:00007EA4 00000008 C=BSS      S=.bss     G=DGROUP   M=teste1   ACBP=A9


  Address         Publics by Name

 0002:00007E7C       .01
 0002:00007CA0       .1
 0002:00006674       .1
 0002:000077F8       .1
 0002:00007C90       .1
 0002:00007CE0       .1
 0002:00007D1C       .1
 0002:0000666C       .1
 0002:00006694       .1
 0002:00007C50       .1
 0002:000077E0       .1
 0002:000077F4       .1
 0002:00007800       .1
 0002:00007DE8       .1
 0002:00007804       .1
 0002:00007808       .1
 0002:0000780C       .1
 0002:00006680       .1
 0002:00007C48       .1
 0002:00007E00       .1
 0002:00007C38       .1
 0002:00007E88       .1
 0002:00007888       .1
 0002:00007810       .1
 0002:000077D4       .1
 0002:00007814       .1
 0002:00007818       .1
 0002:0000781C       .1
 0002:00007A48       .1
 0002:00007820       .1
 0002:00007DFC       .1
 0002:00007884       .1
 0002:00007880       .1
 0002:0000787C       .1
 0002:00007A90       .1
 0002:00007E60       .1
 0002:00007B64       .1
 0002:000066C0       .1
 0002:00007DEC       .1
 0002:00007B1C       .1
 0002:00007DF8       .1
 0002:00007B30       .1
 0002:00006684       .1
 0002:00006688       .1
 0002:00007E3C       .1
 0002:00007C54       .11
 0002:00007E84       .11
 0002:00007A98       .12
 0002:00007C8C       .12
 0002:00007E8C       .2
 0002:00007E90       .2
 0002:00007C98       .2
 0002:00007EA8       .2
 0002:0000667C       .2
 0002:00007DF4       .2
 0002:00007E78       .2
 0002:00007E74       .2
 0002:00007E40       .2
 0002:00007AF4       .2
 0002:00007D04       .2
 0002:00007B34       .2
 0002:00007AF8       .21
 0002:00007E94       .22
 0002:00006678       .3
 0002:00007CD4       .3
 0002:00007828       .3
 0002:00007E64       .3
 0002:00007B40       .3
 0002:00007B3C       .3
 0002:00007DAC       .3
 0002:000077FC       .3
 0002:00007DF0       .3
 0002:00007E38       .3
 0002:00007E70       .31
 0002:0000799C       .35
 0002:00007E34       .36
 0002:00007CF4       .36
 0002:00007C4C       .4
 0002:00007CA4       .4
 0002:00007E04       .41
 0002:00007DD0       .41
 0002:00007D0C       .42
 0002:00007A5C       .45
 0002:00007E80       .5
 0002:00007A04       .5
 0002:000066BC       .5
 0002:00007CDC       .5
 0002:000077D8       .5
 0002:000065BC       .5
 0002:00007E6C       .51
 0002:00007A4C       .6
 0002:00007B78       .6
 0002:00007D30       .72
 0002:00007CE4       .72
 0002:00007D10       .73
 0002:00007CF0       .8
 0002:00007DA8       .8
 0002:00007CD8       .8
 0002:00007A28       .81
 0002:00007DC0       .9
 0002:00007E98       .9
 0001:00002058       @AbstractError
 0001:00003108       @AfterConstruction
 0001:00002EF4       @AsClass
 0001:000024C4       @AStrCmp
 0001:00003118       @BeforeDestruction
 0001:00002C74       @BoundErr
 0001:00002F40       @CallDynaInst
 0001:00005CA4       @CheckAutoResult
 0001:000030B0       @ClassCreate
 0001:00003100       @ClassDestroy
 0001:00002390       @Close
 0001:00001D2C       @Copy
 0001:00004B5C       @CopyArray
 0001:00004A40       @CopyRecord
 0001:00004CC8       @DispCallByIDError
 0001:0005FFD4       @DispInvoke
 0001:0005FCCC       @DispInvokeError
 0001:00004C64       @Dispose
 0001:00003658       @DoneExcept
 0001:00005498       @DynArrayAddRef
 0001:00005470       @DynArrayAsg
 0001:00005434       @DynArrayClear
 0001:00005314       @DynArrayCopy
 0001:00005334       @DynArrayCopyRange
 0001:00005134       @DynArrayHigh
 0001:0000512C       @DynArrayLength
 0001:00005308       @DynArraySetLength
 0001:00003740       @ExceptionHandler
 0001:00002534       @FillChar
 0001:00004A1C       @Finalize
 0001:00004930       @FinalizeArray
 0001:000048E4       @FinalizeRecord
 0001:00002F58       @FindDynaInst
 0001:00002384       @Flush
 0001:00002C68       @FpuInit
 0001:00002BA4       @FpuMaskInit
 0001:00001B8C       @FreeMem
 0001:00001B5C       @GetMem
 0001:000062F8       @GetTls
 0001:00003BB0       @Halt
 0001:00003AD0       @Halt0
 0001:0000322C       @HandleAnyException
 0001:00003518       @HandleAutoException
 0001:000034E0       @HandleFinally
 0001:00003358       @HandleOnException
 0001:00006344       @InitExe
 0001:000048D8       @Initialize
 0001:00004844       @InitializeArray
 0001:00004814       @InitializeRecord
 0001:00003994       @InitImports
 0001:0000396C       @InitResStringImports
 0001:00003948       @InitResStrings
 0001:00005C08       @IntfAddRef
 0001:00005BD8       @IntfCast
 0001:00005B94       @IntfClear
 0001:00005BAC       @IntfCopy
 0001:00002ED0       @IsClass
 0001:00002B74       @isNECWindows
 0001:00004104       @LStrAddRef
 0001:00003C68       @LStrArrayClr
 0001:00003C98       @LStrAsg
 0001:00003F1C       @LStrCat
 0001:00003F60       @LStrCat3
 0001:00003FD4       @LStrCatN
 0001:00003C44       @LStrClr
 0001:00004060       @LStrCmp
 0001:00004178       @LStrCopy
 0001:000041B8       @LStrDelete
 0001:00003EC4       @LStrFromArray
 0001:00003E2C       @LStrFromChar
 0001:00003E4C       @LStrFromPChar
 0001:00003D34       @LStrFromPCharLen
 0001:00003E7C       @LStrFromPWChar
 0001:00003DA0       @LStrFromPWCharLen
 0001:00003EB8       @LStrFromString
 0001:00003E3C       @LStrFromWChar
 0001:00003EDC       @LStrFromWStr
 0001:00004200       @LStrInsert
 0001:00003CDC       @LStrLAsg
 0001:00003F14       @LStrLen
 0001:00004308       @LStrOfChar
 0001:0000425C       @LStrPos
 0001:000042A4       @LStrSetLength
 0001:00004114       @LStrToPChar
 0001:00003EF0       @LStrToString
 0001:00004C50       @New
 0001:00003D08       @NewAnsiString
 0001:00004378       @NewWideString
 0001:00064528       @OleVarFromInt
 0001:0006482C       @OleVarFromLStr
 0001:000648E8       @OleVarFromVar
 0001:00002888       @Pow10
 0001:00002440       @PStrCmp
 0001:00002418       @PStrCpy
 0001:000023E8       @PStrNCat
 0001:00002424       @PStrNCpy
 0001:00003604       @RaiseAgain
 0001:000035DC       @RaiseExcept
 0001:00001BAC       @ReallocMem
 0001:000020CC       @RewritText
 0001:00002028       @ROUND
 0001:00003BBC       @RunError
 0001:0000282C       @SetElem
 0001:00002850       @SetEq
 0001:00002000       @SetLength
 0001:00002870       @SetSub
 0001:00002864       @SetUnion
 0001:00003908       @StartExe
 0001:00004EEC       @Str0Int64
 0001:000025B4       @Str0Long
 0001:00004E2C       @StrInt64
 0001:000003D0       @strlen
 0001:00002554       @StrLong
 0001:00002034       @TRUNC
 0001:00003688       @TryFinallyExit
 0001:0000416C       @UniqueStringA
 0001:00004F08       @ValInt64
 0001:000025C0       @ValLong
 0001:00068414       @VarAdd
 0001:000661F4       @VarAddRef
 0001:00066AB8       @VarArrayGet
 0001:00066BA8       @VarArrayPut
 0001:00060944       @VarCast
 0001:0005FFB8       @VarClear
 0001:0005FFCC       @VarClr
 0001:00004918       @VarClr
 0001:00068420       @VarCmpEQ
 0001:00068450       @VarCmpGT
 0001:00068440       @VarCmpLT
 0001:00068430       @VarCmpNE
 0001:00004A28       @VarCopy
 0001:000603F8       @VarCopy
 0001:00060678       @VarCopyNoInd
 0001:000646BC       @VarFromBool
 0001:00064548       @VarFromByte
 0001:0006470C       @VarFromCurr
 0001:00064664       @VarFromCurrency
 0001:00064690       @VarFromDate
 0001:00064800       @VarFromDisp
 0001:00064638       @VarFromDouble
 0001:000644CC       @VarFromInt
 0001:000645E8       @VarFromInt64
 0001:00064508       @VarFromInteger
 0001:000647D4       @VarFromIntf
 0001:00064588       @VarFromLongWord
 0001:00064720       @VarFromLStr
 0001:0006474C       @VarFromPStr
 0001:000646E4       @VarFromReal
 0001:000645A8       @VarFromShortInt
 0001:00064614       @VarFromSingle
 0001:000645C8       @VarFromSmallInt
 0001:000646F8       @VarFromTDateTime
 0001:00064568       @VarFromWord
 0001:0006479C       @VarFromWStr
 0001:0005FD20       @VarNull
 0001:00065848       @VarOp
 0001:0006068C       @VarStringToOleStr
 0001:00062110       @VarToBool
 0001:00061DC8       @VarToBoolean
 0001:00061208       @VarToByte
 0001:00062FB4       @VarToCurrency
 0001:00062A4C       @VarToDate
 0001:00064420       @VarToDisp
 0001:000622DC       @VarToDouble
 0001:000617CC       @VarToInt64
 0001:00060D08       @VarToInteger
 0001:00064354       @VarToIntf
 0001:00061480       @VarToLongWord
 0001:00063668       @VarToLStr
 0001:00062658       @VarToReal
 0001:00061158       @VarToShortInt
 0001:00062674       @VarToSingle
 0001:000612B0       @VarToSmallInt
 0001:000613A8       @VarToWord
 0001:00063D88       @VarToWStr
 0001:00004334       @Write0LString
 0001:000026D8       @WriteBytes
 0001:000027A8       @WriteLn
 0001:00004350       @WriteLString
 0001:0000272C       @WriteSpaces
 0001:000047F4       @WStrAddRef
 0001:000043B8       @WStrArrayClr
 0001:000043DC       @WStrAsg
 0001:0000453C       @WStrCat
 0001:0000459C       @WStrCat3
 0001:00004604       @WStrCatN
 0001:000043A0       @WStrClr
 0001:0000464C       @WStrCmp
 0001:000046D0       @WStrCopy
 0001:0000471C       @WStrDelete
 0001:00004510       @WStrFromLStr
 0001:00004408       @WStrFromPCharLen
 0001:000044B8       @WStrFromPWChar
 0001:00004494       @WStrFromPWCharLen
 0001:000044F4       @WStrFromWArray
 0001:00004400       @WStrLAsg
 0001:00004530       @WStrLen
 0001:000047AC       @WStrSetLength
 0001:00004520       @WStrToPWChar
 0001:00002808       @_CLenToPasStr
 0001:000027FC       @_CToPasStr
 0001:00001CFC       @_IOTest
 0001:00004CF4       @_lldiv
 0001:00004D70       @_llmod
 0001:00004CD0       @_llmul
 0001:00004DEC       @_llshl
 0001:00004E0C       @_llushr
 0001:0005C088       Abort
 0001:00093DD0       AbsMin
 0001:0005C454       AbstractErrorHandler
 0002:0000602C       AbstractErrorProc
 0002:0000375C       AccessMode
 0001:00001C48       AcquireExceptionObject
 0002:0000783C       ActionHandlers
 0002:00007840       ActionHandlersOO
 0001:0006C640       ActivateClassGroup
 0001:00006DC4       ActivateKeyboardLayout
 0002:00007D64       ActiveDrag
 0001:0002BF44       ActiveX
 0001:000A32C4       ActnList
 0001:00000530       AddBlockAfter
 0001:000B8E60       AddChars
 0002:00002D98       AddCmdLineToBugRep
 0001:000122C4       AddCodeArea
 0001:00045BAC       AddColumnStr
 0001:000BB67C       AddCurrencySymbol
 0002:00003C24       AddDataModule
 0001:00055074       AddDevice
 0001:000BAFE4       AddDigit
 0001:00057BBC       AddExitProc
 0001:000E3EA4       AddField
 0001:000D5EF8       AddField
 0001:000E4F1C       AddField
 0001:000E4348       AddField
 0001:000C5DF4       AddFieldDefs
 0001:000DC85C       AddFieldDesc
 0001:0010DFB4       AddFields
 0001:000C6050       AddFields
 0001:000FADD0       AddFieldToList
 0001:000707CC       AddFinished
 0001:0001EB00       AddFunction
 0001:0003FFE8       AddHeaderInfo
 0001:000A6898       AddIn
 0001:00055E0C       AddItem
 0001:00028988       AddItem
 0001:0004E2EC       AddItem
 0001:0004B8B0       AddItem
 0001:000135A8       AddLine
 0001:0001F90C       AddLink
 0001:0003079C       AddMEProperty
 0001:0002127C       AddMinDebugInfoItem
 0001:000DC9BC       AddMinMax
 0001:0001E7FC       AddModule
 0001:000059FC       AddModuleUnloadProc
 0001:000059EC       AddModuleUnloadProc
 0001:0000CE28       AddMsgHandler
 0001:0000CC88       AddMsgHandler_
 0001:000BB75C       AddNegCurrencySymbol
 0001:000BA54C       AddNormalizedFractions
 0001:00070804       AddNotFinished
 0001:000BAFC8       AddOneChar
 0001:000D5B1C       AddParamSQLForDetail
 0001:0004B1CC       AddPatch
 0001:00023120       AddPngPart
 0001:0005339C       AddPtr
 0001:000F279C       AddQuoteCharToObjectName
 0001:00012460       AddSpecialBlock
 0001:000DD48C       AddSQLExprAttr
 0001:000EFF8C       AddSQLExprAttr
 0001:0002280C       AddStackItem
 0001:0001FCCC       AddStackItem
 0001:000B8F1C       AddStrings
 0001:00071228       AddSubComponentsToLoaded
 0001:000D59FC       AddWhereClause
 0002:000047B8       AdjustAmt
 0002:000047B0       AdjustAmt
 0002:000047A8       AdjustAmt
 0002:000047A0       AdjustAmt
 0001:0007ABB0       AdjustColor
 0001:000861D8       AdjustColors
 0001:000B9978       AdjustDecimalPosition
 0001:000D2F90       AdjustFirstRecord
 0001:000AD93C       Adjustment
 0001:000BA8A4       AdjustNibbles
 0001:00006DCC       AdjustWindowRectEx
 0001:00022FF8       Adler32
 0001:000EEF58       AggValueAsVariant
 0001:0005D7EC       AL1
 0002:0000392C       AL1s
 0001:0005D7FC       AL2
 0002:0000393C       AL2s
 0002:00004E08       AlignFlags
 0002:000045D4       Alignments
 0002:000045E4       Alignments
 0002:000040CC       Alignments
 0002:0000431C       Alignments
 0001:000B4880       AlignWork
 0001:00099484       AlignWork
 0001:00006504       AllocateAndInitializeSid
 0001:00076B04       AllocateHWnd
 0001:00057B60       AllocMem
 0002:000065B4       AllocMemCount
 0002:000065B8       AllocMemSize
 0001:0007FF00       AllocPatternBitmap
 0001:000062A0       AllocTlsBuffer
 0001:0000CBF8       AllowWindowMessage
 0001:0005D82C       ALR
 0001:0005D814       ALV
 0002:00002DE8       AmHttpServer
 0002:00002E34       AmInInit
 0002:00003564       AmInTraceProcess
 0002:00002E30       AmMeBpl
 0001:0003BE4C       AmOnline
 0002:00003570       AmSyncingHandlers
 0001:000456D4       AnalyzePiece
 0001:00073F88       AncestorIsValid
 0002:000043C0       AnchorAlign
 0002:000043B4       AnimateWindowProc
 0002:000044BC       AnimationStyle
 0001:00057DC4       AnsiCompareStr
 0001:00057DFC       AnsiCompareText
 0001:0005809C       AnsiExtractQuotedStr
 0001:00058778       AnsiLastChar
 0001:00006DD4       AnsiLower
 0001:00057D90       AnsiLowerCase
 0001:0005CDF4       AnsiLowerCaseFileName
 0001:0005CDB8       AnsiPos
 0001:00057F50       AnsiQuotedStr
 0001:000AB120       AnsiSameCaption
 0001:00057E34       AnsiSameText
 0001:00057E4C       AnsiStrLIComp
 0001:0005CE80       AnsiStrPos
 0001:0005CF40       AnsiStrRScan
 0001:0005CF88       AnsiStrScan
 0001:0000603C       AnsiToUtf8
 0001:00057D5C       AnsiUpperCase
 0002:00003590       AntiFreezeCnt
 0002:00003598       AntiFreezeEvent
 0002:0000358C       AntiFreezeMsg
 0002:00003594       AntiFreezePause
 0002:00003584       AntiFreezeTh
 0001:00034AE4       AntiFreezeThread
 0002:00003580       AntiFreezeTid
 0002:00003588       AntiFreezeWnd
 0001:00064E5C       AnyOp
 0001:000642DC       AnyToIntf
 0001:0005A2A0       AppendChars
 0001:0005A66C       AppendFormat
 0001:0005A304       AppendNumber
 0001:0005A2E4       AppendString
 0002:00007DC8       Application
 0002:00003C34       ApplicationHandleException
 0002:00003C3C       ApplicationShowException
 0001:0001EA00       ApproveFunction
 0001:0001E9C4       ApproveFunction
 0002:00004710       AppVisible
 0002:0000369C       Armadillo
 0002:00004DD4       ArrowKey
 0001:0005C438       AssertErrorHandler
 0002:00006024       AssertErrorProc
 0001:000696E8       AssignLongStr
 0001:00069D64       AssignVariant
 0001:00006DDC       AttachThreadInput
 0002:00004C54       Attr
 0002:00004C78       Attr
 0001:000C6C14       AttributeSetStored
 0002:0000660C       avail
 0002:00004C44       B
 0002:00002D24       b64
 0001:00058944       BackfillGetDiskFreeSpaceEx
 0001:00096964       BackgroundClipped
 0001:0005E874       BackupVarBoolFromStr
 0001:0005E9D4       BackupVarBStrFromBool
 0001:0005E8F4       BackupVarBStrFromCy
 0001:0005E964       BackupVarBStrFromDate
 0001:0005E808       BackupVarCyFromStr
 0001:0005E79C       BackupVarDateFromStr
 0001:0005E658       BackupVarI4FromStr
 0001:0005E604       BackupVariantChangeTypeEx
 0001:0005E6C4       BackupVarR4FromStr
 0001:0005E730       BackupVarR8FromStr
 0002:00001484       BaseDistance
 0002:000049E8       BaseFieldTypes
 0002:00001410       BaseLength
 0002:00003A74       BaseTypeMap
 0002:000003D4       BcbInitExceptBlockLDTC
 0001:000BAE78       BcdAdd
 0001:000BAA54       BcdCompare
 0001:000BBAEC       BcdCurrencyFormat
 0001:000BAE0C       BcdDivide
 0001:000BACBC       BcdDivide
 0001:000B8034       BcdError
 0001:000B7FC4       BcdErrorFmt
 0001:000BB49C       BcdFixedOrNumberFormat
 0001:000BB438       BcdGeneralFormat
 0001:000BAC50       BcdMultiply
 0001:000BAB58       BcdMultiply
 0001:000BB2EC       BcdScale
 0001:000BB450       BcdScientificFormat
 0001:000BAB1C       BcdSubtract
 0001:000BB38C       BCDToCurr
 0001:000B8A34       BcdToDouble
 0001:000BB1A8       BcdToStr
 0001:000BBBD8       BcdToStrF
 0001:0005CA34       Beep
 0001:0000658C       Beep
 0001:0006CA14       BeginGlobalLoading
 0001:00006DE4       BeginPaint
 0001:00003C00       BeginThread
 0001:0007ABBC       BetterSize
 0001:00085AC8       BevelLine
 0001:000859D8       BevelRect
 0001:000A772C       BiDiDraw
 0001:0002C560       bind
 0001:00075710       BinToHex
 0001:00006AFC       BitBlt
 0002:00004250       BitBtnCaptions
 0002:00007CA8       BitBtnGlyphs
 0002:00001634       BitLengthOrder
 0002:00003FC0       BitmapCanvasList
 0002:00007AB0       BitmapImageLock
 0002:000018B4       BitOrder
 0001:00015398       BitReverse
 0001:0001594C       BitsWindup
 0001:0005E640       BiUnimplemented
 0001:000B9814       BlankArgument
 0002:00004D5C       BlobTypeMap
 0002:00004ABC       BlobTypeMap
 0002:00003CDC       BlockCode
 0002:000065E4       blockDescBlockList
 0002:000065E8       blockDescFreeList
 0002:00003C18       BooleanIdents
 0001:00009344       BooleanToChar
 0002:00003A70       BooleanToStringRule
 0001:000264EC       BooleanValue
 0002:00004A18       BoolFalse
 0001:00058598       BoolToStr
 0001:000633F0       BoolToWStrViaOS
 0002:000040C4       BorderStyles
 0002:00004314       BorderStyles
 0001:0002370C       Bottom
 0001:000063E4       Bounds
 0001:0006B958       Bounds
 0002:0000457C       Breaks
 0001:00006DEC       BringWindowToTop
 0002:00007AE8       BrushManager
 0002:00004DD8       BtnHintId
 0001:000C4A24       BuffersEqual
 0001:000D262C       BufferToByteArray
 0002:00002DEC       BugReportHtml
 0001:000FF360       Build
 0001:00015D94       BuildBitLengthTree
 0001:0001771C       BuildHuffmanTables
 0001:000A9F00       BuildImage
 0001:00015704       BuildTree
 0002:0000406C       ButtonCaptions
 0002:00004040       ButtonNames
 0002:000045F8       Buttons
 0001:00087168       Buttons
 0002:00004358       ButtonStyles
 0002:00007C60       ButtonWidths
 0001:000D26E8       ByteArrayToBuffer
 0001:0007A388       BytesPerScanline
 0001:0007A6EC       ByteSwapColors
 0001:0005CB18       ByteToCharIndex
 0001:0005CAF0       ByteToCharLen
 0001:0005CAB4       ByteType
 0001:0005CA3C       ByteTypeTest
 0002:000009C4       C3dNowLabels
 0002:00007DB0       CachedComCtrlVer
 0002:00003670       CAdminSia
 0001:001017EC       CalcAxis
 0001:00102514       CalcAxis
 0001:00101A30       CalcAxisState
 0001:0005341C       CalcCheckSum
 0001:00012E88       CalcCodeBegin
 0001:0001A064       CalcCryptPassword
 0001:00101878       CalcFixedAxis
 0001:00076A40       CalcJmpOffset
 0001:0010198C       CalcMaxCell
 0001:000104D8       CalcMSize
 0001:001039C0       CalcPageExtents
 0001:001032BC       CalcScroll
 0001:00102924       CalcScrollBar
 0001:00103620       CalcSizeInfo
 0001:000A122C       CalcSplitterPos
 0001:000CCACC       CalcTotalSize
 0001:000251C8       CalculateArea
 0001:000C6C54       CalculatedStored
 0001:000252DC       CalculateRegion
 0001:000F2F0C       CalcUnits
 0001:0002C770       CalibrateCode
 0002:00002DE4       CalibrateData
 0001:0005378C       CalibrateModule
 0001:000538C4       CalibrateModules
 0001:00006DF4       CallNextHookEx
 0001:0005D794       CallTerminateProcs
 0001:000520D4       CallThreadProcSafe
 0001:00006DFC       CallWindowProc
 0001:00094E08       CancelDrag
 0001:000D3DC0       CancelNestedDataSets
 0001:000B97A4       CanUseShort
 0002:00007AEC       CanvasList
 0002:00007D78       CanvasList
 0002:00004018       Captions
 0002:00004478       CaptureControl
 0001:000FF970       CaretPos
 0002:0000451C       cBooleanToItemAutoFlag
 0002:00003B20       CBooleanToRelationship
 0002:00003608       CBoundary
 0002:000009BC       Ccc
 0002:00003558       CDfmHeader
 0002:00000BC8       CEmptyFunctionInfo
 0002:000035C8       CEncodeMailto
 0002:000035E8       CEncodeSmtp
 0002:000003C8       CErrorStr_InvalidCode
 0002:00007C96       CF_COMPONENT
 0002:00007C94       CF_PICTURE
 0002:00002E14       CGIApp_TCGIApplication_CGIHandleException
 0002:00007A20       ChangeAnyProc
 0001:00093388       ChangeBiDiModeAlignment
 0002:0000433C       CharCases
 0001:00003D64       CharFromWChar
 0001:0005CCFC       CharLength
 0001:00006E04       CharLowerBuff
 0001:00000340       CharNext
 0001:00006E0C       CharNext
 0001:00078B00       CharsetToIdent
 0001:0005CC04       CharToByteIndex
 0001:0005CC68       CharToByteLen
 0001:00006E14       CharToOemA
 0001:00006E1C       CharUpperBuff
 0001:00012524       CheckAddTarget
 0001:0002E7C0       CheckAutoBtn
 0001:00049560       CheckAutoSave
 0001:000497E0       CheckAutoStuff
 0001:0007B1A0       CheckBool
 0001:000E8B90       CheckCircularLinks
 0001:00042604       CheckColDec
 0001:000D9A14       CheckDbClient
 0001:00016A10       CheckDstMap
 0001:00014E48       CheckDstMap
 0001:00034DB0       CheckEMailAddress
 0001:0002FD50       CheckExceptAddr
 0001:0002FB7C       CheckExceptParams
 0001:00053478       CheckFileCrc
 0001:000505FC       CheckFilters
 0001:00110D34       CheckForPassthroughs
 0001:0001F03C       CheckFunctionAreas
 0001:00011558       CheckFunctionName
 0001:0003EB58       CheckIt
 0001:000031A8       CheckJmp
 0001:00006E24       CheckMenuItem
 0001:000DEDC8       CheckMetaData
 0001:00043130       CheckNcLabel
 0001:000D2B6C       CheckNestedBrowseMode
 0001:000EC000       CheckNotChanged
 0001:000ECBE8       CheckOption
 0001:0000EFE0       CheckPrefix
 0002:000003A0       CheckProcAddress
 0001:0000FC78       CheckRegState
 0001:0005329C       CheckRestart
 0002:0000456C       Checks
 0001:000BD5B8       CheckSqlTimeStamp
 0001:000167E8       CheckSrcMap
 0001:00014C58       CheckSrcMap
 0001:0001172C       CheckStringData
 0001:00071264       CheckSubComponents
 0001:00075818       CheckSynchronize
 0001:0000F9C4       CheckTarget
 0001:000AD378       CheckTaskWindow
 0001:0001494C       CheckTryRead
 0001:00064E38       CheckType
 0001:00094ABC       CheckUndock
 0001:000FC154       CheckValues
 0001:0005C928       CheckWin32Version
 0002:00003A8C       CInvalidCustomVariantType
 0002:00004520       cItemAutoFlagToBoolean
 0002:00004518       cItemAutoFlagToMenu
 0002:000003D8       CKernel32
 0002:000003DC       CKernelbase
 0001:00076C90       Classes
 0002:00002E10       Classes_CheckSynchronize
 0001:0006C404       ClassNotFound
 0002:00007A1C       ClearAnyProc
 0001:00078380       ClearColor
 0001:000BE5A8       ClearExcepInfo
 0001:00110380       ClearSelection
 0001:0002D418       ClearTempPath
 0001:00067694       ClearVariantTypeList
 0001:00006E2C       ClientToScreen
 0001:0009E7D0       ClientToWindow
 0001:00086F1C       Clipboard
 0002:00003FB8       ClipboardFormats
 0001:00087008       Clipbrd
 0001:00054C20       Close
 0001:00034CAC       CloseAntiFreeze
 0002:00002DA0       CloseAppExitCode
 0001:00042450       CloseApplication
 0001:00022DFC       CloseBmp
 0001:00006E34       CloseClipboard
 0001:00052B48       CloseCreateThreadHook
 0001:000DEFD0       CloseDetailDatasets
 0001:000345E0       CloseFireHandlers
 0001:00006594       CloseHandle
 0001:000002E0       CloseHandle
 0001:00049EA0       CloseHandleExceptionThread
 0001:00052E14       CloseMessageHooks
 0001:0002C568       closesocket
 0002:00007B80       CloseThemeData
 0001:0002BEB0       CLSIDFromProgID
 0002:00004ACC       CLSID_DSBase
 0002:00004ADC       CLSID_DSCursor
 0002:00004AEC       CLSID_DSWriter
 0002:00002D88       CMadExceptVersionString
 0002:000003C4       CMadToolsMsgHandlerWindow
 0002:00002D64       CMapFileStreamDescriptor
 0002:00006040       CmdLine
 0002:0000603C       CmdShow
 0002:00004514       cMenuAutoFlagToItem
 0002:00002EB8       CMEProperties
 0002:0000360C       CMonths
 0002:00003B2C       CmpTypeMap
 0001:0005E64C       CmpUnimplemented
 0002:0000033C       CNetMsg
 0002:0000032C       CNetMsg
 0002:00000124       CNtDll
 0002:00002E48       CNtObjAttr
 0002:000047C8       CoAddRefServerProcess
 0001:0002BEA8       CoCreateInstance
 0002:000047C0       CoCreateInstanceEx
 0001:0001038C       CodeToHex
 0002:000047D8       CoInitFlags
 0001:0002BE98       CoInitialize
 0002:000047C4       CoInitializeEx
 0001:0006CCD0       CollectionsEqual
 0001:00020480       CollectPossibleStackItems
 0001:000229F0       CollectPossibleStackItems
 0001:000241D4       ColorLookup
 0002:00003D38       Colors
 0001:000788F8       ColorToIdent
 0002:000040D8       ColorToPretyName
 0001:000788E8       ColorToRGB
 0001:00045B54       ColumnExists
 0001:00006B04       CombineRgn
 0002:00007E0C       ComClassManagerVar
 0001:000BD76C       ComConst
 0002:00007D00       ComCtlVersion
 0001:000893C0       ComCtrls
 0002:00007DC4       CommandPool
 0001:0002C040       CommCtrl
 0001:0002C1C0       CommDlg
 0001:000008B0       Commit
 0002:00006628       committedRoot
 0001:000BE870       ComObj
 0001:000BA824       CompactBcd
 0001:000B8C00       CompareDigits
 0001:000FF6CC       CompareExtents
 0001:000A5E7C       CompareFront
 0001:00040148       CompareHeaderInfo
 0001:00057CC4       CompareMem
 0001:000BA604       CompareNormalizedFractions
 0001:00057C94       CompareStr
 0001:0000659C       CompareString
 0001:00009460       CompareText
 0001:00057CE4       CompareText
 0001:000584C0       CompareWith
 0001:0004A380       CompletePhaseHandlerExists
 0001:0002D678       CompName
 0001:00071344       ComponentCreated
 0001:00021688       ComposeResult
 0001:00018BC0       Compress
 0001:00023058       CompressBitmap
 0001:00015EF4       CompressBlock
 0001:00016294       CompressEx
 0001:0007AF60       ComputeAldusChecksum
 0001:000DC930       ComputeInfoCount
 0001:000869BC       ComStrs
 0001:000ECB54       ConcatField
 0001:0002C570       connect
 0001:0003D898       ConnectToServer
 0001:0007700C       Consts
 0001:0003403C       ContainsSyncHandler
 0001:00080400       Contnrs
 0002:00007D36       ControlAtom
 0002:00007D3C       ControlAtomString
 0001:000B2124       ControlHasHelp
 0001:000A1FCC       Controls
 0002:00003C68       Convert
 0002:00003C58       Convert
 0001:0005BE18       ConvertAddr
 0001:0005A3F8       ConvertEraString
 0001:00057ADC       ConvertError
 0001:00057AF4       ConvertErrorFmt
 0001:000290C4       ConvertObject
 0001:00028D38       ConvertProperty
 0001:0005A564       ConvertYearString
 0002:000003E8       COpcodeFlags
 0002:000005E8       COpcodeFlags0f
 0002:000007E8       COpcodeFlagsEx
 0002:000009C8       COpcodeLabelIndex
 0002:00000AC8       COpcodeLabelIndex0f
 0002:000009C0       COpcodeLabels
 0001:0000513C       CopyArray
 0001:0007D480       CopyBitmap
 0001:0007DB48       CopyBitmapAsMask
 0001:00015E08       CopyBlock
 0001:000BB424       CopyByte
 0001:00006B0C       CopyEnhMetaFile
 0002:000017F8       CopyExtra
 0001:000065A4       CopyFileA
 0001:000065AC       CopyFileW
 0002:00001688       CopyLengths
 0002:00001704       CopyLiteralExtra
 0002:00001780       CopyOffsets
 0001:0007DAE4       CopyPalette
 0001:000091C0       CopyR
 0001:000091E8       CopyR
 0002:000042B0       Copyright
 0001:000A8FAC       CopyToBest
 0002:000047CC       CoReleaseServerProcess
 0002:000047D0       CoResumeClassObjects
 0002:00000348       COsDescr
 0002:000047D4       CoSuspendClassObjects
 0001:00057B20       CoTaskMemFree
 0001:0001FB78       CouldBeAfterCall
 0001:00022764       CouldBeAfterCall
 0001:0002BEA0       CoUninitialize
 0001:0005CB74       CountChars
 0002:00007AC8       CounterLock
 0002:00001CDC       CPArr
 0002:00003A90       CRangeToType
 0002:000018DC       crc32Tab
 0002:000003E0       CReadProcessMemory
 0001:000EF4CC       CreateAggsFromAggFields
 0001:0005C37C       CreateAssertException
 0001:0002BC00       CreateAssistant
 0001:0005C504       CreateAVObject
 0001:00051700       CreateAVStr
 0001:00006B14       CreateBitmap
 0001:00022D40       CreateBmp
 0001:00006B1C       CreateBrushIndirect
 0001:00047510       CreateButton
 0001:00006B24       CreateCompatibleBitmap
 0001:00006B2C       CreateCompatibleDC
 0001:000713C4       CreateComponent
 0001:000D9BEC       CreateDbClientObject
 0001:00006B34       CreateDC
 0001:00006B44       CreateDIBitmap
 0001:00006B3C       CreateDIBSection
 0001:000065B4       CreateDirectoryA
 0001:000065BC       CreateDirectoryW
 0001:0002BF00       CreateErrorInfo
 0001:000065C4       CreateEvent
 0001:000065CC       CreateFile
 0001:000002E8       CreateFileA
 0001:000065D4       CreateFileA
 0001:000065E4       CreateFileMapping
 0001:000065EC       CreateFileMappingA
 0001:000065F4       CreateFileMappingW
 0001:000065DC       CreateFileW
 0001:00006B4C       CreateFont
 0001:00006B54       CreateFontA
 0001:00006B5C       CreateFontIndirect
 0001:00006B64       CreateHalftonePalette
 0001:00006E3C       CreateIcon
 0001:0005C2A8       CreateInOutError
 0001:00046624       CreateListView
 0001:0002AD94       CreateMainButton
 0001:0002AA4C       CreateMainWindow
 0001:00006E44       CreateMenu
 0001:000835E4       CreateMessageDialog
 0001:00006604       CreateMutex
 0001:0000662C       CreateMutexA
 0001:000BDC70       CreateOleObject
 0001:00006B6C       CreatePalette
 0001:00006B74       CreatePen
 0001:00006B7C       CreatePenIndirect
 0001:0000664C       CreatePipe
 0001:00023228       CreatePng
 0001:00006E4C       CreatePopupMenu
 0001:00006654       CreateProcessA
 0001:0000665C       CreateProcessW
 0001:00006B84       CreateRectRgnIndirect
 0001:00006664       CreateRemoteThread
 0001:00006B8C       CreateSolidBrush
 0001:0007A744       CreateSystemPalette
 0001:00000348       CreateThread
 0001:0000666C       CreateThread
 0002:000036C8       CreateToolhelp32Snapshot
 0001:00007578       CreateWindow
 0001:000075D0       CreateWindowA
 0001:000074C8       CreateWindowEx
 0001:00007520       CreateWindowExA
 0001:00047464       CreateWindow_
 0002:00004010       CreationControl
 0002:000043B8       CreationControl
 0002:0000093C       CRegLabels
 0002:00003C04       CRelationshipToBoolean
 0002:0000363C       CRes
 0002:00003A54       CResult
 0002:00000340       CRtlNtStatusToDosError
 0002:00000334       CRtlNtStatusToDosError
 0001:0001935C       crypt2dwords
 0001:00019834       cryptBuf
 0002:00001D24       CSArr
 0002:000043A4       CSHREDRAW
 0002:00003754       cSimpleBoolStrs
 0002:00002E60       CsVersion
 0002:00003BA8       CText
 0002:000044B4       Ctl3DStyles
 0001:000FF93C       Ctrl
 0002:00003BFC       CTruth
 0002:00006620       curAlloc
 0001:00065B48       CurrCompare
 0002:00007894       CurrencyDecimals
 0002:00007890       CurrencyFormat
 0002:0000788C       CurrencyString
 0001:0005A28C       CurrentYear
 0001:00065444       CurrOp
 0001:000BB300       CurrToBCD
 0001:00059B5C       CurrToStr
 0001:00059BC4       CurrToStrF
 0001:00063380       CurrToWStrViaOS
 0002:00004694       CursorMap
 0002:000043C8       Cursors
 0001:000936A8       CursorToIdent
 0002:00004684       cUseAlpha
 0002:0000468C       cUseColorKey
 0002:00002DD0       CustomizeSimpleMsgBox
 0001:00023D34       Cut
 0001:00045530       CutInPieces
 0002:000035A0       CValidChars
 0002:0000394C       CVarTypeToElementInfo
 0001:00058214       CvtInt
 0001:00058280       CvtInt64
 0002:00000338       CWinErrNr
 0002:00000344       CWinErrNr
 0002:00000330       CWinHttp
 0002:00004774       CWNear
 0002:00003794       CWNear
 0002:000003E4       CWriteProcessMemory
 0002:000043AC       Data
 0001:000C4890       DatabaseError
 0001:000C493C       DatabaseErrorFmt
 0001:000DA240       DataBkr
 0001:000D9CFC       DataPacketSize
 0001:000D9D18       DataPacketToVariant
 0001:000EE3A4       DataStored
 0002:00004AA0       DataTypeMap
 0002:00004D40       DataTypeMap
 0001:00088C9C       DataTypeToRegData
 0001:00065B20       DateCompare
 0001:00064F7C       DateOp
 0002:00007895       DateSeparator
 0001:000D25E4       DateTimeToNative
 0001:000BD4E8       DateTimeToSQLTimeStamp
 0001:0005AED0       DateTimeToStr
 0001:0005AE44       DateTimeToString
 0001:00059DB4       DateTimeToTimeStamp
 0001:0005AEA0       DateToStr
 0001:000633B8       DateToWStrViaOS
 0001:000BC7A0       DateUtils
 0001:0005A264       DayOfWeek
 0001:000BC738       DaysInAMonth
 0001:000D4D4C       DB
 0002:00007E30       DBApplication
 0001:000F143C       DBClient
 0002:00004AFC       DbClientHandle
 0001:000D9864       DBCommon
 0001:000F172C       DBConnAdmin
 0001:000B7D0C       DBConsts
 0001:0010A980       DBCtrls
 0001:00113710       DBGrids
 0001:00107398       DBLogDlg
 0001:00107908       DBPWDlg
 0002:00007E2C       DBScreen
 0001:00108810       DBUseRightToLeftAlignment
 0002:00004C7C       DbxError
 0002:00004D6C       DbxError
 0001:000B7A6C       DBXpress
 0002:00003790       DCon10
 0001:00025370       DcToBmp
 0002:00003D34       DDBsOnly
 0001:00076BB8       DeallocateHWnd
 0002:00000028       DebugHook
 0001:0004265C       DecCol
 0001:000265EC       DecCol
 0002:00007893       DecimalSeparator
 0001:00066E80       DecIndices
 0001:00019C50       Decode
 0001:00019D90       Decode
 0001:0005A244       DecodeDate
 0001:0005A0F4       DecodeDateFully
 0001:0001C294       DecodeNameString
 0001:00059F5C       DecodeTime
 0001:0000B4C4       DecodeUtf8
 0001:00000970       Decommit
 0001:0000109C       DecommitFree
 0002:000065FC       decommittedRoot
 0001:00019A00       Decrypt
 0001:0003FC60       DecryptPassword
 0001:0000B3A0       DecryptStr
 0001:0000ADF0       DecSepA
 0001:000B54BC       Default
 0001:000AFDA4       Default
 0002:00000020       Default8087CW
 0002:00004778       DefaultBlank
 0001:00048944       DefaultBugReportHtml
 0002:000043BC       DefaultDockTreeClass
 0002:000047F0       DefaultFieldClasses
 0002:00000034       DefaultTextLineBreakStyle
 0002:000065C0       DefaultUserCodePage
 0002:00003F88       DefBrushData
 0002:00003D08       DefFontData
 0001:00006E54       DefFrameProc
 0002:00003820       DefLongDayNames
 0002:000037D4       DefLongMonthNames
 0001:00006E5C       DefMDIChildProc
 0002:00003F68       DefPenData
 0002:00003804       DefShortDayNames
 0002:000037A4       DefShortMonthNames
 0001:00006E64       DefWindowProc
 0001:00006E6C       DefWindowProcA
 0001:00006E74       DefWindowProcW
 0001:000431AC       DefWindowProcX
 0001:000054D4       DelayLoadResourceModule
 0001:0000058C       DeleteBlock
 0001:00006674       DeleteCriticalSection
 0001:0000049C       DeleteCriticalSection
 0001:00006B94       DeleteDC
 0001:00006B9C       DeleteEnhMetaFile
 0001:0000667C       DeleteFileA
 0001:00006684       DeleteFileW
 0001:00000E84       DeleteFree
 0001:0001F9C8       DeleteLink
 0001:00006E7C       DeleteMenu
 0001:00006BA4       DeleteObject
 0001:00110774       DeletePrompt
 0001:0000D030       DelMsgHandler
 0001:0000CE34       DelMsgHandler_
 0001:00031018       DereferenceMeSettingsBuf
 0001:00031540       DereferenceMeSettingsModule
 0001:0007D03C       DeselectBitmap
 0001:000FAFF0       DesignerDataStored
 0001:00006E84       DestroyCursor
 0001:00006E8C       DestroyIcon
 0001:00087098       DestroyLocals
 0001:00006E94       DestroyMenu
 0001:00006E9C       DestroyWindow
 0002:00002D9C       DetectConsole
 0001:00090914       DialogEnumerationTester
 0001:00083E0C       Dialogs
 0002:00003FC4       DIBPalSizes
 0002:00000090       dig
 0002:00004E04       Direction
 0001:000AD1B4       DisableTaskWindows
 0002:00002DF0       DisAsmFunc
 0001:0001059C       DisAsmModRm
 0001:000BDFBC       DispatchInvoke
 0001:000BE59C       DispatchInvokeError
 0001:00006EA4       DispatchMessage
 0002:00002D68       DispatchMessageA
 0001:000B3404       DispatchShortCut
 0001:000BE5B8       DispCall
 0001:000BE69C       DispCallByID
 0002:00006000       DispCallByIDProc
 0001:000BE4C8       DispCallError
 0001:000C4A10       DisposeMem
 0002:00001110       DistanceCode
 0001:00057AC0       DivMod
 0001:00082B5C       Dlgs
 0002:00007E5C       DllGetClassObject
 0001:000B4734       DoAlign
 0001:00099314       DoAlign
 0001:000D1C90       DoBindFields
 0001:00101684       DoCalc
 0001:0009D490       DoCalcConstraints
 0001:001016EC       DoCalcRightToLeft
 0001:00101E74       DoChange
 0002:00007D6C       DockSiteList
 0001:000A9BCC       DoClick
 0001:001007F0       DoColWidths
 0001:0009AA58       DoControlMsg
 0001:000AD164       DoDisableWindow
 0001:000943E8       DoDragOver
 0001:0004964C       DoExceptionAutoStuff
 0001:00057B80       DoExitProc
 0001:0009F500       DoFindControlZone
 0001:000AD2B8       DoFindWindow
 0001:0009FA8C       DoFindZone
 0001:00034198       DoFireHandlers
 0001:0009F584       DoForEach
 0001:000A0E90       DoGetNextLimit
 0001:000139A4       DoItAll
 0001:000AD12C       DoneApplication
 0001:000A1CF4       DoneControls
 0001:0005C838       DoneExceptions
 0001:000B1780       DoNestedActivation
 0001:000757D8       DoneThreadSynchronization
 0002:00002DC4       DontReformatExcMsg
 0001:000FB1B0       DontUseIndex
 0002:00002DB0       DontUseProxy
 0001:000B6880       DoOnHelp
 0001:00098ED4       DoPosition
 0001:000B4584       DoPosition
 0001:000A04B8       DoPrune
 0001:0008523C       DoRect
 0001:00100834       DoRowHeights
 0001:000A0990       DoSaveZone
 0001:001103B4       DoSelection
 0001:000A0B94       DoSetNewBounds
 0001:00100298       DoSizeAdjust
 0002:00003C20       DotSep
 0001:0010358C       DoUpdate
 0001:000A44DC       DoWrite
 0001:0007C158       DoWrite
 0001:0006E208       DoWrite
 0001:0007B3F8       DoWrite
 0001:0009A040       DoWriteDesignSize
 0001:00097AAC       DoWriteIsControl
 0002:00007D50       DragCapture
 0002:00007D44       DragControl
 0001:00094B30       DragDone
 0001:00094398       DragFindTarget
 0001:0009436C       DragFindWindow
 0002:00007D68       DragImageList
 0001:00094788       DragInit
 0001:000948F8       DragInitControl
 0002:00007D4C       DragInternalObject
 0001:000942B4       DragMessage
 0002:00007D48       DragObject
 0002:00007D74       DragSave
 0002:00007D5C       DragSaveCursor
 0002:00007D54       DragStartPos
 0002:00007D60       DragThreshold
 0001:000944B8       DragTo
 0001:000B54F8       DrawAppIcon
 0001:00100BDC       DrawAxisLines
 0002:00007E9C       DrawBitmap
 0001:00100E54       DrawCells
 0001:000A0024       DrawCloseButton
 0001:000250A4       DrawCursorOnDC
 0001:00006EAC       DrawEdge
 0001:00006EB4       DrawFocusRect
 0001:00006EBC       DrawFrameControl
 0001:000A007C       DrawGrabberLine
 0001:00007F50       DrawGraphic
 0001:00006EC4       DrawIcon
 0001:00006ECC       DrawIconEx
 0002:000044F0       DrawingStyles
 0001:00042A60       DrawLine
 0001:00043010       DrawLineEx
 0001:00100DC4       DrawLines
 0001:00006ED4       DrawMenuBar
 0001:000AAF3C       DrawMenuItem
 0001:00006EDC       DrawText
 0001:00006EE4       DrawTextA
 0002:00007B84       DrawThemeBackground
 0002:00007BA8       DrawThemeEdge
 0002:00007BAC       DrawThemeIcon
 0002:00007C30       DrawThemeParentBackground
 0002:00007B88       DrawThemeText
 0001:0010F668       DrawTitleCell
 0001:000D9DD0       DSIntf
 0002:00002DA8       DumbStackTrace
 0001:0007A208       DupBits
 0001:0000668C       DuplicateHandle
 0001:00066E28       DynArrayBounds
 0001:00005154       DynArrayClear
 0001:00066D80       DynArrayDim
 0001:00066D5C       DynArrayElTypeInfo
 0001:00067328       DynArrayFromVariant
 0001:00066D18       DynArrayIndex
 0001:0000515C       DynArraySetLength
 0001:00066DA8       DynArraySize
 0001:00066FA4       DynArrayToVariant
 0001:00066EEC       DynArrayVariantBounds
 0001:00066F5C       DynArrayVarType
 0001:00050A90       Ebp
 0001:000E7AE8       EDBClient.Create
 0002:000045DC       EdgeStyle
 0002:000044A4       EdgeStyles
 0001:000DB8E8       EDSWriter.Create
 0001:00050B4C       EExternalException.Create
 0001:0005C27C       EHeapException.FreeInstance
 0001:00006EEC       EmptyClipboard
 0001:000659AC       EmptyCompare
 0001:000653AC       EmptyOp
 0002:00007A08       EmptyParam
 0002:000036D8       EmptyStr
 0002:000036DC       EmptyWideStr
 0001:00006EF4       EnableMenuItem
 0002:00004574       Enables
 0001:00006EFC       EnableScrollBar
 0001:000AD268       EnableTaskWindows
 0002:00007C18       EnableThemeDialogTexture
 0002:00007C34       EnableTheming
 0001:00006F04       EnableWindow
 0001:00019B04       Encode
 0001:00019C34       Encode
 0001:0005A0C4       EncodeDate
 0001:0003C3A0       EncodeStr
 0001:00059F1C       EncodeTime
 0001:0000B6C0       EncodeUtf8
 0001:00006BAC       EndDoc
 0001:0006CA9C       EndGlobalLoading
 0001:000D7B44       EndOfLiteral
 0001:00006BB4       EndPage
 0001:00006F0C       EndPaint
 0001:00014914       EndTryRead
 0001:0000048C       EnterCriticalSection
 0001:00006694       EnterCriticalSection
 0001:00030D38       EnterSettingsMutex
 0001:0000669C       EnumCalendarInfoA
 0001:00006F14       EnumClipboardFormats
 0002:00007B18       EnumDisplayMonitors
 0001:0005BA8C       EnumEraNames
 0001:0005BAC8       EnumEraYearOffsets
 0001:000B0368       EnumMonitorsProc
 0001:00055FF8       EnumProcesses9x
 0001:00056144       EnumProcessesNt
 0001:00006F1C       EnumThreadWindows
 0001:00070B74       EnumValue
 0001:000530B4       EnumWindowProc
 0001:00006F24       EnumWindows
 0001:0005047C       EnumWindowsProc
 0001:000BDB48       EOleException.Create
 0001:000BDA78       EOleSysError.Create
 0001:00006F2C       EqualRect
 0002:0000795C       EraNames
 0001:0005B148       EraToYear
 0002:00007978       EraYearOffsets
 0001:000E7B68       EReconcileError.Create
 0002:00000068       errCaption
 0001:0006BFA8       Error
 0001:000C6838       Error
 0001:00001CF0       Error
 0001:00070358       Error
 0001:000A5BCC       Error
 0002:00000004       ErrorAddr
 0001:00001CA4       ErrorAt
 0001:0000B12C       ErrorCodeToStr
 0002:000000F8       ErrorCodeToStrA
 0001:0005C328       ErrorHandler
 0002:0000383C       ErrorMap
 0002:00006008       ErrorProc
 0002:000063E8       ErrOutput
 0001:0005EB48       ESafeArrayError.CreateHResult
 0001:00050A88       Esp
 0001:000C47BC       EUpdateError.Create
 0001:000C4860       EUpdateError.Destroy
 0001:00020E68       EvaluateLinks
 0002:00004948       Events
 0001:00001C1C       ExceptAddr
 0002:0000600C       ExceptClsProc
 0001:0005C7A4       ExceptHandler
 0002:00007834       ExceptHandlers
 0002:00007838       ExceptHandlersOO
 0001:0005C0A8       Exception.Create
 0001:0005C0E4       Exception.CreateFmt
 0001:0005C234       Exception.CreateHelp
 0001:0005C164       Exception.CreateRes
 0001:0005C1A0       Exception.CreateResFmt
 0002:0000601C       ExceptionClass
 0001:0005BE24       ExceptionErrorMessage
 0002:0000367C       exceptionNumber
 0002:00003874       ExceptMap
 0001:00001BFC       ExceptObject
 0002:00006010       ExceptObjProc
 0002:00006004       ExceptProc
 0001:00006BBC       ExcludeClipRect
 0002:00000000       ExitCode
 0001:00003A14       ExitDll
 0002:00006048       ExitProc
 0001:000066A4       ExitProcess
 0001:00000350       ExitProcess
 0002:00006028       ExitProcessProc
 0002:00003750       ExitProcList
 0001:000066AC       ExitThread
 0001:000066B4       ExpandEnvironmentStringsA
 0001:00058908       ExpandFileName
 0001:0002F234       ExpandVars
 0001:0002EB58       ExpandVars
 0001:0000D1FC       ExportToFunc
 0001:00089208       ExtActns
 0001:00006BC4       ExtCreatePen
 0001:0008695C       ExtCtrls
 0001:000871C0       ExtDlgs
 0002:00004384       ExtendSelects
 0002:000015E8       ExtraBitLengthBits
 0001:00040E08       ExtractBugReportHeaderField
 0001:000C4A38       ExtractFieldName
 0001:00058834       ExtractFileDir
 0001:0002CE84       ExtractFileDrive
 0001:000588C0       ExtractFileExt
 0001:0002CE00       ExtractFileName
 0001:00058888       ExtractFileName
 0001:0002CE40       ExtractFilePath
 0001:00058800       ExtractFilePath
 0001:0003FEB4       ExtractHeaderInfo
 0002:00001570       ExtraDistanceBits
 0002:00004B98       ExtraFieldProps
 0002:000014FC       ExtraLengthBits
 0001:00006BCC       ExtTextOut
 0002:00007998       FalseBoolStrs
 0002:00000C14       FastPageExecute
 0002:00007C9C       FClipboard
 0002:00003784       FCon1E18
 0002:00004770       FConst10
 0002:00000328       FDecSepA
 0001:00110CE0       FieldIsMapped
 0001:000FBA6C       FieldsInQuery
 0002:00004A2C       FieldTypeMap
 0002:00004888       FieldTypeNames
 0001:00058700       FileAge
 0001:000586F8       FileClose
 0001:00058660       FileCreate
 0001:0005863C       FileCreate
 0001:00058768       FileExists
 0002:00003FBC       FileFormats
 0002:00000008       FileMode
 0001:00002114       FileNOPProc
 0001:000585E4       FileOpen
 0001:00058668       FileRead
 0002:00003C4C       FilerSignature
 0001:000586C0       FileSeek
 0001:000066BC       FileTimeToDosDateTime
 0001:000066C4       FileTimeToLocalFileTime
 0001:000066CC       FileTimeToSystemTime
 0001:0000C088       FileVersionToStr
 0002:00000398       FileVersionToStrA
 0001:0000C17C       FileVersionToStrW
 0001:00058694       FileWrite
 0001:00000FBC       FillAfterGap
 0001:00000F5C       FillBeforeGap
 0001:0002FACC       FillClipboard
 0001:00100B88       FillDWord
 0001:0000105C       FillerSizeAfterGap
 0001:00000FE4       FillerSizeBeforeGap
 0001:000213A0       FillFinalOutput
 0001:000311E4       FillProps
 0001:00006F34       FillRect
 0001:00026864       FillRect
 0001:0002681C       FillRect
 0001:00009FA0       FillStr
 0002:000000E8       FillStrA
 0001:00020A3C       FillUpLink
 0001:00015144       FillWindow
 0001:000DA210       Finalization
 0001:000DA1D8       Finalization
 0001:0008698C       Finalization
 0001:000D9D80       Finalization
 0001:00080B90       Finalization
 0001:00086914       Finalization
 0001:000D994C       Finalization
 0001:000D9834       Finalization
 0001:000D4CF0       Finalization
 0001:00080B50       Finalization
 0001:0000E1C0       Finalization
 0001:00086FCC       Finalization
 0001:00087060       Finalization
 0001:00087130       Finalization
 0001:00087190       Finalization
 0001:00069FC8       Finalization
 0001:00081B78       Finalization
 0001:00025764       Finalization
 0001:00022BAC       Finalization
 0001:00088B44       Finalization
 0001:000A4C2C       Finalization
 0001:000686BC       Finalization
 0001:00007944       Finalization
 0001:000890FC       Finalization
 0001:00089160       Finalization
 0001:000891B8       Finalization
 0001:00089210       Finalization
 0001:00089348       Finalization
 0001:00089E9C       Finalization
 0001:0000888C       Finalization
 0001:00006400       Finalization
 0001:00068460       Finalization
 0001:00083DB0       Finalization
 0001:000E60AC       Finalization
 0001:000A3294       Finalization
 0001:00082B2C       Finalization
 0001:000F140C       Finalization
 0001:000F1604       Finalization
 0001:000F16FC       Finalization
 0001:000AB21C       Finalization
 0001:00082AF4       Finalization
 0001:000BE7F0       Finalization
 0001:00082ABC       Finalization
 0001:000803D0       Finalization
 0001:000BD73C       Finalization
 0001:0001E650       Finalization
 0001:000BD6C4       Finalization
 0001:00081BC0       Finalization
 0001:00054E00       Finalization
 0001:00081BF8       Finalization
 0001:00054F9C       Finalization
 0001:00055D18       Finalization
 0001:00056948       Finalization
 0001:00056E10       Finalization
 0001:00080118       Finalization
 0001:00006158       Finalization
 0001:000BC770       Finalization
 0001:000BC700       Finalization
 0001:00082A4C       Finalization
 0001:0007FF38       Finalization
 0001:00076FDC       Finalization
 0001:000820C8       Finalization
 0001:0002C5D8       Finalization
 0001:000FC8B4       Finalization
 0001:0010A93C       Finalization
 0001:0002C528       Finalization
 0001:000FEAB4       Finalization
 0001:00019DAC       Finalization
 0001:0002C190       Finalization
 0001:0002C140       Finalization
 0001:00014B3C       Finalization
 0001:0002C108       Finalization
 0001:00076BE0       Finalization
 0001:000BBC94       Finalization
 0001:001078CC       Finalization
 0001:0002C0D0       Finalization
 0001:001136E0       Finalization
 0001:00107368       Finalization
 0001:000192F8       Finalization
 0001:0002C098       Finalization
 0001:0002C060       Finalization
 0001:00090B8C       Finalization
 0001:0000790C       Finalization
 0001:0002C010       Finalization
 0001:0002BF14       Finalization
 0001:0008FF08       Finalization
 0001:0008FDA0       Finalization
 0001:0002BE24       Finalization
 0001:0005EF38       Finalization
 0001:000A1F64       Finalization
 0001:00106C8C       Finalization
 0001:0000B844       Finalization
 0001:000B7894       Finalization
 0001:000B7A3C       Finalization
 0001:00081F1C       Finalization
 0001:000B7CDC       Finalization
 0001:00106BD4       Finalization
 0001:00007720       Finalization
 0001:00113DB0       Finalization
 0001:0005E2B8       Finalization
 0001:00113DE8       Finalization
 0001:00006388       Finalization
 0001:0000514C       FinalizeArray
 0001:00003828       FinalizeUnits
 0001:0000D03C       FinalMsgHandler
 0001:000A998C       Find
 0001:000736A8       FindAncestor
 0001:0001FA18       FindAndDeleteLink
 0001:000209D8       FindApprovedDownLink
 0001:00053618       FindBpl
 0001:00005564       FindBS
 0001:0006C4C4       FindClass
 0001:00050558       FindClass
 0001:000054CC       FindClassHInstance
 0001:00000360       FindClose
 0001:000066D4       FindClose
 0001:0001F0AC       FindCodeAddrAndTarget
 0001:00012F20       FindCodeArea
 0001:000134F0       FindCodeArea
 0001:000447D8       FindColumns
 0001:00000F18       FindCommitted
 0001:00093488       FindControl
 0001:0009FCB8       FindControlAtPos
 0001:0006831C       FindCustomVariantType
 0001:00068264       FindCustomVariantType
 0001:00094E54       FindDragTarget
 0001:00071574       FindExistingComponent
 0001:000066DC       FindFirstFile
 0001:00000368       FindFirstFile
 0001:000066E4       FindFirstFileA
 0001:000066EC       FindFirstFileW
 0001:000AD3C4       FindGlobalComponent
 0001:0006C92C       FindGlobalComponent
 0002:00007A68       FindGlobalComponentProcs
 0001:000054A4       FindHInstance
 0001:0006C7D4       FindIdentToInt
 0001:00029760       FindImagePos
 0001:0006C758       FindIntToIdent
 0001:000446B0       FindLines
 0001:0001C7E8       FindMapFile
 0001:0001E138       FindMapFile
 0001:00030CA4       FindMEProperty
 0001:00039EE0       FindMeSettings
 0001:0000D054       FindModule
 0002:0000039C       FindModuleA
 0002:00007C5C       FindMsg
 0001:000ECC20       FindNameFromId
 0001:0001FC20       FindNearestExport
 0001:00070704       FindNestedComponent
 0001:000066F4       FindNextFileA
 0001:000066FC       FindNextFileW
 0001:00023EDC       FindOptimalPalette
 0001:000A5B94       FindPopupControl
 0001:0005EC00       FindProc
 0001:000103CC       FindProcName
 0001:00006704       FindResource
 0001:0000670C       FindResourceA
 0001:0000551C       FindResourceHInstance
 0001:00006714       FindResourceW
 0001:000B70C4       FindScanline
 0001:0008F99C       FindString
 0001:000AD31C       FindTopMostWindow
 0001:00072458       FindUniqueName
 0001:0002072C       FindValidStackArr
 0001:000664EC       FindVarData
 0001:00094E20       FindVCLWindow
 0001:00006F3C       FindWindow
 0001:0009096C       FindWinHelp
 0001:000336F0       FireHandlers
 0002:0000356C       FireHandlersMsg
 0002:00003568       FireHandlersWnd
 0002:00001684       FixedBuild
 0002:000077C8       FixedDistanceBits
 0002:000077D0       FixedDistanceTable
 0002:000077C4       FixedLiteralBits
 0002:000077CC       FixedLiteralTable
 0002:000066C4       FixedTablesMemory
 0001:000F2C14       FixParams
 0001:0007D434       FixupBitFields
 0002:000045EC       Flags
 0002:000079A8       FLanguages
 0001:00081F4C       FlatSB
 0002:00007B44       FlatSB_EnableScrollBar
 0002:00007B50       FlatSB_GetScrollInfo
 0002:00007B54       FlatSB_GetScrollPos
 0002:00007B4C       FlatSB_GetScrollRange
 0002:00007B5C       FlatSB_SetScrollInfo
 0002:00007B58       FlatSB_SetScrollPos
 0001:00081C3C       FlatSB_SetScrollProp
 0002:00007B60       FlatSB_SetScrollRange
 0002:00007B48       FlatSB_ShowScrollBar
 0002:00004A54       FldSubTypeMap
 0002:00004CF4       FldSubTypeMap
 0002:00004CCC       FldTypeMap
 0001:000597EC       FloatToDecimal
 0001:00059B2C       FloatToStr
 0001:00059B8C       FloatToStrF
 0001:00059224       FloatToText
 0001:000594F8       FloatToTextFmt
 0001:00002378       Flush
 0001:0001617C       FlushBlockOnly
 0001:0001693C       FlushDstFile
 0001:00014DA8       FlushDstFile
 0001:0000671C       FlushInstructionCache
 0001:0001531C       FlushPending
 0002:00000C08       FMagic
 0002:00000C0C       FMagic95
 0002:00000C10       FMagicReady
 0002:00003798       FMSecsPerDay
 0001:000BBCD0       FMTBcd
 0002:0000473C       FMTBcdVariantType
 0001:00059118       FmtStr
 0002:00004608       FocusCount
 0002:00004604       FocusMessages
 0002:00002DD8       FollowRedirect
 0002:00003ED8       FontCharsets
 0002:00007AE0       FontManager
 0001:0003FCF0       ForceDirA
 0001:0003FDD8       ForceDirW
 0002:00002DBC       ForceUtf8
 0001:000AD398       ForegroundTask
 0002:00007EA4       Form1
 0002:000037A0       Format
 0001:00059104       Format
 0001:00058CF4       FormatBuf
 0001:00058CE8       FormatClearStr
 0001:00059C54       FormatCurr
 0001:00058C6C       FormatError
 0002:0000377C       FormatErrorStrs
 0001:0002FA24       FormatExceptMessage
 0001:00059BFC       FormatFloat
 0001:0003B3A8       FormatMailAddr
 0001:000BC6CC       FormatMaskText
 0001:00006724       FormatMessage
 0001:0000672C       FormatMessageA
 0001:0000AA34       FormatSubStrs
 0001:00058CC4       FormatVarToStr
 0001:000B78F0       Forms
 0002:00002DF4       Forms_TApplication_HandleException
 0002:00002DF8       Forms_TApplication_ShowException
 0001:000FF920       ForwardMovement
 0001:0003C394       FourBitToHex
 0001:00002880       FPower10
 0002:0000400C       FPrinter
 0001:000BB060       FractionToStr
 0001:00085300       Frame3D
 0001:00006F44       FrameRect
 0001:0005DE98       FreeAndNil
 0001:00000C18       FreeCommitted
 0001:00024D04       FreeContributorList
 0001:00001250       FreeCurAlloc
 0001:000D9C60       FreeDataPacket
 0001:00094F14       FreeDeviceContext
 0001:00094FD0       FreeDeviceContexts
 0001:000769AC       FreeIntConstList
 0001:00000370       FreeLibrary
 0001:00006734       FreeLibrary
 0002:000003B8       FreeLibrary16
 0001:00005CC0       FreeMemory
 0001:0007CF90       FreeMemoryContexts
 0001:00076AE0       FreeObjectInstance
 0001:000F350C       FreeProcParams
 0001:000314E4       FreeProps
 0001:00006754       FreeResource
 0001:0000650C       FreeSid
 0001:000007E8       FreeSpace
 0001:0005D7C0       FreeTerminateProcs
 0001:00082100       FreeThemeLibrary
 0002:0000359C       FreezeTimeout
 0002:00007CFC       FRichEditModule
 0001:0001470C       Fs
 0002:000077F0       functionCache
 0002:000077EC       functionCount
 0001:0005D8C0       GDAL
 0001:0007A1F8       GDICheck
 0001:0007A150       GDIError
 0001:00006BD4       GdiFlush
 0001:000E3878       GenConflictSelectSQL
 0001:00015518       GenerateBitLengths
 0001:000153BC       GenerateCodes
 0001:000D57E8       GenerateParamSQL
 0001:00002020       Get8087CW
 0001:0004AEE8       Get9xResourceReport
 0001:0000675C       GetACP
 0001:00006F4C       GetActiveWindow
 0001:0004B160       GetAllocatedMemory
 0001:000B4C10       GetAnimation
 0001:0003D5C0       GetAttachSize
 0001:00082F40       GetAveCharSize
 0001:00006BDC       GetBitmapBits
 0001:000F2A98       GetBlobSize
 0001:000004A4       GetBlockDesc
 0001:000E97D4       GetBoolParam
 0001:00006BE4       GetBrushOrgEx
 0001:00052E78       GetBugReport
 0001:00006F54       GetCapture
 0001:00093750       GetCaptureControl
 0001:00006F5C       GetCaretPos
 0001:0006C470       GetClass
 0001:00006F64       GetClassInfo
 0001:00006F6C       GetClassName
 0001:00006F74       GetClassNameA
 0001:0004D9D4       GetCleartextDisAsm
 0001:00043114       GetClientCursorPos
 0001:00006F7C       GetClientRect
 0001:00006F84       GetClipboardData
 0001:0007BBFC       GetClipboardFormats
 0001:00006BEC       GetClipBox
 0001:00000440       GetCmdShow
 0001:000A34EC       GetColor
 0001:000892E8       GetComCtlVersion
 0001:00000378       GetCommandLine
 0001:0000676C       GetCommandLineA
 0001:00006774       GetCommandLineW
 0001:00000A2C       GetCommitted
 0001:00000AD4       GetCommittedAt
 0001:00074A38       GetComponentValue
 0001:0000677C       GetComputerNameA
 0001:000F2A3C       GetConnectionRegistryFile
 0001:000249B4       GetContributorList
 0001:0009A60C       GetControlAtPos
 0001:0005A350       GetCount
 0001:00006764       GetCPInfo
 0001:0004ACA4       GetCpuCount
 0001:0004AC04       GetCpuName
 0001:0004D3F8       GetCpuRegisters
 0001:00006784       GetCurrentDirectoryA
 0001:0000678C       GetCurrentDirectoryW
 0001:00006BF4       GetCurrentPositionEx
 0001:00006794       GetCurrentProcess
 0001:0000679C       GetCurrentProcessId
 0002:00007C28       GetCurrentThemeName
 0001:000067A4       GetCurrentThread
 0001:00000430       GetCurrentThreadId
 0001:000067AC       GetCurrentThreadId
 0001:0000740C       GetCurrentTime
 0001:00006F8C       GetCursor
 0001:000B70D4       GetCursorHeightMargin
 0001:00006F94       GetCursorPos
 0001:0005A380       GetDate
 0001:000067B4       GetDateFormat
 0001:0005B060       GetDateOrder
 0001:0003D9AC       GetDateTimeStr
 0001:00006F9C       GetDC
 0001:00006FA4       GetDCEx
 0001:00006BFC       GetDCOrgEx
 0001:0007FB40       GetDefFontCharSet
 0001:0006D808       GetDesigner
 0001:00006FAC       GetDesktopWindow
 0001:00006C14       GetDeviceCaps
 0001:00055674       GetDeviceInfo
 0001:0007B188       GetDIB
 0001:00006C04       GetDIBColorTable
 0001:00006C0C       GetDIBits
 0001:0007B0D0       GetDIBSizes
 0001:0007A368       GetDInColors
 0001:000067BC       GetDiskFreeSpaceA
 0002:0000374C       GetDiskFreeSpaceEx
 0001:0004B754       GetDiskStr
 0001:0004AF9C       GetDisplayModeString
 0001:0003C858       GetDnsIps
 0001:000A0F70       GetDockAlign
 0001:000940F8       GetDockSiteAtPos
 0001:00006FB4       GetDoubleClickTime
 0001:000F29E8       GetDriverRegistryFile
 0001:00094424       GetDropCtl
 0001:00002F10       GetDynaMethod
 0001:000220E8       GetEbp
 0001:00006C1C       GetEnhMetaFileBits
 0001:00006C24       GetEnhMetaFileHeader
 0001:00006C2C       GetEnhMetaFilePaletteEntries
 0001:00068FA8       GetEnumName
 0001:00069080       GetEnumNameValue
 0001:0006932C       GetEnumProp
[...]
  9315 0001:000D23A7  9316 0001:000D23EE  9320 0001:000D23F8  9321 0001:000D2400
  9324 0001:000D2404  9325 0001:000D240A  9326 0001:000D2414  9327 0001:000D2421
  9328 0001:000D242B  9329 0001:000D242F  9330 0001:000D2439  9333 0001:000D243C
  9334 0001:000D2442  9335 0001:000D244E  9338 0001:000D245B  9339 0001:000D2463
  9341 0001:000D246D  9346 0001:000D2470  9347 0001:000D2480  9349 0001:000D248B
  9350 0001:000D2497  9351 0001:000D24A0  9352 0001:000D24AE  9354 0001:000D24C4
  9357 0001:000D24D8  9358 0001:000D24DF  9363 0001:000D24E8  9364 0001:000D24F1
  9365 0001:000D24F7  9366 0001:000D2503  9367 0001:000D250C  9368 0001:000D251A
  9370 0001:000D2534  9372 0001:000D2548  9376 0001:000D2550  9380 0001:000D2554
  9381 0001:000D2556  9395 0001:000D2558  9396 0001:000D2568  9399 0001:000D2572
  9400 0001:000D2577  9404 0001:000D257F  9405 0001:000D2585  9408 0001:000D258E
  9409 0001:000D259C  9411 0001:000D25BD  9412 0001:000D25C2  9415 0001:000D25CC
  9416 0001:000D25DB  9421 0001:000D25E4  9422 0001:000D25F0  9423 0001:000D25FE
  9424 0001:000D2609  9425 0001:000D2610  9427 0001:000D2617  9429 0001:000D2622
  9436 0001:000D262C  9437 0001:000D2657  9438 0001:000D2682  9439 0001:000D268D
  9440 0001:000D269B  9442 0001:000D26B4  9444 0001:000D26E1  9449 0001:000D26E8
  9450 0001:000D26F7  9451 0001:000D2708  9452 0001:000D2713  9453 0001:000D2721
  9454 0001:000D272E  9455 0001:000D2740  9457 0001:000D276B  9459 0001:000D277B
  9463 0001:000D2784  9464 0001:000D27A8  9466 0001:000D2805  9467 0001:000D280B
  9468 0001:000D282D  9470 0001:000D2841  9473 0001:000D284F  9474 0001:000D2855
  9475 0001:000D2879  9476 0001:000D288B  9479 0001:000D28C9  9481 0001:000D28D9
  9482 0001:000D28DF  9483 0001:000D28F0  9485 0001:000D2908  9486 0001:000D290E
  9487 0001:000D2923  9489 0001:000D2957  9495 0001:000D2960  9496 0001:000D2962
  9500 0001:000D2964  9506 0001:000D2968  9507 0001:000D296A  9512 0001:000D296C
  9513 0001:000D2975  9514 0001:000D2979  9516 0001:000D297D  9517 0001:000D2980
  9518 0001:000D2984  9519 0001:000D2988  9521 0001:000D2997  9514 0001:000D29A3
  9523 0001:000D29A7  9524 0001:000D29AE  9527 0001:000D29B4  9528 0001:000D29BA
  9529 0001:000D29C4  9530 0001:000D29C7  9531 0001:000D29CE  9532 0001:000D29D5
  9535 0001:000D29D8  9536 0001:000D29DE  9537 0001:000D29E3  9538 0001:000D29ED
  9539 0001:000D29F4  9540 0001:000D29FB  9545 0001:000D2A00  9546 0001:000D2A03
  9548 0001:000D2A16  9549 0001:000D2A31  9550 0001:000D2A4E  9552 0001:000D2A75
  9553 0001:000D2A90  9555 0001:000D2A9B  9560 0001:000D2AA0  9561 0001:000D2AA7
  9563 0001:000D2AB6  9564 0001:000D2AD0  9565 0001:000D2AE7  9566 0001:000D2AFD
  9564 0001:000D2B19  9568 0001:000D2B1C  9569 0001:000D2B2B  9570 0001:000D2B3F
  9569 0001:000D2B63  9571 0001:000D2B66  9576 0001:000D2B6C  9577 0001:000D2B72
  9578 0001:000D2B82  9579 0001:000D2B90  9580 0001:000D2BA5  9578 0001:000D2BB8
  9581 0001:000D2BBB  9586 0001:000D2BC0  9587 0001:000D2BD1  9588 0001:000D2BEF
  9591 0001:000D2C2C  9592 0001:000D2C3A  9593 0001:000D2C44  9596 0001:000D2C4D
  9598 0001:000D2C59  9600 0001:000D2C65  9602 0001:000D2C6E  9605 0001:000D2C77
  9606 0001:000D2C81  9607 0001:000D2C8D  9610 0001:000D2C99  9612 0001:000D2CA5
  9613 0001:000D2CA9  9614 0001:000D2CBC  9615 0001:000D2CBE  9619 0001:000D2CC8
  9621 0001:000D2CCC  9622 0001:000D2CDD  9621 0001:000D2CF6  9623 0001:000D2CF9
  9625 0001:000D2D0D  9629 0001:000D2D14  9630 0001:000D2D1B  9634 0001:000D2D1C
  9636 0001:000D2D22  9637 0001:000D2D2E  9639 0001:000D2D35  9640 0001:000D2D38
  9643 0001:000D2D3C  9644 0001:000D2D40  9646 0001:000D2D46  9647 0001:000D2D49
  9649 0001:000D2D4F  9650 0001:000D2D6B  9651 0001:000D2D7D  9654 0001:000D2D8F
  9657 0001:000D2D94  9658 0001:000D2DAB  9659 0001:000D2DCE  9660 0001:000D2DF9
  9665 0001:000D2E00  9666 0001:000D2E01  9667 0001:000D2E09  9671 0001:000D2E0C
  9677 0001:000D2E10  9678 0001:000D2E31  9679 0001:000D2E40  9681 0001:000D2E49
  9682 0001:000D2E4D  9683 0001:000D2E66  9684 0001:000D2E74  9687 0001:000D2E79
  9688 0001:000D2E7D  9690 0001:000D2E90  9691 0001:000D2EA1  9690 0001:000D2EBB
  9695 0001:000D2EC3  9696 0001:000D2EC9  9697 0001:000D2EDD  9698 0001:000D2EE3
  9699 0001:000D2EF1  9701 0001:000D2EF6  9702 0001:000D2F0A  9699 0001:000D2F0D
  9705 0001:000D2F21  9707 0001:000D2F29  9708 0001:000D2F3D  9705 0001:000D2F40
  9710 0001:000D2F48  9713 0001:000D2F52  9715 0001:000D2F89  9725 0001:000D2F90
  9726 0001:000D2F93  9728 0001:000D2F97  9729 0001:000D2FA0  9731 0001:000D2FA4
  9732 0001:000D2FAD  9729 0001:000D2FB0  9735 0001:000D2FB4  9737 0001:000D2FB8
  9738 0001:000D2FC6  9740 0001:000D2FD2  9742 0001:000D2FEB  9743 0001:000D2FF1
  9744 0001:000D2FF7  9746 0001:000D2FFB  9747 0001:000D3006  9748 0001:000D3009
  9744 0001:000D300C  9750 0001:000D3010  9751 0001:000D3022  9752 0001:000D3032
  9753 0001:000D3052  9754 0001:000D3058  9755 0001:000D3067  9756 0001:000D3075
  9758 0001:000D3080  9759 0001:000D308E  9760 0001:000D3094  9762 0001:000D309D
  9763 0001:000D30A8  9766 0001:000D30BA  9772 0001:000D30C4  9773 0001:000D30CB
  9775 0001:000D30D9  9776 0001:000D30DE  9777 0001:000D30E3  9778 0001:000D30F2
  9779 0001:000D30FF  9781 0001:000D310B  9782 0001:000D3115  9783 0001:000D311B
  9784 0001:000D311E  9785 0001:000D3125  9786 0001:000D3127  9779 0001:000D3128
  9786 0001:000D312D  9777 0001:000D3130  9787 0001:000D3136  9789 0001:000D313F
  9794 0001:000D3148  9795 0001:000D314F  9797 0001:000D315D  9798 0001:000D3173
  9799 0001:000D317B  9801 0001:000D3184  9802 0001:000D318D  9804 0001:000D31A8
  9805 0001:000D31B7  9806 0001:000D31C3  9809 0001:000D31CD  9811 0001:000D31D0
  9814 0001:000D31D4  9815 0001:000D31DB  9816 0001:000D31E7  9818 0001:000D31F2
  9819 0001:000D31FA  9824 0001:000D3200  9825 0001:000D3206  9826 0001:000D320A
  9828 0001:000D3211  9829 0001:000D321E  9830 0001:000D3246  9831 0001:000D324C
  9832 0001:000D3262  9833 0001:000D326A  9834 0001:000D328B  9836 0001:000D328F
  9837 0001:000D3296  9839 0001:000D32A2  9840 0001:000D32A7  9841 0001:000D32AC
  9842 0001:000D32B7  9843 0001:000D32BE  9845 0001:000D32C2  9846 0001:000D32CB
  9849 0001:000D32D0  9850 0001:000D32D4  9851 0001:000D32DB  9852 0001:000D32ED
  9853 0001:000D330C  9855 0001:000D3310  9856 0001:000D3317  9858 0001:000D3323
  9859 0001:000D332E  9861 0001:000D3336  9862 0001:000D3339  9865 0001:000D333C
  9867 0001:000D3343  9868 0001:000D334C  9873 0001:000D3350  9874 0001:000D3370
  9876 0001:000D3380  9878 0001:000D3386  9879 0001:000D338E  9880 0001:000D33B4
  9882 0001:000D33D1  9886 0001:000D3437  9887 0001:000D3442  9888 0001:000D3451
  9890 0001:000D3456  9891 0001:000D345C  9892 0001:000D346C  9893 0001:000D3472
  9894 0001:000D3482  9895 0001:000D348D  9896 0001:000D349D  9897 0001:000D34B1
  9898 0001:000D34BC  9900 0001:000D34D4  9903 0001:000D3508  9908 0001:000D3510
  9909 0001:000D3518  9911 0001:000D3525  9912 0001:000D352E  9913 0001:000D3532
  9916 0001:000D354F  9918 0001:000D3568  9920 0001:000D3571  9923 0001:000D3578
  9924 0001:000D3579  9925 0001:000D3588  9928 0001:000D358C  9929 0001:000D358D
  9930 0001:000D359C  9934 0001:000D35A0  9935 0001:000D35A5  9936 0001:000D35AA
  9937 0001:000D35B1  9938 0001:000D35B8  9939 0001:000D35BF  9943 0001:000D35C0
  9944 0001:000D35C7  9945 0001:000D35CC  9946 0001:000D35D1  9947 0001:000D35D8
  9948 0001:000D35DF  9951 0001:000D35E0  9952 0001:000D35E3  9953 0001:000D35F6
  9957 0001:000D35F8  9958 0001:000D35FF  9962 0001:000D3600  9963 0001:000D3602
  9966 0001:000D3604  9967 0001:000D3608  9968 0001:000D360C  9969 0001:000D3625
  9972 0001:000D3628  9973 0001:000D362C  9974 0001:000D362E  9975 0001:000D3639
  9976 0001:000D3652  9979 0001:000D3658  9980 0001:000D365E  9981 0001:000D366A
  9982 0001:000D3676  9983 0001:000D3684  9987 0001:000D3688  9988 0001:000D3691
  9993 0001:000D3694  9994 0001:000D369D  9996 0001:000D36B2  9997 0001:000D36BE
  9998 0001:000D36C8  9999 0001:000D36D6 10001 0001:000D36EE 10004 0001:000D3702
 10009 0001:000D3708 10010 0001:000D370D 10011 0001:000D3710 10013 0001:000D3722
 10014 0001:000D372F 10015 0001:000D3741 10016 0001:000D374B 10014 0001:000D3757
 10018 0001:000D375A 10019 0001:000D3764 10023 0001:000D3768 10028 0001:000D376C
 10029 0001:000D378A 10030 0001:000D37A1 10031 0001:000D37B1 10029 0001:000D37D1
 10032 0001:000D37F1 10039 0001:000D37F8 10040 0001:000D3800 10041 0001:000D3808
 10042 0001:000D3813 10043 0001:000D3815 10045 0001:000D3821 10047 0001:000D382D
 10048 0001:000D383A 10050 0001:000D3847 10052 0001:000D384B 10053 0001:000D3856
 10054 0001:000D3864 10055 0001:000D386F 10057 0001:000D3873 10058 0001:000D387E
 10061 0001:000D3896 10062 0001:000D38A0 10063 0001:000D38AF 10065 0001:000D38C2
 10069 0001:000D38C8 10073 0001:000D38CC 10076 0001:000D38D0 10077 0001:000D38D8
 10078 0001:000D38E0 10079 0001:000D38E8 10080 0001:000D38F3 10081 0001:000D38FE
 10082 0001:000D390C 10083 0001:000D3917 10084 0001:000D3922 10086 0001:000D393A
 10087 0001:000D3944 10088 0001:000D3953 10090 0001:000D3966 10095 0001:000D396C
 10096 0001:000D397A 10097 0001:000D3982 10098 0001:000D3987 10099 0001:000D3992
 10101 0001:000D39BA 10102 0001:000D39C4 10103 0001:000D39CE 10104 0001:000D39D7
 10105 0001:000D39DC 10106 0001:000D39EA 10108 0001:000D39EE 10110 0001:000D3A09
 10111 0001:000D3A1A 10113 0001:000D3A29 10114 0001:000D3A2C 10117 0001:000D3A45
 10118 0001:000D3A4F 10121 0001:000D3A51 10122 0001:000D3A52 10106 0001:000D3A55
 10124 0001:000D3A59 10126 0001:000D3A5D 10128 0001:000D3A6E 10129 0001:000D3A85
 10131 0001:000D3A94 10132 0001:000D3A97 10135 0001:000D3AA8 10136 0001:000D3AB2
 10139 0001:000D3AB4 10140 0001:000D3AB5 10124 0001:000D3AB8 10143 0001:000D3AC9
 10144 0001:000D3AD4 10145 0001:000D3AE5 10146 0001:000D3AF5 10149 0001:000D3B0B
 10153 0001:000D3B14 10154 0001:000D3B1A 10155 0001:000D3B23 10156 0001:000D3B2D
 10160 0001:000D3B30 10161 0001:000D3B3A 10182 0001:000D3B3C 10183 0001:000D3B42
 10185 0001:000D3B46 10186 0001:000D3B50 10188 0001:000D3B5B 10189 0001:000D3B6D
 10190 0001:000D3B70 10196 0001:000D3B74 10197 0001:000D3B7E 10198 0001:000D3B86
 10201 0001:000D3B88 10202 0001:000D3B8C 10203 0001:000D3B98 10205 0001:000D3BA7
 10206 0001:000D3BAE 10207 0001:000D3BB5 10208 0001:000D3BBF 10209 0001:000D3BC6
 10210 0001:000D3BE3 10211 0001:000D3BF6 10212 0001:000D3BFF 10213 0001:000D3C0D
 10215 0001:000D3C17 10221 0001:000D3C1C 10222 0001:000D3C39 10223 0001:000D3C40
 10224 0001:000D3C4D 10225 0001:000D3C5A 10226 0001:000D3C64 10227 0001:000D3C71
 10228 0001:000D3C77 10229 0001:000D3C88 10230 0001:000D3C98 10231 0001:000D3CA3
 10232 0001:000D3CAD 10233 0001:000D3CD1 10238 0001:000D3CD8 10239 0001:000D3CDD
 10240 0001:000D3CE4 10241 0001:000D3CEE 10242 0001:000D3CF6 10243 0001:000D3D03
 10244 0001:000D3D12 10245 0001:000D3D19 10246 0001:000D3D20 10247 0001:000D3D2A
 10248 0001:000D3D34 10249 0001:000D3D3B 10252 0001:000D3D40 10253 0001:000D3D44
 10254 0001:000D3D4B 10257 0001:000D3D57 10258 0001:000D3D65 10259 0001:000D3D6F
 10260 0001:000D3D8C 10261 0001:000D3D96 10262 0001:000D3D9F 10263 0001:000D3DAF
 10266 0001:000D3DB9 10273 0001:000D3DC0 10274 0001:000D3DC6 10275 0001:000D3DD6
 10276 0001:000D3DE9 10277 0001:000D3DFF 10275 0001:000D3E17 10278 0001:000D3E1A
 10282 0001:000D3E20 10283 0001:000D3E28 10286 0001:000D3E3B 10287 0001:000D3E42
 10288 0001:000D3E51 10289 0001:000D3E5C 10290 0001:000D3E69 10291 0001:000D3E78
 10292 0001:000D3E80 10293 0001:000D3E8B 10294 0001:000D3E96 10295 0001:000D3EA0
 10296 0001:000D3EB1 10297 0001:000D3EBC 10300 0001:000D3ECB 10303 0001:000D3ED4
 10304 0001:000D3EEB 10305 0001:000D3EF5 10307 0001:000D3F10 10308 0001:000D3F2D
 10309 0001:000D3F3B 10310 0001:000D3F45 10311 0001:000D3F4F 10312 0001:000D3F6C
 10313 0001:000D3F76 10314 0001:000D3F7F 10315 0001:000D3F8F 10316 0001:000D3F99
 10318 0001:000D3FC0 10321 0001:000D3FCC 10322 0001:000D3FCF 10323 0001:000D3FD6
 10324 0001:000D3FDD 10325 0001:000D3FE7 10326 0001:000D3FEE 10327 0001:000D3FF8
 10330 0001:000D3FFC 10331 0001:000D4006 10332 0001:000D4010 10333 0001:000D401E
 10335 0001:000D4038 10336 0001:000D4040 10337 0001:000D404B 10338 0001:000D4055
 10339 0001:000D4066 10341 0001:000D4070 10342 0001:000D407A 10343 0001:000D4089
 10344 0001:000D4094 10345 0001:000D409F 10397 0001:000D40AC 10398 0001:000D40B8
 10400 0001:000D40BC 10401 0001:000D40CA 10402 0001:000D40D2 10403 0001:000D40D8
 10407 0001:000D40F7 10408 0001:000D40FB 10409 0001:000D4111 10410 0001:000D411C
 10413 0001:000D412C 10414 0001:000D4132 10419 0001:000D413C 10420 0001:000D4146
 10421 0001:000D416A 10436 0001:000D4170 10437 0001:000D4192 10438 0001:000D41A7
 10439 0001:000D41B6 10441 0001:000D41D6 10442 0001:000D41DD 10443 0001:000D420F
 10437 0001:000D4210 10444 0001:000D4235 10447 0001:000D423C 10448 0001:000D4242
 10450 0001:000D4246 10451 0001:000D424A 10452 0001:000D4251 10454 0001:000D425A
 10455 0001:000D425C 10461 0001:000D4264 10465 0001:000D4268 10469 0001:000D426C
 10473 0001:000D4270 10474 0001:000D4275 10478 0001:000D4278 10482 0001:000D427C
 10486 0001:000D4280 10490 0001:000D4284 10495 0001:000D4288 10496 0001:000D428B
 10497 0001:000D4298 10499 0001:000D42CB 10502 0001:000D42D0 10503 0001:000D42D4
 10505 0001:000D42DF 10506 0001:000D42EA 10508 0001:000D4302 10509 0001:000D430A
 10513 0001:000D4310 10514 0001:000D4317 10517 0001:000D4318 10518 0001:000D431E
 10520 0001:000D4329 10521 0001:000D4333 10523 0001:000D434B 10524 0001:000D4352
 10528 0001:000D4358 10529 0001:000D435D 10532 0001:000D4360 10533 0001:000D4366
 10535 0001:000D436A 10536 0001:000D4371 10537 0001:000D437B 10538 0001:000D4387
 10539 0001:000D4397 10541 0001:000D43A1 10547 0001:000D43A8 10551 0001:000D43AC
 10555 0001:000D43B0 10556 0001:000D43B2 10560 0001:000D43B4 10564 0001:000D43B8
 10568 0001:000D43BC 10572 0001:000D43C0 10573 0001:000D43C2 10577 0001:000D43C4
 10578 0001:000D43C6 10584 0001:000D43C8 10585 0001:000D43CA 10608 0001:000D43CC
 10609 0001:000D43D2 10610 0001:000D43DE 10611 0001:000D43E4 10614 0001:000D43E8
 10615 0001:000D43EF 10616 0001:000D43F6 10617 0001:000D43FF 10620 0001:000D4404
 10621 0001:000D440A 10622 0001:000D4411 10623 0001:000D441B 10626 0001:000D4420
 10627 0001:000D4426 10628 0001:000D442D 10629 0001:000D443F 10633 0001:000D4444
 10635 0001:000D4447 10636 0001:000D4449 10640 0001:000D4450 10642 0001:000D4453
 10643 0001:000D445D 10648 0001:000D4464 10649 0001:000D4467 10650 0001:000D446E
 10654 0001:000D4470 10655 0001:000D4472 10659 0001:000D4474 10664 0001:000D4478
 10665 0001:000D447C 10666 0001:000D4486 10667 0001:000D4494 10670 0001:000D44A4
 10671 0001:000D44AB 10674 0001:000D44CD 10676 0001:000D44D7 10680 0001:000D44DC
 10681 0001:000D44DE 10684 0001:000D44E0 10685 0001:000D44F6 10686 0001:000D4538
 10692 0001:000D453C 10693 0001:000D455F 10696 0001:000D4568 10697 0001:000D4582
 10694 0001:000D458F 10699 0001:000D45B8 10703 0001:000D45C0 10704 0001:000D45C3
 10708 0001:000D45C4 10709 0001:000D45C7 10713 0001:000D45C8 10717 0001:000D45CC
 10718 0001:000D45CE 10722 0001:000D45D0 10723 0001:000D45D2 10727 0001:000D45D4
 10728 0001:000D45D6 10733 0001:000D45D8 10734 0001:000D45D9 10735 0001:000D45F3
 10738 0001:000D45F8 10739 0001:000D45F9 10740 0001:000D4613 10743 0001:000D4618
 10744 0001:000D4619 10745 0001:000D4633 10748 0001:000D4638 10749 0001:000D4639
 10750 0001:000D4653 10753 0001:000D4658 10754 0001:000D4659 10755 0001:000D4673
 10758 0001:000D4678 10759 0001:000D467B 10760 0001:000D4693 10761 0001:000D46A8
 10764 0001:000D46AC 10765 0001:000D46AD 10766 0001:000D46C7 10769 0001:000D46CC
 10770 0001:000D46CD 10771 0001:000D46E7 10774 0001:000D46EC 10775 0001:000D46ED
 10776 0001:000D4707 10779 0001:000D470C 10780 0001:000D470D 10781 0001:000D4727
 10784 0001:000D472C 10785 0001:000D472D 10786 0001:000D4747 10789 0001:000D474C
 10790 0001:000D474D 10791 0001:000D4767 10794 0001:000D476C 10795 0001:000D476D
 10796 0001:000D4787 10799 0001:000D478C 10800 0001:000D478D 10801 0001:000D47A7
 10804 0001:000D47AC 10805 0001:000D47AD 10806 0001:000D47C7 10809 0001:000D47CC
 10810 0001:000D47CD 10811 0001:000D47E7 10814 0001:000D47EC 10815 0001:000D47ED
 10816 0001:000D4807 10819 0001:000D480C 10820 0001:000D480D 10821 0001:000D4827
 10824 0001:000D482C 10825 0001:000D482D 10826 0001:000D4847 10829 0001:000D484C
 10830 0001:000D484D 10831 0001:000D4867 10837 0001:000D486C 10840 0001:000D4870
 10841 0001:000D4886 10842 0001:000D48BA 10846 0001:000D48C0 10847 0001:000D48D7
 10848 0001:000D48D9 10849 0001:000D490F 10853 0001:000D4918 10857 0001:000D491C
 10858 0001:000D491E 10863 0001:000D4920 10864 0001:000D4928 10865 0001:000D493A
 10867 0001:000D494D 10868 0001:000D4952 10869 0001:000D495E 10870 0001:000D4972
 10864 0001:000D4973 10871 0001:000D4976 10875 0001:000D4988 10876 0001:000D498A
 10879 0001:000D498C 10880 0001:000D498F 10881 0001:000D4996 10884 0001:000D4998
 10885 0001:000D499B 10886 0001:000D49A2 10892 0001:000D49A4 10893 0001:000D49C8
 10894 0001:000D49CD 10895 0001:000D49DB 10896 0001:000D49E2 10897 0001:000D49FA
 10898 0001:000D4A0B 10899 0001:000D4A15 10900 0001:000D4A2A 10901 0001:000D4A4F
 10903 0001:000D4A61 10904 0001:000D4A6F 10906 0001:000D4A9E 10907 0001:000D4AB3
 10899 0001:000D4AB6 10909 0001:000D4ACF 10910 0001:000D4AD5 10912 0001:000D4AE2
 10914 0001:000D4AEE 10915 0001:000D4AF6 10917 0001:000D4B1B 10921 0001:000D4B28
 10922 0001:000D4B2A 10928 0001:000D4B2C 10929 0001:000D4B30 10930 0001:000D4B35
 10931 0001:000D4B37 10932 0001:000D4B4C 10936 0001:000D4B50 10937 0001:000D4B52
 10941 0001:000D4B54 10942 0001:000D4B56 10946 0001:000D4B58 10947 0001:000D4B5A
 10951 0001:000D4B5C 10955 0001:000D4B60 10959 0001:000D4B64 10963 0001:000D4B68
 10967 0001:000D4B6C 10968 0001:000D4B6E 10979 0001:000D4B70 10985 0001:000D4CBC
 10986 0001:000D4CBF 10989 0001:000D4CC0 10990 0001:000D4CC6 10991 0001:000D4CD0
 10996 0001:000D4CD4 11000 0001:000D4CD8 11001 0001:000D4CDB 11004 0001:000D4CDC
 11005 0001:000D4CE2 11006 0001:000D4CEC 11008 0001:000D4D4C 11009 0001:000D4D66
 11010 0001:000D4D8A 11011 0001:000D4DB4

Line numbers for MidConst(midconst.pas) segment .text

   118 0001:000D997C   118 0001:000D9983

Line numbers for SqlConst(sqlconst.pas) segment .text

   191 0001:000F16E8   191 0001:000F16FB

Line numbers for VDBConsts(VDBconsts.pas) segment .text

    46 0001:00106CBC    46 0001:00106CC3

Line numbers for teste1(teste1.pas) segment .text

    45 0001:00113998    46 0001:001139BC    47 0001:001139CA    48 0001:001139E2
    50 0001:00113A1B    53 0001:00113A38    54 0001:00113A49    55 0001:00113A57
    57 0001:00113A76    59 0001:00113A92    60 0001:00113AB1    61 0001:00113ACD
    57 0001:00113ACE    62 0001:00113AD1    63 0001:00113AE2    55 0001:00113AE3
    64 0001:00113AE8    66 0001:00113B05    67 0001:00113B24    68 0001:00113B3E
    64 0001:00113B3F    69 0001:00113B44    70 0001:00113B6C    71 0001:00113B81
    72 0001:00113B9B    73 0001:00113BD9    76 0001:00113C00    79 0001:00113C77
    81 0001:00113DE0    81 0001:00113DE7

Line numbers for teste(C:\Users\suporte3\Documents\GeraPlanilhaExcel\teste1\teste.dpr) segment .text

    14 0001:00114148    15 0001:00114158    16 0001:00114164    17 0001:0011417C
    18 0001:00114188

Bound resource files

c:\program files (x86)\borland\delphi7\Lib\Buttons.res
c:\program files (x86)\borland\delphi7\Lib\ExtDlgs.res
c:\program files (x86)\borland\delphi7\Lib\Controls.res
c:\program files (x86)\borland\delphi7\Lib\DBLogDlg.dfm
c:\program files (x86)\borland\delphi7\Lib\DBPWDlg.dfm
c:\program files (x86)\borland\delphi7\Lib\DBCtrls.res
c:\program files (x86)\borland\delphi7\Lib\DBGrids.res
teste1.dfm
teste.res
teste.drf


Program entry point at 0001:00114148
